Archive member included because of file (symbol)

build/sky/contiki-ng-sky.a(uart1-putchar.o)
                              build/sky/obj/contiki-main.o (putchar)
build/sky/contiki-ng-sky.a(platform.o)
                              build/sky/obj/contiki-main.o (platform_init_stage_one)
build/sky/contiki-ng-sky.a(msp430.o)
                              build/sky/contiki-ng-sky.a(platform.o) (msp430_dco_required)
build/sky/contiki-ng-sky.a(clock.o)
                              build/sky/obj/contiki-main.o (clock_init)
build/sky/contiki-ng-sky.a(leds.o)
                              build/sky/contiki-ng-sky.a(platform.o) (leds_init)
build/sky/contiki-ng-sky.a(leds-arch.o)
                              build/sky/contiki-ng-sky.a(leds.o) (leds_arch_init)
build/sky/contiki-ng-sky.a(watchdog.o)
                              build/sky/obj/contiki-main.o (watchdog_start)
build/sky/contiki-ng-sky.a(rpl-border-rout)
                              build/sky/obj/contiki-main.o (rpl_border_router_init)
build/sky/contiki-ng-sky.a(log.o)
                              build/sky/obj/contiki-main.o (log_6addr)
build/sky/contiki-ng-sky.a(autostart.o)
                              build/sky/obj/contiki-main.o (autostart_start)
build/sky/contiki-ng-sky.a(energest.o)
                              build/sky/obj/contiki-main.o (energest_init)
build/sky/contiki-ng-sky.a(etimer.o)
                              build/sky/contiki-ng-sky.a(clock.o) (etimer_request_poll)
build/sky/contiki-ng-sky.a(node-id.o)
                              build/sky/obj/contiki-main.o (node_id_init)
build/sky/contiki-ng-sky.a(ctimer.o)
                              build/sky/obj/contiki-main.o (ctimer_init)
build/sky/contiki-ng-sky.a(rtimer.o)
                              build/sky/obj/contiki-main.o (rtimer_init)
build/sky/contiki-ng-sky.a(process.o)
                              build/sky/contiki-ng-sky.a(etimer.o) (process_current)
build/sky/contiki-ng-sky.a(timer.o)
                              build/sky/contiki-ng-sky.a(platform.o) (timer_set)
build/sky/contiki-ng-sky.a(list.o)
                              build/sky/contiki-ng-sky.a(ctimer.o) (list_init)
build/sky/contiki-ng-sky.a(random.o)
                              build/sky/contiki-ng-sky.a(platform.o) (random_init)
build/sky/contiki-ng-sky.a(queuebuf.o)
                              build/sky/obj/contiki-main.o (queuebuf_init)
build/sky/contiki-ng-sky.a(packetbuf.o)
                              build/sky/contiki-ng-sky.a(queuebuf.o) (packetbuf_copyto)
build/sky/contiki-ng-sky.a(netstack.o)
                              build/sky/obj/contiki-main.o (netstack_init)
build/sky/contiki-ng-sky.a(linkaddr.o)
                              build/sky/contiki-ng-sky.a(platform.o) (linkaddr_copy)
build/sky/contiki-ng-sky.a(csma.o)
                              build/sky/obj/contiki-main.o (csma_driver)
build/sky/contiki-ng-sky.a(csma-output.o)
                              build/sky/contiki-ng-sky.a(csma.o) (csma_output_packet)
build/sky/contiki-ng-sky.a(uip-ds6.o)
                              build/sky/contiki-ng-sky.a(rpl-border-rout) (uip_ds6_if)
build/sky/contiki-ng-sky.a(tcpip.o)
                              build/sky/obj/contiki-main.o (tcpip_process)
build/sky/contiki-ng-sky.a(uip-ds6-route.o)
                              build/sky/contiki-ng-sky.a(uip-ds6.o) (uip_ds6_route_init)
build/sky/contiki-ng-sky.a(uip6.o)
                              build/sky/contiki-ng-sky.a(tcpip.o) (uip_aligned_buf)
build/sky/contiki-ng-sky.a(uip-ds6-nbr.o)
                              build/sky/contiki-ng-sky.a(uip-ds6.o) (uip_ds6_neighbors_init)
build/sky/contiki-ng-sky.a(uip-nd6.o)
                              build/sky/contiki-ng-sky.a(uip6.o) (uip_nd6_init)
build/sky/contiki-ng-sky.a(sicslowpan.o)
                              build/sky/obj/contiki-main.o (sicslowpan_driver)
build/sky/contiki-ng-sky.a(uiplib.o)
                              build/sky/contiki-ng-sky.a(log.o) (uiplib_ipaddr_snprint)
build/sky/contiki-ng-sky.a(rpl.o)
                              build/sky/obj/contiki-main.o (rpl_classic_driver)
build/sky/contiki-ng-sky.a(rpl-dag-root.o)
                              build/sky/contiki-ng-sky.a(rpl.o) (rpl_dag_root_set_prefix)
build/sky/contiki-ng-sky.a(slip-bridge.o)
                              build/sky/contiki-ng-sky.a(tcpip.o) (rpl_interface)
build/sky/contiki-ng-sky.a(border-router-e)
                              build/sky/contiki-ng-sky.a(rpl-border-rout) (border_router_process)
build/sky/contiki-ng-sky.a(contiki-sky-pla)
                              build/sky/contiki-ng-sky.a(platform.o) (init_platform)
build/sky/contiki-ng-sky.a(button-sensor.o)
                              build/sky/contiki-ng-sky.a(border-router-e) (button_sensor)
build/sky/contiki-ng-sky.a(ds2411.o)
                              build/sky/contiki-ng-sky.a(platform.o) (ds2411_init)
build/sky/contiki-ng-sky.a(xmem.o)
                              build/sky/contiki-ng-sky.a(platform.o) (xmem_init)
[...]
Memory Configuration

Name             Origin             Length             Attributes
sfr              0x00000000         0x00000010
peripheral_8bit  0x00000010         0x000000f0
peripheral_16bit 0x00000100         0x00000100
ram_mirror       0x00000200         0x00000800         xw
infomem          0x00001000         0x00000100
infob            0x00001000         0x00000080
infoa            0x00001080         0x00000080
ram              0x00001100         0x00002800         xw
rom              0x00004000         0x0000bfe0         xr
vectors          0x0000ffe0         0x00000020
bsl              0x00000000         0x00000000
infoc            0x00000000         0x00000000
infod            0x00000000         0x00000000
ram2             0x00000000         0x00000000         xw
usbram           0x00000000         0x00000000         xw
far_rom          0x00000000         0x00000000
*default*        0x00000000         0xffffffff

Linker script and memory map

LOAD /usr/local/bin/../lib/gcc/msp430/4.7.2/mmpy-16/crt0ivtbl16.o
                0x00002b48                _stack = _end
LOAD border-router.o
LOAD build/sky/obj/contiki-main.o
LOAD build/sky/contiki-ng-sky.a
LOAD /usr/local/bin/../lib/gcc/msp430/4.7.2/mmpy-16/libgcc.a
LOAD /usr/local/bin/../lib/gcc/msp430/4.7.2/../../../../msp430/lib/mmpy-16/libc.a
LOAD /usr/local/bin/../lib/gcc/msp430/4.7.2/mmpy-16/libgcc.a
LOAD /usr/local/bin/../lib/gcc/msp430/4.7.2/mmpy-16/libcrt0.a
                0x00000080                PROVIDE (__info_segment_size, 0x80)
                0x00001000                PROVIDE (__infob, 0x1000)
                0x00001080                PROVIDE (__infoa, 0x1080)
                0x00000000                __IE1 = 0x0
                0x00000002                __IFG1 = 0x2
                0x00000004                __ME1 = 0x4
                0x00000001                __IE2 = 0x1
                0x00000003                __IFG2 = 0x3
                0x00000005                __ME2 = 0x5
                0x00000120                __WDTCTL = 0x120
                0x00000130                __MPY = 0x130
                0x00000132                __MPYS = 0x132
                0x00000134                __MAC = 0x134
                0x00000136                __MACS = 0x136
                0x00000138                __OP2 = 0x138
                0x0000013a                __RESLO = 0x13a
                0x0000013c                __RESHI = 0x13c
                0x0000013e                __SUMEXT = 0x13e
                0x00000020                __P1IN = 0x20
                0x00000021                __P1OUT = 0x21
                0x00000022                __P1DIR = 0x22
                0x00000023                __P1IFG = 0x23
                0x00000024                __P1IES = 0x24
                0x00000025                __P1IE = 0x25
                0x00000026                __P1SEL = 0x26
                0x00000028                __P2IN = 0x28
                0x00000029                __P2OUT = 0x29
                0x0000002a                __P2DIR = 0x2a
                0x0000002b                __P2IFG = 0x2b
                0x0000002c                __P2IES = 0x2c
                0x0000002d                __P2IE = 0x2d
                0x0000002e                __P2SEL = 0x2e
                0x00000018                __P3IN = 0x18
                0x00000019                __P3OUT = 0x19
                0x0000001a                __P3DIR = 0x1a
                0x0000001b                __P3SEL = 0x1b
                0x0000001c                __P4IN = 0x1c
                0x0000001d                __P4OUT = 0x1d
                0x0000001e                __P4DIR = 0x1e
                0x0000001f                __P4SEL = 0x1f
                0x00000030                __P5IN = 0x30
                0x00000031                __P5OUT = 0x31
                0x00000032                __P5DIR = 0x32
                0x00000033                __P5SEL = 0x33
                0x00000034                __P6IN = 0x34
                0x00000035                __P6OUT = 0x35
                0x00000036                __P6DIR = 0x36
                0x00000037                __P6SEL = 0x37
                0x00000070                __U0CTL = 0x70
                0x00000071                __U0TCTL = 0x71
                0x00000072                __U0RCTL = 0x72
                0x00000073                __U0MCTL = 0x73
                0x00000074                __U0BR0 = 0x74
                0x00000075                __U0BR1 = 0x75
                0x00000076                __U0RXBUF = 0x76
                0x00000077                __U0TXBUF = 0x77
                0x00000078                __U1CTL = 0x78
                0x00000079                __U1TCTL = 0x79
                0x0000007a                __U1RCTL = 0x7a
                0x0000007b                __U1MCTL = 0x7b
                0x0000007c                __U1BR0 = 0x7c
                0x0000007d                __U1BR1 = 0x7d
                0x0000007e                __U1RXBUF = 0x7e
                0x0000007f                __U1TXBUF = 0x7f
                0x00000050                __I2CIE = 0x50
                0x00000051                __I2CIFG = 0x51
                0x00000052                __I2CNDAT = 0x52
                0x00000071                __I2CTCTL = 0x71
                0x00000072                __I2CDCTL = 0x72
                0x00000073                __I2CPSC = 0x73
                0x00000074                __I2CSCLH = 0x74
                0x00000075                __I2CSCLL = 0x75
                0x00000076                __I2CDRB = 0x76
                0x00000076                __I2CDRW = 0x76
                0x00000118                __I2COA = 0x118
                0x0000011a                __I2CSA = 0x11a
                0x0000011c                __I2CIV = 0x11c
                0x0000012e                __TAIV = 0x12e
                0x00000160                __TACTL = 0x160
                0x00000162                __TACCTL0 = 0x162
                0x00000164                __TACCTL1 = 0x164
                0x00000166                __TACCTL2 = 0x166
                0x00000170                __TAR = 0x170
                0x00000172                __TACCR0 = 0x172
                0x00000174                __TACCR1 = 0x174
                0x00000176                __TACCR2 = 0x176
                0x0000011e                __TBIV = 0x11e
                0x00000180                __TBCTL = 0x180
                0x00000182                __TBCCTL0 = 0x182
                0x00000184                __TBCCTL1 = 0x184
                0x00000186                __TBCCTL2 = 0x186
                0x00000188                __TBCCTL3 = 0x188
                0x0000018a                __TBCCTL4 = 0x18a
                0x0000018c                __TBCCTL5 = 0x18c
                0x0000018e                __TBCCTL6 = 0x18e
                0x00000190                __TBR = 0x190
                0x00000192                __TBCCR0 = 0x192
                0x00000194                __TBCCR1 = 0x194
                0x00000196                __TBCCR2 = 0x196
                0x00000198                __TBCCR3 = 0x198
                0x0000019a                __TBCCR4 = 0x19a
                0x0000019c                __TBCCR5 = 0x19c
                0x0000019e                __TBCCR6 = 0x19e
                0x00000056                __DCOCTL = 0x56
                0x00000057                __BCSCTL1 = 0x57
                0x00000058                __BCSCTL2 = 0x58
                0x00000055                __SVSCTL = 0x55
                0x00000128                __FCTL1 = 0x128
                0x0000012a                __FCTL2 = 0x12a
                0x0000012c                __FCTL3 = 0x12c
                0x00000059                __CACTL1 = 0x59
                0x0000005a                __CACTL2 = 0x5a
                0x0000005b                __CAPD = 0x5b
                0x000001a0                __ADC12CTL0 = 0x1a0
                0x000001a2                __ADC12CTL1 = 0x1a2
                0x000001a4                __ADC12IFG = 0x1a4
                0x000001a6                __ADC12IE = 0x1a6
                0x000001a8                __ADC12IV = 0x1a8
                0x00000140                __ADC12MEM0 = 0x140
                0x00000142                __ADC12MEM1 = 0x142
                0x00000144                __ADC12MEM2 = 0x144
                0x00000146                __ADC12MEM3 = 0x146
                0x00000148                __ADC12MEM4 = 0x148
                0x0000014a                __ADC12MEM5 = 0x14a
                0x0000014c                __ADC12MEM6 = 0x14c
                0x0000014e                __ADC12MEM7 = 0x14e
                0x00000150                __ADC12MEM8 = 0x150
                0x00000152                __ADC12MEM9 = 0x152
                0x00000154                __ADC12MEM10 = 0x154
                0x00000156                __ADC12MEM11 = 0x156
                0x00000158                __ADC12MEM12 = 0x158
                0x0000015a                __ADC12MEM13 = 0x15a
                0x0000015c                __ADC12MEM14 = 0x15c
                0x0000015e                __ADC12MEM15 = 0x15e
                0x00000080                __ADC12MCTL0 = 0x80
                0x00000081                __ADC12MCTL1 = 0x81
                0x00000082                __ADC12MCTL2 = 0x82
                0x00000083                __ADC12MCTL3 = 0x83
                0x00000084                __ADC12MCTL4 = 0x84
                0x00000085                __ADC12MCTL5 = 0x85
                0x00000086                __ADC12MCTL6 = 0x86
                0x00000087                __ADC12MCTL7 = 0x87
                0x00000088                __ADC12MCTL8 = 0x88
                0x00000089                __ADC12MCTL9 = 0x89
                0x0000008a                __ADC12MCTL10 = 0x8a
                0x0000008b                __ADC12MCTL11 = 0x8b
                0x0000008c                __ADC12MCTL12 = 0x8c
                0x0000008d                __ADC12MCTL13 = 0x8d
                0x0000008e                __ADC12MCTL14 = 0x8e
                0x0000008f                __ADC12MCTL15 = 0x8f
                0x000001c0                __DAC12_0CTL = 0x1c0
                0x000001c2                __DAC12_1CTL = 0x1c2
                0x000001c8                __DAC12_0DAT = 0x1c8
                0x000001ca                __DAC12_1DAT = 0x1ca
                0x00000122                __DMACTL0 = 0x122
                0x00000124                __DMACTL1 = 0x124
                0x000001e0                __DMA0CTL = 0x1e0
                0x000001e8                __DMA1CTL = 0x1e8
                0x000001f0                __DMA2CTL = 0x1f0
                0x000001e2                __DMA0SA = 0x1e2
                0x000001e4                __DMA0DA = 0x1e4
                0x000001e6                __DMA0SZ = 0x1e6
                0x000001ea                __DMA1SA = 0x1ea
                0x000001ec                __DMA1DA = 0x1ec
                0x000001ee                __DMA1SZ = 0x1ee
                0x000001f2                __DMA2SA = 0x1f2
                0x000001f4                __DMA2DA = 0x1f4
                0x000001f6                __DMA2SZ = 0x1f6

.hash
 *(.hash)

.dynsym
 *(.dynsym)

.dynstr
 *(.dynstr)

.gnu.version
 *(.gnu.version)

.gnu.version_d
 *(.gnu.version_d)

.gnu.version_r
 *(.gnu.version_r)

.rel.init
 *(.rel.init)

.rela.init
 *(.rela.init)

.rel.fini
 *(.rel.fini)

.rela.fini
 *(.rela.fini)

.rel.text
 *(.rel.text .rel.text.* .rel.gnu.linkonce.t.*)

.rela.text
 *(.rela.text .rela.text.* .rela.gnu.linkonce.t.*)

.rel.rodata
 *(.rel.rodata .rel.rodata.* .rel.gnu.linkonce.r.*)

.rela.rodata
 *(.rela.rodata .rela.rodata.* .rela.gnu.linkonce.r.*)

.rel.data
 *(.rel.data .rel.data.* .rel.gnu.linkonce.d.*)

.rela.data
 *(.rela.data .rela.data.* .rela.gnu.linkonce.d.*)

.rel.bss
 *(.rel.bss .rel.bss.* .rel.gnu.linkonce.b.*)

.rela.bss
 *(.rela.bss .rela.bss.* .rela.gnu.linkonce.b.*)

.rel.ctors
 *(.rel.ctors)

.rela.ctors
 *(.rela.ctors)

.rel.dtors
 *(.rel.dtors)

.rela.dtors
 *(.rela.dtors)

.rel.got
 *(.rel.got)

.rela.got
 *(.rela.got)

.rel.plt
 *(.rel.plt)

.rela.plt
 *(.rela.plt)

.text           0x00004000     0xaf0a
                0x00004000                . = ALIGN (0x2)
 *(.init .init.*)
 *(.init0)
 .init0         0x00004000        0x0 /usr/local/bin/../lib/gcc/msp430/4.7.2/mmpy-16/libcrt0.a(_reset_vector__.o)
                0x00004000                _reset_vector__
 *(.init1)
 .init1         0x00004000        0xc /usr/local/bin/../lib/gcc/msp430/4.7.2/mmpy-16/libcrt0.a(__watchdog_support.o)
                0x00004000                __watchdog_support
 *(.init2)
 .init2         0x0000400c        0x4 /usr/local/bin/../lib/gcc/msp430/4.7.2/mmpy-16/libcrt0.a(__init_stack.o)
                0x0000400c                __init_stack
 *(.init3)
 .init3         0x00004010        0x0 /usr/local/bin/../lib/gcc/msp430/4.7.2/mmpy-16/libcrt0.a(__low_level_init.o)
                0x00004010                __low_level_init
 *(.init4)
 .init4         0x00004010       0x18 /usr/local/bin/../lib/gcc/msp430/4.7.2/mmpy-16/libcrt0.a(_copy_data.o)
                0x00004010                __do_copy_data
 .init4         0x00004028       0x16 /usr/local/bin/../lib/gcc/msp430/4.7.2/mmpy-16/libcrt0.a(_clear_bss.o)
                0x00004028                __do_clear_bss
 *(.init5)
 *(.init6)
 *(.init7)
 *(.init8)
 *(.init9)
 .init9         0x0000403e      0x232 build/sky/obj/contiki-main.o
                0x0000403e                main
 *(.fini9)
 .fini9         0x00004270        0x0 /usr/local/bin/../lib/gcc/msp430/4.7.2/mmpy-16/libcrt0.a(__stop_progExec__.o)
                0x00004270                __stop_progExec__
 *(.fini8)
 *(.fini7)
 *(.fini6)
 *(.fini5)
 *(.fini4)
 *(.fini3)
 *(.fini2)
 *(.fini1)
 *(.fini0)
 .fini0         0x00004270        0x6 /usr/local/bin/../lib/gcc/msp430/4.7.2/mmpy-16/libcrt0.a(_endless_loop__.o)
                0x00004270                _endless_loop__
 *(.fini .fini.*)
                0x00004276                . = ALIGN (0x2)
                0x00004276                __ctors_start = .
 *(.ctors)
                0x00004276                __ctors_end = .
                0x00004276                __dtors_start = .
 *(.dtors)
                0x00004276                __dtors_end = .
                0x00004276                . = ALIGN (0x2)
 *(.text .text.* .gnu.linkonce.t.*)
 .text          0x00004276        0x4 /usr/local/bin/../lib/gcc/msp430/4.7.2/mmpy-16/crt0ivtbl16.o
                0x00004276                __isr_14
                0x00004276                __isr_11
                0x00004276                __isr_2
                0x00004276                __isr_7
                0x00004276                __isr_0
                0x00004276                __isr_8
                0x00004276                __isr_3
                0x00004276                __isr_12
                0x00004276                __isr_13
                0x00004276                __isr_9
 .text.process_thread_contiki_ng_br
                0x0000427a       0x32 border-router.o
 .text.putchar  0x000042ac       0x3c build/sky/contiki-ng-sky.a(uart1-putchar.o)
                0x000042ac                putchar
 .text.platform_init_stage_one
                0x000042e8       0x12 build/sky/contiki-ng-sky.a(platform.o)
                0x000042e8                platform_init_stage_one
 .text.platform_init_stage_two
                0x000042fa       0x64 build/sky/contiki-ng-sky.a(platform.o)
                0x000042fa                platform_init_stage_two
 .text.platform_init_stage_three
                0x0000435e       0x7a build/sky/contiki-ng-sky.a(platform.o)
                0x0000435e                platform_init_stage_three
 .text.platform_idle
                0x000043d8       0x54 build/sky/contiki-ng-sky.a(platform.o)
                0x000043d8                platform_idle
 .text.msp430_init_dco
                0x0000442c       0x82 build/sky/contiki-ng-sky.a(msp430.o)
                0x0000442c                msp430_init_dco
 .text.msp430_add_lpm_req
                0x000044ae        0xc build/sky/contiki-ng-sky.a(msp430.o)
                0x000044ae                msp430_add_lpm_req
 .text.msp430_cpu_init
                0x000044ba       0x2a build/sky/contiki-ng-sky.a(msp430.o)
                0x000044ba                msp430_cpu_init
 .text.splhigh_
                0x000044e4        0x8 build/sky/contiki-ng-sky.a(msp430.o)
                0x000044e4                splhigh_
 .text.msp430_sync_dco
                0x000044ec       0x6c build/sky/contiki-ng-sky.a(msp430.o)
                0x000044ec                msp430_sync_dco
 .text.timera1  0x00004558       0xdc build/sky/contiki-ng-sky.a(clock.o)
                0x00004558                __isr_5
                0x00004558                timera1
 .text.clock_time
                0x00004634       0x1a build/sky/contiki-ng-sky.a(clock.o)
                0x00004634                clock_time
 .text.clock_init
                0x0000464e       0x28 build/sky/contiki-ng-sky.a(clock.o)
                0x0000464e                clock_init
 .text.clock_delay
                0x00004676        0xc build/sky/contiki-ng-sky.a(clock.o)
                0x00004676                clock_delay
 .text.clock_seconds
                0x00004682       0x1a build/sky/contiki-ng-sky.a(clock.o)
                0x00004682                clock_seconds
 .text.leds_init
                0x0000469c        0x6 build/sky/contiki-ng-sky.a(leds.o)
                0x0000469c                leds_init
 .text.leds_on  0x000046a2       0x12 build/sky/contiki-ng-sky.a(leds.o)
                0x000046a2                leds_on
 .text.leds_off
                0x000046b4       0x12 build/sky/contiki-ng-sky.a(leds.o)
                0x000046b4                leds_off
 .text.leds_arch_init
                0x000046c6        0xe build/sky/contiki-ng-sky.a(leds-arch.o)
                0x000046c6                leds_arch_init
 .text.leds_arch_get
                0x000046d4       0x34 build/sky/contiki-ng-sky.a(leds-arch.o)
                0x000046d4                leds_arch_get
 .text.leds_arch_set
                0x00004708       0x3e build/sky/contiki-ng-sky.a(leds-arch.o)
                0x00004708                leds_arch_set
 .text.watchdog_interrupt
                0x00004746        0x6 build/sky/contiki-ng-sky.a(watchdog.o)
                0x00004746                __isr_10
                0x00004746                watchdog_interrupt
 .text.watchdog_start
                0x0000474c       0x14 build/sky/contiki-ng-sky.a(watchdog.o)
                0x0000474c                watchdog_start
 .text.watchdog_periodic
                0x00004760       0x12 build/sky/contiki-ng-sky.a(watchdog.o)
                0x00004760                watchdog_periodic
 .text.watchdog_stop
                0x00004772       0x16 build/sky/contiki-ng-sky.a(watchdog.o)
                0x00004772                watchdog_stop
 .text.watchdog_init
                0x00004788       0x12 build/sky/contiki-ng-sky.a(watchdog.o)
                0x00004788                watchdog_init
 .text.print_local_addresses
                0x0000479a       0x8e build/sky/contiki-ng-sky.a(rpl-border-rout)
                0x0000479a                print_local_addresses
 .text.set_prefix_64
                0x00004828       0x16 build/sky/contiki-ng-sky.a(rpl-border-rout)
                0x00004828                set_prefix_64
 .text.rpl_border_router_init
                0x0000483e        0xc build/sky/contiki-ng-sky.a(rpl-border-rout)
                0x0000483e                rpl_border_router_init
 .text.log_6addr
                0x0000484a       0x32 build/sky/contiki-ng-sky.a(log.o)
                0x0000484a                log_6addr
 .text.log_lladdr
                0x0000487c       0x44 build/sky/contiki-ng-sky.a(log.o)
                0x0000487c                log_lladdr
 .text.autostart_start
                0x000048c0       0x16 build/sky/contiki-ng-sky.a(autostart.o)
                0x000048c0                autostart_start
 .text.energest_init
                0x000048d6        0x2 build/sky/contiki-ng-sky.a(energest.o)
                0x000048d6                energest_init
 .text.energest_flush
                0x000048d8        0x2 build/sky/contiki-ng-sky.a(energest.o)
                0x000048d8                energest_flush
 .text.update_time
                0x000048da       0x78 build/sky/contiki-ng-sky.a(etimer.o)
 .text.etimer_request_poll
                0x00004952        0xa build/sky/contiki-ng-sky.a(etimer.o)
                0x00004952                etimer_request_poll
 .text.process_thread_etimer_process
                0x0000495c       0xcc build/sky/contiki-ng-sky.a(etimer.o)
 .text.add_timer
                0x00004a28       0x40 build/sky/contiki-ng-sky.a(etimer.o)
 .text.etimer_set
                0x00004a68       0x12 build/sky/contiki-ng-sky.a(etimer.o)
                0x00004a68                etimer_set
 .text.etimer_reset
                0x00004a7a       0x12 build/sky/contiki-ng-sky.a(etimer.o)
                0x00004a7a                etimer_reset
 .text.etimer_expired
                0x00004a8c        0xe build/sky/contiki-ng-sky.a(etimer.o)
                0x00004a8c                etimer_expired
 .text.etimer_expiration_time
                0x00004a9a       0x14 build/sky/contiki-ng-sky.a(etimer.o)
                0x00004a9a                etimer_expiration_time
 .text.etimer_pending
                0x00004aae        0xc build/sky/contiki-ng-sky.a(etimer.o)
                0x00004aae                etimer_pending
 .text.etimer_next_expiration_time
                0x00004aba       0x16 build/sky/contiki-ng-sky.a(etimer.o)
                0x00004aba                etimer_next_expiration_time
 .text.etimer_stop
                0x00004ad0       0x3e build/sky/contiki-ng-sky.a(etimer.o)
                0x00004ad0                etimer_stop
 .text.node_id_init
                0x00004b0e       0x14 build/sky/contiki-ng-sky.a(node-id.o)
                0x00004b0e                node_id_init
 .text.process_thread_ctimer_process
                0x00004b22       0xa8 build/sky/contiki-ng-sky.a(ctimer.o)
 .text.ctimer_init
                0x00004bca       0x18 build/sky/contiki-ng-sky.a(ctimer.o)
                0x00004bca                ctimer_init
 .text.ctimer_set_with_process
                0x00004be2       0x4e build/sky/contiki-ng-sky.a(ctimer.o)
                0x00004be2                ctimer_set_with_process
 .text.ctimer_set
                0x00004c30       0x10 build/sky/contiki-ng-sky.a(ctimer.o)
                0x00004c30                ctimer_set
 .text.ctimer_reset
                0x00004c40       0x30 build/sky/contiki-ng-sky.a(ctimer.o)
                0x00004c40                ctimer_reset
 .text.ctimer_stop
                0x00004c70       0x28 build/sky/contiki-ng-sky.a(ctimer.o)
                0x00004c70                ctimer_stop
 .text.rtimer_init
                0x00004c98        0x6 build/sky/contiki-ng-sky.a(rtimer.o)
                0x00004c98                rtimer_init
 .text.rtimer_run_next
                0x00004c9e       0x26 build/sky/contiki-ng-sky.a(rtimer.o)
                0x00004c9e                rtimer_run_next
 .text.call_process
                0x00004cc4       0x46 build/sky/contiki-ng-sky.a(process.o)
 .text.exit_process
                0x00004d0a       0x96 build/sky/contiki-ng-sky.a(process.o)
 .text.do_poll  0x00004da0       0x30 build/sky/contiki-ng-sky.a(process.o)
 .text.process_alloc_event
                0x00004dd0        0xe build/sky/contiki-ng-sky.a(process.o)
                0x00004dd0                process_alloc_event
 .text.process_init
                0x00004dde       0x18 build/sky/contiki-ng-sky.a(process.o)
                0x00004dde                process_init
 .text.process_run
                0x00004df6       0x92 build/sky/contiki-ng-sky.a(process.o)
                0x00004df6                process_run
 .text.process_nevents
                0x00004e88        0xe build/sky/contiki-ng-sky.a(process.o)
                0x00004e88                process_nevents
 .text.process_post
                0x00004e96       0x42 build/sky/contiki-ng-sky.a(process.o)
                0x00004e96                process_post
 .text.process_post_synch
                0x00004ed8       0x12 build/sky/contiki-ng-sky.a(process.o)
                0x00004ed8                process_post_synch
 .text.process_start
                0x00004eea       0x36 build/sky/contiki-ng-sky.a(process.o)
                0x00004eea                process_start
 .text.process_poll
                0x00004f20       0x18 build/sky/contiki-ng-sky.a(process.o)
                0x00004f20                process_poll
 .text.timer_set
                0x00004f38       0x1c build/sky/contiki-ng-sky.a(timer.o)
                0x00004f38                timer_set
 .text.timer_expired
                0x00004f54       0x2a build/sky/contiki-ng-sky.a(timer.o)
                0x00004f54                timer_expired
 .text.timer_reset
                0x00004f7e       0x1c build/sky/contiki-ng-sky.a(timer.o)
                0x00004f7e                timer_reset
 .text.list_init
                0x00004f9a        0x6 build/sky/contiki-ng-sky.a(list.o)
                0x00004f9a                list_init
 .text.list_head
                0x00004fa0        0x4 build/sky/contiki-ng-sky.a(list.o)
                0x00004fa0                list_head
 .text.list_tail
                0x00004fa4       0x12 build/sky/contiki-ng-sky.a(list.o)
                0x00004fa4                list_tail
 .text.list_remove
                0x00004fb6       0x34 build/sky/contiki-ng-sky.a(list.o)
                0x00004fb6                list_remove
 .text.list_push
                0x00004fea       0x1a build/sky/contiki-ng-sky.a(list.o)
                0x00004fea                list_push
 .text.list_add
                0x00005004       0x2a build/sky/contiki-ng-sky.a(list.o)
                0x00005004                list_add
 .text.list_length
                0x0000502e       0x10 build/sky/contiki-ng-sky.a(list.o)
                0x0000502e                list_length
 .text.list_item_next
                0x0000503e        0xc build/sky/contiki-ng-sky.a(list.o)
                0x0000503e                list_item_next
 .text.random_init
                0x0000504a        0x6 build/sky/contiki-ng-sky.a(random.o)
                0x0000504a                random_init
 .text.random_rand
                0x00005050        0x6 build/sky/contiki-ng-sky.a(random.o)
                0x00005050                random_rand
 .text.queuebuf_init
                0x00005056       0x12 build/sky/contiki-ng-sky.a(queuebuf.o)
                0x00005056                queuebuf_init
 .text.queuebuf_numfree
                0x00005068        0xa build/sky/contiki-ng-sky.a(queuebuf.o)
                0x00005068                queuebuf_numfree
 .text.queuebuf_new_from_packetbuf
                0x00005072       0x52 build/sky/contiki-ng-sky.a(queuebuf.o)
                0x00005072                queuebuf_new_from_packetbuf
 .text.queuebuf_update_attr_from_packetbuf
                0x000050c4       0x12 build/sky/contiki-ng-sky.a(queuebuf.o)
                0x000050c4                queuebuf_update_attr_from_packetbuf
 .text.queuebuf_free
                0x000050d6       0x2a build/sky/contiki-ng-sky.a(queuebuf.o)
                0x000050d6                queuebuf_free
 .text.queuebuf_to_packetbuf
                0x00005100       0x32 build/sky/contiki-ng-sky.a(queuebuf.o)
                0x00005100                queuebuf_to_packetbuf
 .text.packetbuf_hdrreduce
                0x00005132       0x1a build/sky/contiki-ng-sky.a(packetbuf.o)
                0x00005132                packetbuf_hdrreduce
 .text.packetbuf_set_datalen
                0x0000514c        0x6 build/sky/contiki-ng-sky.a(packetbuf.o)
                0x0000514c                packetbuf_set_datalen
 .text.packetbuf_hdrptr
                0x00005152        0x6 build/sky/contiki-ng-sky.a(packetbuf.o)
                0x00005152                packetbuf_hdrptr
 .text.packetbuf_datalen
                0x00005158        0x6 build/sky/contiki-ng-sky.a(packetbuf.o)
                0x00005158                packetbuf_datalen
 .text.packetbuf_hdrlen
                0x0000515e        0xa build/sky/contiki-ng-sky.a(packetbuf.o)
                0x0000515e                packetbuf_hdrlen
 .text.packetbuf_dataptr
                0x00005168        0xc build/sky/contiki-ng-sky.a(packetbuf.o)
                0x00005168                packetbuf_dataptr
 .text.packetbuf_copyto
                0x00005174       0x46 build/sky/contiki-ng-sky.a(packetbuf.o)
                0x00005174                packetbuf_copyto
 .text.packetbuf_totlen
                0x000051ba        0xc build/sky/contiki-ng-sky.a(packetbuf.o)
                0x000051ba                packetbuf_totlen
 .text.packetbuf_hdralloc
                0x000051c6       0x3c build/sky/contiki-ng-sky.a(packetbuf.o)
                0x000051c6                packetbuf_hdralloc
 .text.packetbuf_attr_clear
                0x00005202       0x28 build/sky/contiki-ng-sky.a(packetbuf.o)
                0x00005202                packetbuf_attr_clear
 .text.packetbuf_clear
                0x0000522a       0x12 build/sky/contiki-ng-sky.a(packetbuf.o)
                0x0000522a                packetbuf_clear
 .text.packetbuf_copyfrom
                0x0000523c       0x2e build/sky/contiki-ng-sky.a(packetbuf.o)
                0x0000523c                packetbuf_copyfrom
 .text.packetbuf_attr_copyto
                0x0000526a       0x22 build/sky/contiki-ng-sky.a(packetbuf.o)
                0x0000526a                packetbuf_attr_copyto
 .text.packetbuf_attr_copyfrom
                0x0000528c       0x24 build/sky/contiki-ng-sky.a(packetbuf.o)
                0x0000528c                packetbuf_attr_copyfrom
 .text.packetbuf_set_attr
                0x000052b0        0xc build/sky/contiki-ng-sky.a(packetbuf.o)
                0x000052b0                packetbuf_set_attr
 .text.packetbuf_attr
                0x000052bc        0xa build/sky/contiki-ng-sky.a(packetbuf.o)
                0x000052bc                packetbuf_attr
 .text.packetbuf_set_addr
                0x000052c6       0x18 build/sky/contiki-ng-sky.a(packetbuf.o)
                0x000052c6                packetbuf_set_addr
 .text.packetbuf_addr
                0x000052de       0x12 build/sky/contiki-ng-sky.a(packetbuf.o)
                0x000052de                packetbuf_addr
 .text.packetbuf_holds_broadcast
                0x000052f0        0xe build/sky/contiki-ng-sky.a(packetbuf.o)
                0x000052f0                packetbuf_holds_broadcast
 .text.netstack_process_ip_callback
                0x000052fe       0x4e build/sky/contiki-ng-sky.a(netstack.o)
                0x000052fe                netstack_process_ip_callback
 .text.netstack_init
                0x0000534c        0xe build/sky/contiki-ng-sky.a(netstack.o)
                0x0000534c                netstack_init
 .text.linkaddr_copy
                0x0000535a        0x8 build/sky/contiki-ng-sky.a(linkaddr.o)
                0x0000535a                linkaddr_copy
 .text.linkaddr_cmp
                0x00005362       0x12 build/sky/contiki-ng-sky.a(linkaddr.o)
                0x00005362                linkaddr_cmp
 .text.linkaddr_set_node_addr
                0x00005374        0xc build/sky/contiki-ng-sky.a(linkaddr.o)
                0x00005374                linkaddr_set_node_addr
 .text.on       0x00005380        0x6 build/sky/contiki-ng-sky.a(csma.o)
 .text.off      0x00005386        0x6 build/sky/contiki-ng-sky.a(csma.o)
 .text.max_payload
                0x0000538c       0x38 build/sky/contiki-ng-sky.a(csma.o)
 .text.send_packet
                0x000053c4        0x6 build/sky/contiki-ng-sky.a(csma.o)
 .text.init     0x000053ca       0x1c build/sky/contiki-ng-sky.a(csma.o)
 .text.input_packet
                0x000053e6       0x58 build/sky/contiki-ng-sky.a(csma.o)
 .text.schedule_transmission
                0x0000543e       0x70 build/sky/contiki-ng-sky.a(csma-output.o)
 .text.tx_done  0x000054ae       0x9a build/sky/contiki-ng-sky.a(csma-output.o)
 .text.transmit_from_queue
                0x00005548      0x1bc build/sky/contiki-ng-sky.a(csma-output.o)
 .text.csma_output_packet
                0x00005704      0x184 build/sky/contiki-ng-sky.a(csma-output.o)
                0x00005704                csma_output_packet
 .text.csma_output_init
                0x00005888       0x1a build/sky/contiki-ng-sky.a(csma-output.o)
                0x00005888                csma_output_init
 .text.uip_ds6_default_prefix
                0x000058a2        0x6 build/sky/contiki-ng-sky.a(uip-ds6.o)
                0x000058a2                uip_ds6_default_prefix
 .text.uip_ds6_list_loop
                0x000058a8       0x92 build/sky/contiki-ng-sky.a(uip-ds6.o)
                0x000058a8                uip_ds6_list_loop
 .text.uip_ds6_prefix_add
                0x0000593a       0x80 build/sky/contiki-ng-sky.a(uip-ds6.o)
                0x0000593a                uip_ds6_prefix_add
 .text.uip_ds6_is_addr_onlink
                0x000059ba       0x54 build/sky/contiki-ng-sky.a(uip-ds6.o)
                0x000059ba                uip_ds6_is_addr_onlink
 .text.uip_ds6_addr_lookup
                0x00005a0e       0x2a build/sky/contiki-ng-sky.a(uip-ds6.o)
                0x00005a0e                uip_ds6_addr_lookup
 .text.uip_ds6_get_link_local
                0x00005a38       0x3e build/sky/contiki-ng-sky.a(uip-ds6.o)
                0x00005a38                uip_ds6_get_link_local
 .text.uip_ds6_maddr_add
                0x00005a76       0x4c build/sky/contiki-ng-sky.a(uip-ds6.o)
                0x00005a76                uip_ds6_maddr_add
 .text.uip_ds6_addr_add
                0x00005ac2       0xc4 build/sky/contiki-ng-sky.a(uip-ds6.o)
                0x00005ac2                uip_ds6_addr_add
 .text.uip_ds6_maddr_rm
                0x00005b86        0xa build/sky/contiki-ng-sky.a(uip-ds6.o)
                0x00005b86                uip_ds6_maddr_rm
 .text.uip_ds6_maddr_lookup
                0x00005b90       0x2a build/sky/contiki-ng-sky.a(uip-ds6.o)
                0x00005b90                uip_ds6_maddr_lookup
 .text.uip_ds6_addr_rm
                0x00005bba       0x54 build/sky/contiki-ng-sky.a(uip-ds6.o)
                0x00005bba                uip_ds6_addr_rm
 .text.uip_ds6_periodic
                0x00005c0e       0x46 build/sky/contiki-ng-sky.a(uip-ds6.o)
                0x00005c0e                uip_ds6_periodic
 .text.uip_ds6_set_addr_iid
                0x00005c54       0x14 build/sky/contiki-ng-sky.a(uip-ds6.o)
                0x00005c54                uip_ds6_set_addr_iid
 .text.uip_ds6_set_lladdr_from_iid
                0x00005c68       0x14 build/sky/contiki-ng-sky.a(uip-ds6.o)
                0x00005c68                uip_ds6_set_lladdr_from_iid
 .text.get_match_length
                0x00005c7c       0x44 build/sky/contiki-ng-sky.a(uip-ds6.o)
                0x00005c7c                get_match_length
 .text.uip_ds6_select_src
                0x00005cc0       0xaa build/sky/contiki-ng-sky.a(uip-ds6.o)
                0x00005cc0                uip_ds6_select_src
 .text.uip_ds6_compute_reachable_time
                0x00005d6a       0x3e build/sky/contiki-ng-sky.a(uip-ds6.o)
                0x00005d6a                uip_ds6_compute_reachable_time
 .text.uip_ds6_init
                0x00005da8      0x164 build/sky/contiki-ng-sky.a(uip-ds6.o)
                0x00005da8                uip_ds6_init
 .text.tcpip_output
                0x00005f0c       0x22 build/sky/contiki-ng-sky.a(tcpip.o)
                0x00005f0c                tcpip_output
 .text.tcpip_input
                0x00005f2e       0x1e build/sky/contiki-ng-sky.a(tcpip.o)
                0x00005f2e                tcpip_input
 .text.tcpip_ipv6_output
                0x00005f4c      0x136 build/sky/contiki-ng-sky.a(tcpip.o)
                0x00005f4c                tcpip_ipv6_output
 .text.packet_input.part.3
                0x00006082       0x12 build/sky/contiki-ng-sky.a(tcpip.o)
 .text.process_thread_tcpip_process
                0x00006094       0xd0 build/sky/contiki-ng-sky.a(tcpip.o)
 .text.tcpip_uipcall
                0x00006164       0x2a build/sky/contiki-ng-sky.a(tcpip.o)
                0x00006164                tcpip_uipcall
 .text.call_route_callback
                0x0000618e       0x4c build/sky/contiki-ng-sky.a(uip-ds6-route.o)
 .text.uip_ds6_route_init
                0x000061da       0x36 build/sky/contiki-ng-sky.a(uip-ds6-route.o)
                0x000061da                uip_ds6_route_init
 .text.uip_ds6_route_nexthop
                0x00006210       0x1a build/sky/contiki-ng-sky.a(uip-ds6-route.o)
                0x00006210                uip_ds6_route_nexthop
 .text.uip_ds6_route_head
                0x0000622a        0xa build/sky/contiki-ng-sky.a(uip-ds6-route.o)
                0x0000622a                uip_ds6_route_head
 .text.uip_ds6_route_next
                0x00006234        0xe build/sky/contiki-ng-sky.a(uip-ds6-route.o)
                0x00006234                uip_ds6_route_next
 .text.uip_ds6_route_is_nexthop
                0x00006242       0x22 build/sky/contiki-ng-sky.a(uip-ds6-route.o)
                0x00006242                uip_ds6_route_is_nexthop
 .text.uip_ds6_route_lookup
                0x00006264       0x94 build/sky/contiki-ng-sky.a(uip-ds6-route.o)
                0x00006264                uip_ds6_route_lookup
 .text.uip_ds6_route_rm
                0x000062f8       0x9a build/sky/contiki-ng-sky.a(uip-ds6-route.o)
                0x000062f8                uip_ds6_route_rm
 .text.rm_routelist
                0x00006392       0x34 build/sky/contiki-ng-sky.a(uip-ds6-route.o)
 .text.rm_routelist_callback
                0x000063c6        0x6 build/sky/contiki-ng-sky.a(uip-ds6-route.o)
 .text.uip_ds6_route_add
                0x000063cc      0x118 build/sky/contiki-ng-sky.a(uip-ds6-route.o)
                0x000063cc                uip_ds6_route_add
 .text.uip_ds6_defrt_rm
                0x000064e4       0x48 build/sky/contiki-ng-sky.a(uip-ds6-route.o)
                0x000064e4                uip_ds6_defrt_rm
 .text.uip_ds6_defrt_lookup
                0x0000652c       0x40 build/sky/contiki-ng-sky.a(uip-ds6-route.o)
                0x0000652c                uip_ds6_defrt_lookup
 .text.uip_ds6_defrt_add
                0x0000656c       0x7c build/sky/contiki-ng-sky.a(uip-ds6-route.o)
                0x0000656c                uip_ds6_defrt_add
 .text.uip_ds6_defrt_choose
                0x000065e8       0x3a build/sky/contiki-ng-sky.a(uip-ds6-route.o)
                0x000065e8                uip_ds6_defrt_choose
 .text.uip_ds6_defrt_periodic
                0x00006622       0x38 build/sky/contiki-ng-sky.a(uip-ds6-route.o)
                0x00006622                uip_ds6_defrt_periodic
 .text.chksum   0x0000665a       0x32 build/sky/contiki-ng-sky.a(uip6.o)
 .text.upper_layer_chksum
                0x0000668c       0x58 build/sky/contiki-ng-sky.a(uip6.o)
 .text.ext_hdr_options_process
                0x000066e4       0xa4 build/sky/contiki-ng-sky.a(uip6.o)
 .text.uip_check_mtu
                0x00006788       0x1e build/sky/contiki-ng-sky.a(uip6.o)
 .text.uip_update_ttl
                0x000067a6       0x24 build/sky/contiki-ng-sky.a(uip6.o)
 .text.uip_icmp6chksum
                0x000067ca        0xa build/sky/contiki-ng-sky.a(uip6.o)
                0x000067ca                uip_icmp6chksum
 .text.uip_udpchksum
                0x000067d4        0xa build/sky/contiki-ng-sky.a(uip6.o)
                0x000067d4                uip_udpchksum
 .text.uip_init
                0x000067de       0x3c build/sky/contiki-ng-sky.a(uip6.o)
                0x000067de                uip_init
 .text.uip_remove_ext_hdr
                0x0000681a       0x5e build/sky/contiki-ng-sky.a(uip6.o)
                0x0000681a                uip_remove_ext_hdr
 .text.uip_process
                0x00006878      0x4be build/sky/contiki-ng-sky.a(uip6.o)
                0x00006878                uip_process
 .text.uip_htonl
                0x00006d36       0x2e build/sky/contiki-ng-sky.a(uip6.o)
                0x00006d36                uip_htonl
 .text.uip_ds6_nbr_rm
                0x00006d64       0x1e build/sky/contiki-ng-sky.a(uip-ds6-nbr.o)
                0x00006d64                uip_ds6_nbr_rm
 .text.uip_ds6_neighbors_init
                0x00006d82       0x12 build/sky/contiki-ng-sky.a(uip-ds6-nbr.o)
                0x00006d82                uip_ds6_neighbors_init
 .text.uip_ds6_nbr_add
                0x00006d94       0x3e build/sky/contiki-ng-sky.a(uip-ds6-nbr.o)
                0x00006d94                uip_ds6_nbr_add
 .text.uip_ds6_nbr_get_ll
                0x00006dd2        0xc build/sky/contiki-ng-sky.a(uip-ds6-nbr.o)
                0x00006dd2                uip_ds6_nbr_get_ll
 .text.uip_ds6_nbr_head
                0x00006dde        0xa build/sky/contiki-ng-sky.a(uip-ds6-nbr.o)
                0x00006dde                uip_ds6_nbr_head
 .text.uip_ds6_nbr_next
                0x00006de8        0xc build/sky/contiki-ng-sky.a(uip-ds6-nbr.o)
                0x00006de8                uip_ds6_nbr_next
 .text.uip_ds6_nbr_lookup
                0x00006df4       0x3a build/sky/contiki-ng-sky.a(uip-ds6-nbr.o)
                0x00006df4                uip_ds6_nbr_lookup
 .text.uip_ds6_nbr_ll_lookup
                0x00006e2e        0xc build/sky/contiki-ng-sky.a(uip-ds6-nbr.o)
                0x00006e2e                uip_ds6_nbr_ll_lookup
 .text.uip_ds6_nbr_update_ll
                0x00006e3a       0x76 build/sky/contiki-ng-sky.a(uip-ds6-nbr.o)
                0x00006e3a                uip_ds6_nbr_update_ll
 .text.uip_ds6_nbr_ipaddr_from_lladdr
                0x00006eb0        0x6 build/sky/contiki-ng-sky.a(uip-ds6-nbr.o)
                0x00006eb0                uip_ds6_nbr_ipaddr_from_lladdr
 .text.uip_ds6_nbr_lladdr_from_ipaddr
                0x00006eb6       0x12 build/sky/contiki-ng-sky.a(uip-ds6-nbr.o)
                0x00006eb6                uip_ds6_nbr_lladdr_from_ipaddr
 .text.uip_ds6_link_callback
                0x00006ec8        0x2 build/sky/contiki-ng-sky.a(uip-ds6-nbr.o)
                0x00006ec8                uip_ds6_link_callback
 .text.ns_input
                0x00006eca      0x286 build/sky/contiki-ng-sky.a(uip-nd6.o)
 .text.uip_nd6_init
                0x00007150        0xa build/sky/contiki-ng-sky.a(uip-nd6.o)
                0x00007150                uip_nd6_init
 .text.clear_fragments
                0x0000715a       0x40 build/sky/contiki-ng-sky.a(sicslowpan.o)
 .text.addr_context_lookup_by_number
                0x0000719a       0x16 build/sky/contiki-ng-sky.a(sicslowpan.o)
 .text.sicslowpan_init
                0x000071b0       0x18 build/sky/contiki-ng-sky.a(sicslowpan.o)
                0x000071b0                sicslowpan_init
 .text.set_packet_attrs
                0x000071c8       0x66 build/sky/contiki-ng-sky.a(sicslowpan.o)
 .text.compress_addr_64
                0x0000722e       0xae build/sky/contiki-ng-sky.a(sicslowpan.o)
 .text.addr_context_lookup_by_prefix
                0x000072dc       0x20 build/sky/contiki-ng-sky.a(sicslowpan.o)
 .text.send_packet
                0x000072fc       0x1a build/sky/contiki-ng-sky.a(sicslowpan.o)
 .text.fragment_copy_payload_and_send
                0x00007316       0x66 build/sky/contiki-ng-sky.a(sicslowpan.o)
 .text.output   0x0000737c      0x7c6 build/sky/contiki-ng-sky.a(sicslowpan.o)
 .text.packet_sent
                0x00007b42       0x56 build/sky/contiki-ng-sky.a(sicslowpan.o)
 .text.store_fragment
                0x00007b98       0xb4 build/sky/contiki-ng-sky.a(sicslowpan.o)
 .text.add_fragment
                0x00007c4c      0x1fc build/sky/contiki-ng-sky.a(sicslowpan.o)
 .text.uncompress_addr
                0x00007e48       0xb4 build/sky/contiki-ng-sky.a(sicslowpan.o)
 .text.input    0x00007efc      0x8b0 build/sky/contiki-ng-sky.a(sicslowpan.o)
 .text.uiplib_ipaddr_snprint
                0x000087ac      0x12c build/sky/contiki-ng-sky.a(uiplib.o)
                0x000087ac                uiplib_ipaddr_snprint
 .text.leave_network
                0x000088d8        0x2 build/sky/contiki-ng-sky.a(rpl.o)
 .text.rpl_is_in_leaf_mode
                0x000088da        0x4 build/sky/contiki-ng-sky.a(rpl.o)
                0x000088da                rpl_is_in_leaf_mode
 .text.drop_route
                0x000088de       0x1a build/sky/contiki-ng-sky.a(rpl.o)
 .text.global_repair
                0x000088f8       0x1a build/sky/contiki-ng-sky.a(rpl.o)
 .text.get_root_ipaddr
                0x00008912       0x26 build/sky/contiki-ng-sky.a(rpl.o)
 .text.local_repair
                0x00008938       0x12 build/sky/contiki-ng-sky.a(rpl.o)
 .text.get_sr_node_ipaddr
                0x0000894a       0x34 build/sky/contiki-ng-sky.a(rpl.o)
 .text.init     0x0000897e       0x44 build/sky/contiki-ng-sky.a(rpl.o)
 .text.rpl_ipv6_neighbor_callback
                0x000089c2       0x1e build/sky/contiki-ng-sky.a(rpl.o)
                0x000089c2                rpl_ipv6_neighbor_callback
 .text.rpl_link_callback
                0x000089e0       0x5a build/sky/contiki-ng-sky.a(rpl.o)
                0x000089e0                rpl_link_callback
 .text.rpl_get_mode
                0x00008a3a        0x6 build/sky/contiki-ng-sky.a(rpl.o)
                0x00008a3a                rpl_get_mode
 .text.rpl_purge_routes
                0x00008a40       0x94 build/sky/contiki-ng-sky.a(rpl.o)
                0x00008a40                rpl_purge_routes
 .text.rpl_remove_routes
                0x00008ad4       0x22 build/sky/contiki-ng-sky.a(rpl.o)
                0x00008ad4                rpl_remove_routes
 .text.rpl_remove_routes_by_nexthop
                0x00008af6       0x46 build/sky/contiki-ng-sky.a(rpl.o)
                0x00008af6                rpl_remove_routes_by_nexthop
 .text.rpl_add_route
                0x00008b3c       0x5c build/sky/contiki-ng-sky.a(rpl.o)
                0x00008b3c                rpl_add_route
 .text.rpl_purge_dags
                0x00008b98       0x70 build/sky/contiki-ng-sky.a(rpl.o)
                0x00008b98                rpl_purge_dags
 .text.rpl_dag_root_set_prefix
                0x00008c08       0x62 build/sky/contiki-ng-sky.a(rpl-dag-root.o)
                0x00008c08                rpl_dag_root_set_prefix
 .text.rpl_dag_root_start
                0x00008c6a       0xe2 build/sky/contiki-ng-sky.a(rpl-dag-root.o)
                0x00008c6a                rpl_dag_root_start
 .text.rpl_dag_root_is_root
                0x00008d4c       0x24 build/sky/contiki-ng-sky.a(rpl-dag-root.o)
                0x00008d4c                rpl_dag_root_is_root
 .text.output   0x00008d70       0x1c build/sky/contiki-ng-sky.a(slip-bridge.o)
 .text.init     0x00008d8c       0x18 build/sky/contiki-ng-sky.a(slip-bridge.o)
 .text.slip_input_callback
                0x00008da4       0xb2 build/sky/contiki-ng-sky.a(slip-bridge.o)
 .text.request_prefix
                0x00008e56       0x20 build/sky/contiki-ng-sky.a(slip-bridge.o)
                0x00008e56                request_prefix
 .text.process_thread_border_router_process
                0x00008e76      0x10e build/sky/contiki-ng-sky.a(border-router-e)
 .text.init_platform
                0x00008f84        0xc build/sky/contiki-ng-sky.a(contiki-sky-pla)
                0x00008f84                init_platform
 .text.status   0x00008f90       0x18 build/sky/contiki-ng-sky.a(button-sensor.o)
 .text.value    0x00008fa8       0x20 build/sky/contiki-ng-sky.a(button-sensor.o)
 .text.configure
                0x00008fc8       0x4c build/sky/contiki-ng-sky.a(button-sensor.o)
 .text.irq_p2   0x00009014       0x46 build/sky/contiki-ng-sky.a(button-sensor.o)
                0x00009014                irq_p2
                0x00009014                __isr_1
 .text.owreadb  0x0000905a       0x50 build/sky/contiki-ng-sky.a(ds2411.o)
 .text.ds2411_init
                0x000090aa      0x120 build/sky/contiki-ng-sky.a(ds2411.o)
                0x000090aa                ds2411_init
 .text.xmem_init
                0x000091ca       0x3c build/sky/contiki-ng-sky.a(xmem.o)
                0x000091ca                xmem_init
 .text.process_thread_sensors_process
                0x00009206       0xc2 build/sky/contiki-ng-sky.a(sensors.o)
 .text.sensors_changed
                0x000092c8       0x2a build/sky/contiki-ng-sky.a(sensors.o)
                0x000092c8                sensors_changed
 .text.get_object
                0x000092f2        0x4 build/sky/contiki-ng-sky.a(cc2420.o)
 .text.set_object
                0x000092f6        0x4 build/sky/contiki-ng-sky.a(cc2420.o)
 .text.strobe   0x000092fa       0x1c build/sky/contiki-ng-sky.a(cc2420.o)
 .text.getreg   0x00009316       0x4c build/sky/contiki-ng-sky.a(cc2420.o)
 .text.setreg   0x00009362       0x4c build/sky/contiki-ng-sky.a(cc2420.o)
 .text.write_ram
                0x000093ae       0x7c build/sky/contiki-ng-sky.a(cc2420.o)
 .text.write_fifo_buf
                0x0000942a       0x3c build/sky/contiki-ng-sky.a(cc2420.o)
 .text.get_status
                0x00009466       0x20 build/sky/contiki-ng-sky.a(cc2420.o)
 .text.on       0x00009486       0x1a build/sky/contiki-ng-sky.a(cc2420.o)
 .text.cc2420_receiving_packet
                0x000094a0        0xc build/sky/contiki-ng-sky.a(cc2420.o)
 .text.pending_packet
                0x000094ac        0x8 build/sky/contiki-ng-sky.a(cc2420.o)
 .text.wait_for_transmission
                0x000094b4       0x22 build/sky/contiki-ng-sky.a(cc2420.o)
 .text.wait_for_status
                0x000094d6       0x28 build/sky/contiki-ng-sky.a(cc2420.o)
 .text.getrxdata
                0x000094fe       0x50 build/sky/contiki-ng-sky.a(cc2420.o)
 .text.flushrx  0x0000954e       0x1a build/sky/contiki-ng-sky.a(cc2420.o)
 .text.off      0x00009568       0x28 build/sky/contiki-ng-sky.a(cc2420.o)
 .text.RELEASE_LOCK
                0x00009590       0x28 build/sky/contiki-ng-sky.a(cc2420.o)
 .text.set_key  0x000095b8       0x18 build/sky/contiki-ng-sky.a(cc2420.o)
 .text.set_frame_filtering
                0x000095d0       0x30 build/sky/contiki-ng-sky.a(cc2420.o)
 .text.set_auto_ack
                0x00009600       0x30 build/sky/contiki-ng-sky.a(cc2420.o)
 .text.set_poll_mode
                0x00009630       0x2c build/sky/contiki-ng-sky.a(cc2420.o)
 .text.cc2420_prepare
                0x0000965c       0x46 build/sky/contiki-ng-sky.a(cc2420.o)
 .text.cc2420_on
                0x000096a2       0x22 build/sky/contiki-ng-sky.a(cc2420.o)
                0x000096a2                cc2420_on
 .text.cc2420_transmit
                0x000096c4       0x66 build/sky/contiki-ng-sky.a(cc2420.o)
 .text.cc2420_send
                0x0000972a       0x12 build/sky/contiki-ng-sky.a(cc2420.o)
 .text.cc2420_off
                0x0000973c       0x30 build/sky/contiki-ng-sky.a(cc2420.o)
                0x0000973c                cc2420_off
 .text.cc2420_cca
                0x0000976c       0x68 build/sky/contiki-ng-sky.a(cc2420.o)
 .text.cc2420_read
                0x000097d4       0xbe build/sky/contiki-ng-sky.a(cc2420.o)
 .text.process_thread_cc2420_process
                0x00009892       0x62 build/sky/contiki-ng-sky.a(cc2420.o)
 .text.encrypt  0x000098f4       0x88 build/sky/contiki-ng-sky.a(cc2420.o)
 .text.cc2420_set_channel
                0x0000997c       0x3c build/sky/contiki-ng-sky.a(cc2420.o)
                0x0000997c                cc2420_set_channel
 .text.cc2420_set_pan_addr
                0x000099b8       0x4c build/sky/contiki-ng-sky.a(cc2420.o)
                0x000099b8                cc2420_set_pan_addr
 .text.cc2420_interrupt
                0x00009a04       0x16 build/sky/contiki-ng-sky.a(cc2420.o)
                0x00009a04                cc2420_interrupt
 .text.cc2420_set_txpower
                0x00009a1a       0x2c build/sky/contiki-ng-sky.a(cc2420.o)
                0x00009a1a                cc2420_set_txpower
 .text.cc2420_get_txpower
                0x00009a46       0x1e build/sky/contiki-ng-sky.a(cc2420.o)
                0x00009a46                cc2420_get_txpower
 .text.cc2420_rssi
                0x00009a64       0x4c build/sky/contiki-ng-sky.a(cc2420.o)
                0x00009a64                cc2420_rssi
 .text.get_value
                0x00009ab0      0x11e build/sky/contiki-ng-sky.a(cc2420.o)
 .text.cc2420_set_cca_threshold
                0x00009bce       0x16 build/sky/contiki-ng-sky.a(cc2420.o)
                0x00009bce                cc2420_set_cca_threshold
 .text.set_value
                0x00009be4      0x150 build/sky/contiki-ng-sky.a(cc2420.o)
 .text.cc2420_init
                0x00009d34       0xea build/sky/contiki-ng-sky.a(cc2420.o)
                0x00009d34                cc2420_init
 .text.cc2420_port1_interrupt
                0x00009e1e       0x20 build/sky/contiki-ng-sky.a(cc2420-arch.o)
                0x00009e1e                __isr_4
                0x00009e1e                cc2420_port1_interrupt
 .text.cc2420_arch_init
                0x00009e3e       0x1a build/sky/contiki-ng-sky.a(cc2420-arch.o)
                0x00009e3e                cc2420_arch_init
 .text.handle_rxdma_timer
                0x00009e58       0x3a build/sky/contiki-ng-sky.a(uart1.o)
 .text.uart1_active
                0x00009e92       0x18 build/sky/contiki-ng-sky.a(uart1.o)
                0x00009e92                uart1_active
 .text.uart1_set_input
                0x00009eaa       0x20 build/sky/contiki-ng-sky.a(uart1.o)
                0x00009eaa                uart1_set_input
 .text.uart1_writeb
                0x00009eca       0x18 build/sky/contiki-ng-sky.a(uart1.o)
                0x00009eca                uart1_writeb
 .text.uart1_init
                0x00009ee2       0xf4 build/sky/contiki-ng-sky.a(uart1.o)
                0x00009ee2                uart1_init
 .text.slip_arch_writeb
                0x00009fd6        0x6 build/sky/contiki-ng-sky.a(slip_uart1.o)
                0x00009fd6                slip_arch_writeb
 .text.slip_arch_init
                0x00009fdc        0xa build/sky/contiki-ng-sky.a(slip_uart1.o)
                0x00009fdc                slip_arch_init
 .text.process_thread_slip_process
                0x00009fe6      0x1c2 build/sky/contiki-ng-sky.a(slip.o)
 .text.slip_set_input_callback
                0x0000a1a8        0x6 build/sky/contiki-ng-sky.a(slip.o)
                0x0000a1a8                slip_set_input_callback
 .text.slip_write
                0x0000a1ae       0x58 build/sky/contiki-ng-sky.a(slip.o)
                0x0000a1ae                slip_write
 .text.slip_send
                0x0000a206        0xe build/sky/contiki-ng-sky.a(slip.o)
                0x0000a206                slip_send
 .text.slip_input_byte
                0x0000a214       0x96 build/sky/contiki-ng-sky.a(slip.o)
                0x0000a214                slip_input_byte
 .text.timera0  0x0000a2aa       0x2e build/sky/contiki-ng-sky.a(rtimer-arch.o)
                0x0000a2aa                __isr_6
                0x0000a2aa                timera0
 .text.rtimer_arch_init
                0x0000a2d8        0xe build/sky/contiki-ng-sky.a(rtimer-arch.o)
                0x0000a2d8                rtimer_arch_init
 .text.rtimer_arch_now
                0x0000a2e6        0xe build/sky/contiki-ng-sky.a(rtimer-arch.o)
                0x0000a2e6                rtimer_arch_now
 .text.rtimer_arch_schedule
                0x0000a2f4        0x6 build/sky/contiki-ng-sky.a(rtimer-arch.o)
                0x0000a2f4                rtimer_arch_schedule
 .text.stimer_set
                0x0000a2fa       0x1c build/sky/contiki-ng-sky.a(stimer.o)
                0x0000a2fa                stimer_set
 .text.stimer_expired
                0x0000a316       0x30 build/sky/contiki-ng-sky.a(stimer.o)
                0x0000a316                stimer_expired
 .text.memb_init
                0x0000a346       0x36 build/sky/contiki-ng-sky.a(memb.o)
                0x0000a346                memb_init
 .text.memb_alloc
                0x0000a37c       0x3e build/sky/contiki-ng-sky.a(memb.o)
                0x0000a37c                memb_alloc
 .text.memb_free
                0x0000a3ba       0x32 build/sky/contiki-ng-sky.a(memb.o)
                0x0000a3ba                memb_free
 .text.memb_inmemb
                0x0000a3ec       0x2a build/sky/contiki-ng-sky.a(memb.o)
                0x0000a3ec                memb_inmemb
 .text.memb_numfree
                0x0000a416       0x26 build/sky/contiki-ng-sky.a(memb.o)
                0x0000a416                memb_numfree
 .text.item_from_index
                0x0000a43c       0x2a build/sky/contiki-ng-sky.a(nbr-table.o)
 .text.index_from_key
                0x0000a466       0x26 build/sky/contiki-ng-sky.a(nbr-table.o)
 .text.index_from_item
                0x0000a48c       0x1e build/sky/contiki-ng-sky.a(nbr-table.o)
 .text.nbr_set_bit
                0x0000a4aa       0x58 build/sky/contiki-ng-sky.a(nbr-table.o)
 .text.index_from_lladdr
                0x0000a502       0x42 build/sky/contiki-ng-sky.a(nbr-table.o)
 .text.nbr_get_bit.constprop.0
                0x0000a544       0x2e build/sky/contiki-ng-sky.a(nbr-table.o)
 .text.nbr_table_is_registered
                0x0000a572       0x22 build/sky/contiki-ng-sky.a(nbr-table.o)
                0x0000a572                nbr_table_is_registered
 .text.nbr_table_register
                0x0000a594       0x40 build/sky/contiki-ng-sky.a(nbr-table.o)
                0x0000a594                nbr_table_register
 .text.nbr_table_next
                0x0000a5d4       0x54 build/sky/contiki-ng-sky.a(nbr-table.o)
                0x0000a5d4                nbr_table_next
 .text.nbr_table_head
                0x0000a628       0x3a build/sky/contiki-ng-sky.a(nbr-table.o)
                0x0000a628                nbr_table_head
 .text.nbr_table_add_lladdr
                0x0000a662      0x168 build/sky/contiki-ng-sky.a(nbr-table.o)
                0x0000a662                nbr_table_add_lladdr
 .text.nbr_table_get_from_lladdr
                0x0000a7ca       0x2c build/sky/contiki-ng-sky.a(nbr-table.o)
                0x0000a7ca                nbr_table_get_from_lladdr
 .text.nbr_table_remove
                0x0000a7f6       0x32 build/sky/contiki-ng-sky.a(nbr-table.o)
                0x0000a7f6                nbr_table_remove
 .text.nbr_table_lock
                0x0000a828       0x10 build/sky/contiki-ng-sky.a(nbr-table.o)
                0x0000a828                nbr_table_lock
 .text.nbr_table_unlock
                0x0000a838       0x10 build/sky/contiki-ng-sky.a(nbr-table.o)
                0x0000a838                nbr_table_unlock
 .text.nbr_table_get_lladdr
                0x0000a848       0x22 build/sky/contiki-ng-sky.a(nbr-table.o)
                0x0000a848                nbr_table_get_lladdr
 .text.periodic
                0x0000a86a       0x28 build/sky/contiki-ng-sky.a(link-stats.o)
 .text.link_stats_from_lladdr
                0x0000a892        0xc build/sky/contiki-ng-sky.a(link-stats.o)
                0x0000a892                link_stats_from_lladdr
 .text.link_stats_is_fresh
                0x0000a89e       0x30 build/sky/contiki-ng-sky.a(link-stats.o)
                0x0000a89e                link_stats_is_fresh
 .text.guess_etx_from_rssi
                0x0000a8ce       0x42 build/sky/contiki-ng-sky.a(link-stats.o)
                0x0000a8ce                guess_etx_from_rssi
 .text.link_stats_packet_sent
                0x0000a910       0xda build/sky/contiki-ng-sky.a(link-stats.o)
                0x0000a910                link_stats_packet_sent
 .text.link_stats_input_callback
                0x0000a9ea       0xb4 build/sky/contiki-ng-sky.a(link-stats.o)
                0x0000a9ea                link_stats_input_callback
 .text.link_stats_init
                0x0000aa9e       0x22 build/sky/contiki-ng-sky.a(link-stats.o)
                0x0000aa9e                link_stats_init
 .text.mac_sequence_is_duplicate
                0x0000aac0       0x84 build/sky/contiki-ng-sky.a(mac-sequence.o)
                0x0000aac0                mac_sequence_is_duplicate
 .text.mac_sequence_register_seqno
                0x0000ab44       0x90 build/sky/contiki-ng-sky.a(mac-sequence.o)
                0x0000ab44                mac_sequence_register_seqno
 .text.mac_call_sent_callback
                0x0000abd4       0x14 build/sky/contiki-ng-sky.a(mac.o)
                0x0000abd4                mac_call_sent_callback
 .text.parse    0x0000abe8       0xa0 build/sky/contiki-ng-sky.a(framer-802154.o)
 .text.framer_802154_setup_params
                0x0000ac88       0xb8 build/sky/contiki-ng-sky.a(framer-802154.o)
                0x0000ac88                framer_802154_setup_params
 .text.create_frame
                0x0000ad40       0xde build/sky/contiki-ng-sky.a(framer-802154.o)
 .text.create   0x0000ae1e        0x8 build/sky/contiki-ng-sky.a(framer-802154.o)
 .text.hdr_length
                0x0000ae26        0x8 build/sky/contiki-ng-sky.a(framer-802154.o)
 .text.frame802154_get_pan_id
                0x0000ae2e        0x6 build/sky/contiki-ng-sky.a(frame802154.o)
                0x0000ae2e                frame802154_get_pan_id
 .text.frame802154_has_panid
                0x0000ae34       0xe0 build/sky/contiki-ng-sky.a(frame802154.o)
                0x0000ae34                frame802154_has_panid
 .text.field_len
                0x0000af14       0xac build/sky/contiki-ng-sky.a(frame802154.o)
 .text.frame802154_is_broadcast_addr
                0x0000afc0       0x28 build/sky/contiki-ng-sky.a(frame802154.o)
                0x0000afc0                frame802154_is_broadcast_addr
 .text.frame802154_hdrlen
                0x0000afe8       0x32 build/sky/contiki-ng-sky.a(frame802154.o)
                0x0000afe8                frame802154_hdrlen
 .text.frame802154_create_fcf
                0x0000b01a       0x96 build/sky/contiki-ng-sky.a(frame802154.o)
                0x0000b01a                frame802154_create_fcf
 .text.frame802154_create
                0x0000b0b0       0xe4 build/sky/contiki-ng-sky.a(frame802154.o)
                0x0000b0b0                frame802154_create
 .text.frame802154_parse_fcf
                0x0000b194       0xbc build/sky/contiki-ng-sky.a(frame802154.o)
                0x0000b194                frame802154_parse_fcf
 .text.frame802154_parse
                0x0000b250      0x168 build/sky/contiki-ng-sky.a(frame802154.o)
                0x0000b250                frame802154_parse
 .text.csma_security_create_frame
                0x0000b3b8       0x10 build/sky/contiki-ng-sky.a(csma-security.o)
                0x0000b3b8                csma_security_create_frame
 .text.csma_security_parse_frame
                0x0000b3c8        0x6 build/sky/contiki-ng-sky.a(csma-security.o)
                0x0000b3c8                csma_security_parse_frame
 .text.uipbuf_add_ext_hdr
                0x0000b3ce       0x1c build/sky/contiki-ng-sky.a(uipbuf.o)
                0x0000b3ce                uipbuf_add_ext_hdr
 .text.uipbuf_set_len
                0x0000b3ea       0x12 build/sky/contiki-ng-sky.a(uipbuf.o)
                0x0000b3ea                uipbuf_set_len
 .text.uipbuf_set_len_field
                0x0000b3fc        0xe build/sky/contiki-ng-sky.a(uipbuf.o)
                0x0000b3fc                uipbuf_set_len_field
 .text.uipbuf_get_len_field
                0x0000b40a        0xe build/sky/contiki-ng-sky.a(uipbuf.o)
                0x0000b40a                uipbuf_get_len_field
 .text.uipbuf_get_next_header
                0x0000b418       0x62 build/sky/contiki-ng-sky.a(uipbuf.o)
                0x0000b418                uipbuf_get_next_header
 .text.uipbuf_get_last_header
                0x0000b47a       0x3e build/sky/contiki-ng-sky.a(uipbuf.o)
                0x0000b47a                uipbuf_get_last_header
 .text.uipbuf_get_attr
                0x0000b4b8       0x14 build/sky/contiki-ng-sky.a(uipbuf.o)
                0x0000b4b8                uipbuf_get_attr
 .text.uipbuf_clear_attr
                0x0000b4cc       0x12 build/sky/contiki-ng-sky.a(uipbuf.o)
                0x0000b4cc                uipbuf_clear_attr
 .text.uipbuf_clear
                0x0000b4de       0x12 build/sky/contiki-ng-sky.a(uipbuf.o)
                0x0000b4de                uipbuf_clear
 .text.uipbuf_init
                0x0000b4f0       0x1a build/sky/contiki-ng-sky.a(uipbuf.o)
                0x0000b4f0                uipbuf_init
 .text.echo_reply_input
                0x0000b50a       0x68 build/sky/contiki-ng-sky.a(uip-icmp6.o)
 .text.echo_request_input
                0x0000b572       0x86 build/sky/contiki-ng-sky.a(uip-icmp6.o)
 .text.uip_icmp6_input
                0x0000b5f8       0x48 build/sky/contiki-ng-sky.a(uip-icmp6.o)
                0x0000b5f8                uip_icmp6_input
 .text.uip_icmp6_register_input_handler
                0x0000b640        0xc build/sky/contiki-ng-sky.a(uip-icmp6.o)
                0x0000b640                uip_icmp6_register_input_handler
 .text.uip_icmp6_error_output
                0x0000b64c      0x146 build/sky/contiki-ng-sky.a(uip-icmp6.o)
                0x0000b64c                uip_icmp6_error_output
 .text.uip_icmp6_send
                0x0000b792       0x94 build/sky/contiki-ng-sky.a(uip-icmp6.o)
                0x0000b792                uip_icmp6_send
 .text.uip_icmp6_init
                0x0000b826       0x12 build/sky/contiki-ng-sky.a(uip-icmp6.o)
                0x0000b826                uip_icmp6_init
 .text.get32    0x0000b838       0x46 build/sky/contiki-ng-sky.a(rpl-icmp6.o)
 .text.set32    0x0000b87e       0x2a build/sky/contiki-ng-sky.a(rpl-icmp6.o)
 .text.get16    0x0000b8a8        0xe build/sky/contiki-ng-sky.a(rpl-icmp6.o)
 .text.set16    0x0000b8b6       0x10 build/sky/contiki-ng-sky.a(rpl-icmp6.o)
 .text.dao_ack_input
                0x0000b8c6        0x6 build/sky/contiki-ng-sky.a(rpl-icmp6.o)
 .text.dio_input
                0x0000b8cc      0x2a2 build/sky/contiki-ng-sky.a(rpl-icmp6.o)
 .text.rpl_icmp6_update_nbr_table
                0x0000bb6e       0x36 build/sky/contiki-ng-sky.a(rpl-icmp6.o)
                0x0000bb6e                rpl_icmp6_update_nbr_table
 .text.dao_input
                0x0000bba4      0x33e build/sky/contiki-ng-sky.a(rpl-icmp6.o)
 .text.dis_output
                0x0000bee2       0x50 build/sky/contiki-ng-sky.a(rpl-icmp6.o)
                0x0000bee2                dis_output
 .text.dio_output
                0x0000bf32      0x272 build/sky/contiki-ng-sky.a(rpl-icmp6.o)
                0x0000bf32                dio_output
 .text.dis_input
                0x0000c1a4       0x3a build/sky/contiki-ng-sky.a(rpl-icmp6.o)
 .text.dao_output_target
                0x0000c1de      0x110 build/sky/contiki-ng-sky.a(rpl-icmp6.o)
                0x0000c1de                dao_output_target
 .text.dao_output
                0x0000c2ee      0x118 build/sky/contiki-ng-sky.a(rpl-icmp6.o)
                0x0000c2ee                dao_output
 .text.rpl_icmp6_register_handlers
                0x0000c406       0x22 build/sky/contiki-ng-sky.a(rpl-icmp6.o)
                0x0000c406                rpl_icmp6_register_handlers
 .text.lollipop_greater_than
                0x0000c428       0x3c build/sky/contiki-ng-sky.a(rpl-dag.o)
 .text.find_parent_any_dag_any_instance
                0x0000c464       0x14 build/sky/contiki-ng-sky.a(rpl-dag.o)
 .text.rpl_set_preferred_parent
                0x0000c478       0x30 build/sky/contiki-ng-sky.a(rpl-dag.o)
 .text.set_ip_from_prefix
                0x0000c4a8       0x38 build/sky/contiki-ng-sky.a(rpl-dag.o)
 .text.check_prefix
                0x0000c4e0       0x80 build/sky/contiki-ng-sky.a(rpl-dag.o)
 .text.rpl_dag_init
                0x0000c560        0xe build/sky/contiki-ng-sky.a(rpl-dag.o)
                0x0000c560                rpl_dag_init
 .text.rpl_get_parent
                0x0000c56e        0xc build/sky/contiki-ng-sky.a(rpl-dag.o)
                0x0000c56e                rpl_get_parent
 .text.rpl_rank_via_parent
                0x0000c57a       0x2a build/sky/contiki-ng-sky.a(rpl-dag.o)
                0x0000c57a                rpl_rank_via_parent
 .text.rpl_get_parent_lladdr
                0x0000c5a4        0xc build/sky/contiki-ng-sky.a(rpl-dag.o)
                0x0000c5a4                rpl_get_parent_lladdr
 .text.rpl_parent_get_ipaddr
                0x0000c5b0       0x12 build/sky/contiki-ng-sky.a(rpl-dag.o)
                0x0000c5b0                rpl_parent_get_ipaddr
 .text.rpl_get_parent_link_stats
                0x0000c5c2        0xa build/sky/contiki-ng-sky.a(rpl-dag.o)
                0x0000c5c2                rpl_get_parent_link_stats
 .text.rpl_parent_is_fresh
                0x0000c5cc        0xa build/sky/contiki-ng-sky.a(rpl-dag.o)
                0x0000c5cc                rpl_parent_is_fresh
 .text.best_parent
                0x0000c5d6       0x82 build/sky/contiki-ng-sky.a(rpl-dag.o)
 .text.rpl_parent_is_reachable
                0x0000c658       0x4a build/sky/contiki-ng-sky.a(rpl-dag.o)
                0x0000c658                rpl_parent_is_reachable
 .text.rpl_set_prefix
                0x0000c6a2       0x9c build/sky/contiki-ng-sky.a(rpl-dag.o)
                0x0000c6a2                rpl_set_prefix
 .text.rpl_set_default_route
                0x0000c73e       0x3e build/sky/contiki-ng-sky.a(rpl-dag.o)
                0x0000c73e                rpl_set_default_route
 .text.rpl_alloc_instance
                0x0000c77c       0x34 build/sky/contiki-ng-sky.a(rpl-dag.o)
                0x0000c77c                rpl_alloc_instance
 .text.rpl_get_default_instance
                0x0000c7b0        0x6 build/sky/contiki-ng-sky.a(rpl-dag.o)
                0x0000c7b0                rpl_get_default_instance
 .text.rpl_add_parent
                0x0000c7b6       0x3e build/sky/contiki-ng-sky.a(rpl-dag.o)
                0x0000c7b6                rpl_add_parent
 .text.rpl_find_parent
                0x0000c7f4       0x1a build/sky/contiki-ng-sky.a(rpl-dag.o)
                0x0000c7f4                rpl_find_parent
 .text.rpl_find_parent_any_dag
                0x0000c80e       0x22 build/sky/contiki-ng-sky.a(rpl-dag.o)
                0x0000c80e                rpl_find_parent_any_dag
 .text.rpl_select_parent
                0x0000c830       0x74 build/sky/contiki-ng-sky.a(rpl-dag.o)
                0x0000c830                rpl_select_parent
 .text.rpl_select_dag
                0x0000c8a4      0x186 build/sky/contiki-ng-sky.a(rpl-dag.o)
                0x0000c8a4                rpl_select_dag
 .text.rpl_nullify_parent
                0x0000ca2a       0x60 build/sky/contiki-ng-sky.a(rpl-dag.o)
                0x0000ca2a                rpl_nullify_parent
 .text.rpl_remove_parent
                0x0000ca8a       0x16 build/sky/contiki-ng-sky.a(rpl-dag.o)
                0x0000ca8a                rpl_remove_parent
 .text.nbr_callback
                0x0000caa0        0x6 build/sky/contiki-ng-sky.a(rpl-dag.o)
 .text.remove_parents.constprop.3
                0x0000caa6       0x30 build/sky/contiki-ng-sky.a(rpl-dag.o)
 .text.rpl_free_dag
                0x0000cad6       0x42 build/sky/contiki-ng-sky.a(rpl-dag.o)
                0x0000cad6                rpl_free_dag
 .text.rpl_move_parent
                0x0000cb18       0x68 build/sky/contiki-ng-sky.a(rpl-dag.o)
                0x0000cb18                rpl_move_parent
 .text.rpl_has_downward_route
                0x0000cb80       0x1c build/sky/contiki-ng-sky.a(rpl-dag.o)
                0x0000cb80                rpl_has_downward_route
 .text.rpl_get_dag
                0x0000cb9c       0x86 build/sky/contiki-ng-sky.a(rpl-dag.o)
                0x0000cb9c                rpl_get_dag
 .text.rpl_get_any_dag
                0x0000cc22       0x16 build/sky/contiki-ng-sky.a(rpl-dag.o)
                0x0000cc22                rpl_get_any_dag
 .text.rpl_has_joined
                0x0000cc38       0x10 build/sky/contiki-ng-sky.a(rpl-dag.o)
                0x0000cc38                rpl_has_joined
 .text.rpl_get_instance
                0x0000cc48       0x16 build/sky/contiki-ng-sky.a(rpl-dag.o)
                0x0000cc48                rpl_get_instance
 .text.rpl_alloc_dag
                0x0000cc5e       0x64 build/sky/contiki-ng-sky.a(rpl-dag.o)
                0x0000cc5e                rpl_alloc_dag
 .text.rpl_repair_root
                0x0000ccc2       0x4c build/sky/contiki-ng-sky.a(rpl-dag.o)
                0x0000ccc2                rpl_repair_root
 .text.rpl_find_of
                0x0000cd0e       0x10 build/sky/contiki-ng-sky.a(rpl-dag.o)
                0x0000cd0e                rpl_find_of
 .text.rpl_set_root
                0x0000cd1e      0x15c build/sky/contiki-ng-sky.a(rpl-dag.o)
                0x0000cd1e                rpl_set_root
 .text.rpl_join_instance
                0x0000ce7a      0x156 build/sky/contiki-ng-sky.a(rpl-dag.o)
                0x0000ce7a                rpl_join_instance
 .text.rpl_local_repair
                0x0000cfd0       0x9e build/sky/contiki-ng-sky.a(rpl-dag.o)
                0x0000cfd0                rpl_local_repair
 .text.rpl_process_parent_event
                0x0000d06e       0xc2 build/sky/contiki-ng-sky.a(rpl-dag.o)
                0x0000d06e                rpl_process_parent_event
 .text.rpl_recalculate_ranks
                0x0000d130       0x44 build/sky/contiki-ng-sky.a(rpl-dag.o)
                0x0000d130                rpl_recalculate_ranks
 .text.rpl_add_dag
                0x0000d174      0x114 build/sky/contiki-ng-sky.a(rpl-dag.o)
                0x0000d174                rpl_add_dag
 .text.rpl_process_dio
                0x0000d288      0x344 build/sky/contiki-ng-sky.a(rpl-dag.o)
                0x0000d288                rpl_process_dio
 .text.new_dio_interval
                0x0000d5cc       0x92 build/sky/contiki-ng-sky.a(rpl-timers.o)
 .text.handle_unicast_dio_timer
                0x0000d65e       0x1c build/sky/contiki-ng-sky.a(rpl-timers.o)
 .text.set_dao_lifetime_timer
                0x0000d67a       0x86 build/sky/contiki-ng-sky.a(rpl-timers.o)
 .text.handle_periodic_timer
                0x0000d700       0x50 build/sky/contiki-ng-sky.a(rpl-timers.o)
 .text.schedule_dao
                0x0000d750       0x82 build/sky/contiki-ng-sky.a(rpl-timers.o)
 .text.handle_dio_timer
                0x0000d7d2       0x88 build/sky/contiki-ng-sky.a(rpl-timers.o)
 .text.handle_dao_timer
                0x0000d85a       0x64 build/sky/contiki-ng-sky.a(rpl-timers.o)
 .text.rpl_reset_periodic_timer
                0x0000d8be       0x54 build/sky/contiki-ng-sky.a(rpl-timers.o)
                0x0000d8be                rpl_reset_periodic_timer
 .text.rpl_reset_dio_timer
                0x0000d912       0x18 build/sky/contiki-ng-sky.a(rpl-timers.o)
                0x0000d912                rpl_reset_dio_timer
 .text.rpl_schedule_dao
                0x0000d92a        0xc build/sky/contiki-ng-sky.a(rpl-timers.o)
                0x0000d92a                rpl_schedule_dao
 .text.rpl_schedule_unicast_dio_immediately
                0x0000d936       0x16 build/sky/contiki-ng-sky.a(rpl-timers.o)
                0x0000d936                rpl_schedule_unicast_dio_immediately
 .text.get_probing_target
                0x0000d94c       0xf8 build/sky/contiki-ng-sky.a(rpl-timers.o)
                0x0000d94c                get_probing_target
 .text.rpl_schedule_probing
                0x0000da44       0x3c build/sky/contiki-ng-sky.a(rpl-timers.o)
                0x0000da44                rpl_schedule_probing
 .text.handle_probing_timer
                0x0000da80       0x9e build/sky/contiki-ng-sky.a(rpl-timers.o)
 .text.rpl_schedule_probing_now
                0x0000db1e       0x26 build/sky/contiki-ng-sky.a(rpl-timers.o)
                0x0000db1e                rpl_schedule_probing_now
 .text.update_hbh_header
                0x0000db44       0xaa build/sky/contiki-ng-sky.a(rpl-ext-header.)
 .text.insert_hbh_header
                0x0000dbee       0x80 build/sky/contiki-ng-sky.a(rpl-ext-header.)
 .text.rpl_ext_header_hbh_update
                0x0000dc6e       0xd8 build/sky/contiki-ng-sky.a(rpl-ext-header.)
                0x0000dc6e                rpl_ext_header_hbh_update
 .text.rpl_ext_header_srh_get_next_hop
                0x0000dd46        0x4 build/sky/contiki-ng-sky.a(rpl-ext-header.)
                0x0000dd46                rpl_ext_header_srh_get_next_hop
 .text.rpl_ext_header_srh_update
                0x0000dd4a        0x4 build/sky/contiki-ng-sky.a(rpl-ext-header.)
                0x0000dd4a                rpl_ext_header_srh_update
 .text.rpl_ext_header_remove
                0x0000dd4e       0xcc build/sky/contiki-ng-sky.a(rpl-ext-header.)
                0x0000dd4e                rpl_ext_header_remove
 .text.rpl_ext_header_update
                0x0000de1a       0x60 build/sky/contiki-ng-sky.a(rpl-ext-header.)
                0x0000de1a                rpl_ext_header_update
 .text.update_nbr
                0x0000de7a       0xba build/sky/contiki-ng-sky.a(rpl-nbr-policy.)
 .text.find_removable_dis
                0x0000df34       0x16 build/sky/contiki-ng-sky.a(rpl-nbr-policy.)
                0x0000df34                find_removable_dis
 .text.find_removable_dio
                0x0000df4a       0x3e build/sky/contiki-ng-sky.a(rpl-nbr-policy.)
                0x0000df4a                find_removable_dio
 .text.find_removable_dao
                0x0000df88       0x34 build/sky/contiki-ng-sky.a(rpl-nbr-policy.)
                0x0000df88                find_removable_dao
 .text.rpl_nbr_policy_find_removable
                0x0000dfbc       0x30 build/sky/contiki-ng-sky.a(rpl-nbr-policy.)
                0x0000dfbc                rpl_nbr_policy_find_removable
 .text.reset    0x0000dfec        0x2 build/sky/contiki-ng-sky.a(rpl-mrhof.o)
 .text.update_metric_container
                0x0000dfee        0x6 build/sky/contiki-ng-sky.a(rpl-mrhof.o)
 .text.parent_link_metric
                0x0000dff4       0x12 build/sky/contiki-ng-sky.a(rpl-mrhof.o)
 .text.parent_has_usable_link
                0x0000e006       0x14 build/sky/contiki-ng-sky.a(rpl-mrhof.o)
 .text.best_dag
                0x0000e01a       0x2e build/sky/contiki-ng-sky.a(rpl-mrhof.o)
 .text.parent_path_cost
                0x0000e048       0x44 build/sky/contiki-ng-sky.a(rpl-mrhof.o)
 .text.parent_is_acceptable
                0x0000e08c       0x2e build/sky/contiki-ng-sky.a(rpl-mrhof.o)
 .text.rank_via_parent
                0x0000e0ba       0x56 build/sky/contiki-ng-sky.a(rpl-mrhof.o)
 .text.best_parent
                0x0000e110       0x82 build/sky/contiki-ng-sky.a(rpl-mrhof.o)
 .text.spi_init
                0x0000e192       0x30 build/sky/contiki-ng-sky.a(spi-legacy.o)
                0x0000e192                spi_init
 .text.libgcc   0x0000e1c2       0x2c /usr/local/bin/../lib/gcc/msp430/4.7.2/mmpy-16/libgcc.a(_mulsi3.o)
                0x0000e1c2                __mulsi3
 .text.libgcc   0x0000e1ee       0x22 /usr/local/bin/../lib/gcc/msp430/4.7.2/mmpy-16/libgcc.a(_udivmod16.o)
                0x0000e1ee                __udivhi3
                0x0000e1ee                __ext_udivmod16
                0x0000e208                __umodhi3
 .text.libgcc   0x0000e210       0x3a /usr/local/bin/../lib/gcc/msp430/4.7.2/mmpy-16/libgcc.a(_divmod16.o)
                0x0000e210                __ext_divmod16
                0x0000e210                __divhi3
                0x0000e242                __modhi3
 .text.libgcc   0x0000e24a       0x40 /usr/local/bin/../lib/gcc/msp430/4.7.2/mmpy-16/libgcc.a(_udivmod32.o)
                0x0000e24a                __udivsi3
                0x0000e24a                __ext_udivmod32
                0x0000e280                __umodsi3
 .text.libgcc   0x0000e28a       0x4c /usr/local/bin/../lib/gcc/msp430/4.7.2/mmpy-16/libgcc.a(_divmod32.o)
                0x0000e28a                __ext_divmod32
                0x0000e28a                __divsi3
                0x0000e2cc                __modsi3
 .text.printf   0x0000e2d6       0x10 /usr/local/bin/../lib/gcc/msp430/4.7.2/../../../../msp430/lib/mmpy-16/libc.a(printf.o)
                0x0000e2d6                printf
 .text.append   0x0000e2e6       0x22 /usr/local/bin/../lib/gcc/msp430/4.7.2/../../../../msp430/lib/mmpy-16/libc.a(sprintf.o)
 .text.call_vuprintf
                0x0000e308       0x3a /usr/local/bin/../lib/gcc/msp430/4.7.2/../../../../msp430/lib/mmpy-16/libc.a(sprintf.o)
 .text.snprintf
                0x0000e342       0x1a /usr/local/bin/../lib/gcc/msp430/4.7.2/../../../../msp430/lib/mmpy-16/libc.a(sprintf.o)
                0x0000e342                snprintf
 .text.print_field
                0x0000e35c      0x194 /usr/local/bin/../lib/gcc/msp430/4.7.2/../../../../msp430/lib/mmpy-16/libc.a(vuprintf.o)
 .text.vuprintf
                0x0000e4f0      0x63e /usr/local/bin/../lib/gcc/msp430/4.7.2/../../../../msp430/lib/mmpy-16/libc.a(vuprintf.o)
                0x0000e4f0                vuprintf
 .text.puts     0x0000eb2e       0x2c /usr/local/bin/../lib/gcc/msp430/4.7.2/../../../../msp430/lib/mmpy-16/libc.a(puts.o)
                0x0000eb2e                puts
 .text.rand     0x0000eb5a       0x26 /usr/local/bin/../lib/gcc/msp430/4.7.2/../../../../msp430/lib/mmpy-16/libc.a(rand.o)
                0x0000eb5a                rand
 .text.srand    0x0000eb80        0xa /usr/local/bin/../lib/gcc/msp430/4.7.2/../../../../msp430/lib/mmpy-16/libc.a(rand.o)
                0x0000eb80                srand
 .text.memcmp   0x0000eb8a       0x30 /usr/local/bin/../lib/gcc/msp430/4.7.2/../../../../msp430/lib/mmpy-16/libc.a(memcmp.o)
                0x0000eb8a                memcmp
 .text.memcpy   0x0000ebba       0xfa /usr/local/bin/../lib/gcc/msp430/4.7.2/../../../../msp430/lib/mmpy-16/libc.a(memcpy.o)
                0x0000ebba                memcpy
 .text.memmove  0x0000ecb4       0xfa /usr/local/bin/../lib/gcc/msp430/4.7.2/../../../../msp430/lib/mmpy-16/libc.a(memmove.o)
                0x0000ecb4                memmove
 .text.memset   0x0000edae       0x6a /usr/local/bin/../lib/gcc/msp430/4.7.2/../../../../msp430/lib/mmpy-16/libc.a(memset.o)
                0x0000edae                memset
 .text.libgcc   0x0000ee18       0xf0 /usr/local/bin/../lib/gcc/msp430/4.7.2/mmpy-16/libgcc.a(_udivmod64.o)
                0x0000ee18                __xabi_udivmod64
                0x0000ee76                __udivdi3
                0x0000ee9c                __umoddi3
                0x0000eeca                __udivmoddi4
 .text.crt0     0x0000ef08        0x2 /usr/local/bin/../lib/gcc/msp430/4.7.2/mmpy-16/libcrt0.a(_unexpected_.o)
                0x0000ef08                _unexpected_
 *(.near.text .near.text.*)

.rodata         0x0000ef0c      0x47d
                0x0000ef0c                . = ALIGN (0x2)
 *(.rodata .rodata.* .gnu.linkonce.r.*)
 .rodata        0x0000ef0c       0x5a border-router.o
                0x0000ef48                autostart_processes
 .rodata        0x0000ef66       0xf2 build/sky/obj/contiki-main.o
 .rodata        0x0000f058       0x31 build/sky/contiki-ng-sky.a(platform.o)
 .rodata        0x0000f089       0x31 build/sky/contiki-ng-sky.a(rpl-border-rout)
 .rodata        0x0000f0ba       0xb2 build/sky/contiki-ng-sky.a(log.o)
 .rodata        0x0000f16c        0xc build/sky/contiki-ng-sky.a(etimer.o)
 .rodata        0x0000f178        0xf build/sky/contiki-ng-sky.a(ctimer.o)
 *fill*         0x0000f187        0x1 00
 .rodata        0x0000f188        0x8 build/sky/contiki-ng-sky.a(linkaddr.o)
                0x0000f188                linkaddr_null
 .rodata        0x0000f190       0x14 build/sky/contiki-ng-sky.a(csma.o)
                0x0000f196                csma_driver
 .rodata        0x0000f1a4        0xd build/sky/contiki-ng-sky.a(tcpip.o)
 *fill*         0x0000f1b1        0x1 00
 .rodata        0x0000f1b2       0x26 build/sky/contiki-ng-sky.a(sicslowpan.o)
                0x0000f1be                sicslowpan_driver
                0x0000f1c6                llprefix
                0x0000f1c8                unc_mxconf
                0x0000f1cc                unc_ctxconf
                0x0000f1d0                unc_llconf
 .rodata        0x0000f1d8       0x2d build/sky/contiki-ng-sky.a(uiplib.o)
 *fill*         0x0000f205        0x1 00
 .rodata        0x0000f206       0x36 build/sky/contiki-ng-sky.a(rpl.o)
                0x0000f212                rpl_classic_driver
 .rodata        0x0000f23c       0x16 build/sky/contiki-ng-sky.a(slip-bridge.o)
                0x0000f24e                rpl_interface
 .rodata        0x0000f252       0x80 build/sky/contiki-ng-sky.a(border-router-e)
 .rodata        0x0000f2d2       0x10 build/sky/contiki-ng-sky.a(button-sensor.o)
                0x0000f2da                button_sensor
 .rodata        0x0000f2e2        0x8 build/sky/contiki-ng-sky.a(sensors.o)
 *fill*         0x0000f2ea        0x2 00
 .rodata.get_value
                0x0000f2ec       0x34 build/sky/contiki-ng-sky.a(cc2420.o)
 .rodata.set_value
                0x0000f320       0x10 build/sky/contiki-ng-sky.a(cc2420.o)
 .rodata        0x0000f330       0x3e build/sky/contiki-ng-sky.a(cc2420.o)
                0x0000f330                cc2420_aes_128_driver
                0x0000f334                cc2420_driver
 .rodata        0x0000f36e        0xc build/sky/contiki-ng-sky.a(slip.o)
 .rodata        0x0000f37a        0x6 build/sky/contiki-ng-sky.a(framer-802154.o)
                0x0000f37a                framer_802154
 .rodata        0x0000f380        0x2 build/sky/contiki-ng-sky.a(frame802154.o)
 .rodata.vuprintf
                0x0000f382        0x7 /usr/local/bin/../lib/gcc/msp430/4.7.2/../../../../msp430/lib/mmpy-16/libc.a(vuprintf.o)
 *(.near.rodata .near.rodata.*)
                0x0000f38a                . = ALIGN (0x2)
                0x0000f38a                _etext = .

.data           0x00001100      0x152 load address 0x0000f38a
                0x00001100                . = ALIGN (0x2)
                0x00001100                __data_start = .
 *(.data .data.* .gnu.linkonce.d.*)
 .data          0x00001100        0xa border-router.o
                0x00001100                contiki_ng_br
 .data          0x0000110a        0x2 build/sky/contiki-ng-sky.a(msp430.o)
 .data          0x0000110c       0x4a build/sky/contiki-ng-sky.a(log.o)
                0x0000110c                all_modules
                0x00001154                curr_log_level_main
 .data          0x00001156        0xa build/sky/contiki-ng-sky.a(etimer.o)
                0x00001156                etimer_process
 .data          0x00001160        0xa build/sky/contiki-ng-sky.a(ctimer.o)
                0x00001160                ctimer_process
 .data          0x0000116a       0x10 build/sky/contiki-ng-sky.a(queuebuf.o)
 .data          0x0000117a       0x18 build/sky/contiki-ng-sky.a(csma-output.o)
 .data          0x00001192        0xa build/sky/contiki-ng-sky.a(tcpip.o)
                0x00001192                tcpip_process
 .data          0x0000119c       0x22 build/sky/contiki-ng-sky.a(uip-ds6-route.o)
                0x0000119c                nbr_routes
 .data          0x000011be        0x8 build/sky/contiki-ng-sky.a(uip-ds6-nbr.o)
 .data          0x000011c6        0x6 build/sky/contiki-ng-sky.a(uip-nd6.o)
 .data          0x000011cc        0xa build/sky/contiki-ng-sky.a(border-router-e)
                0x000011cc                border_router_process
 .data          0x000011d6        0x4 build/sky/contiki-ng-sky.a(contiki-sky-pla)
                0x000011d6                sensors
 .data          0x000011da        0xa build/sky/contiki-ng-sky.a(sensors.o)
                0x000011da                sensors_process
 .data          0x000011e4        0xc build/sky/contiki-ng-sky.a(cc2420.o)
                0x000011e4                cc2420_process
 .data          0x000011f0        0xa build/sky/contiki-ng-sky.a(slip.o)
                0x000011f0                slip_process
 .data          0x000011fa        0x8 build/sky/contiki-ng-sky.a(nbr-table.o)
 .data          0x00001202        0x8 build/sky/contiki-ng-sky.a(link-stats.o)
 .data          0x0000120a        0x2 build/sky/contiki-ng-sky.a(frame802154.o)
 .data          0x0000120c        0xc build/sky/contiki-ng-sky.a(uip-icmp6.o)
 .data          0x00001218       0x1a build/sky/contiki-ng-sky.a(rpl-icmp6.o)
 .data          0x00001232        0xa build/sky/contiki-ng-sky.a(rpl-dag.o)
                0x00001232                rpl_parents
 .data          0x0000123c       0x12 build/sky/contiki-ng-sky.a(rpl-mrhof.o)
                0x0000123c                rpl_mrhof
 .data.next     0x0000124e        0x4 /usr/local/bin/../lib/gcc/msp430/4.7.2/../../../../msp430/lib/mmpy-16/libc.a(rand.o)
 *(.near.data .near.data.*)
                0x00001252                . = ALIGN (0x2)
                0x00001252                _edata = .
                0x0000f38a                __data_load_start = LOADADDR (.data)
                0x00000152                __data_size = SIZEOF (.data)

.bss            0x00001252     0x18f4 load address 0x0000f4dc
                0x00001252                __bss_start = .
 *(.bss .bss.*)
 .bss           0x00001252        0x1 build/sky/contiki-ng-sky.a(uart1-putchar.o)
 *fill*         0x00001253        0x1 00
 .bss           0x00001254        0x8 build/sky/contiki-ng-sky.a(platform.o)
 .bss           0x0000125c        0xa build/sky/contiki-ng-sky.a(clock.o)
 .bss           0x00001266        0x2 build/sky/contiki-ng-sky.a(watchdog.o)
 .bss           0x00001268       0x14 build/sky/contiki-ng-sky.a(log.o)
                0x00001268                curr_log_level_lwm2m
                0x0000126a                curr_log_level_coap
                0x0000126c                curr_log_level_6top
                0x0000126e                curr_log_level_framer
                0x00001270                curr_log_level_mac
                0x00001272                curr_log_level_nullnet
                0x00001274                curr_log_level_6lowpan
                0x00001276                curr_log_level_ipv6
                0x00001278                curr_log_level_tcpip
                0x0000127a                curr_log_level_rpl
 .bss           0x0000127c        0x6 build/sky/contiki-ng-sky.a(etimer.o)
 .bss           0x00001282        0x2 build/sky/contiki-ng-sky.a(node-id.o)
                0x00001282                node_id
 .bss           0x00001284        0x4 build/sky/contiki-ng-sky.a(ctimer.o)
 .bss           0x00001288        0x2 build/sky/contiki-ng-sky.a(rtimer.o)
 .bss           0x0000128a       0xc8 build/sky/contiki-ng-sky.a(process.o)
                0x0000128a                process_current
                0x0000128c                process_list
 .bss           0x00001352      0x2c0 build/sky/contiki-ng-sky.a(queuebuf.o)
 .bss           0x00001612       0x86 build/sky/contiki-ng-sky.a(packetbuf.o)
 .bss           0x00001698        0x2 build/sky/contiki-ng-sky.a(netstack.o)
 .bss           0x0000169a       0x86 build/sky/contiki-ng-sky.a(csma-output.o)
 .bss           0x00001720       0x28 build/sky/contiki-ng-sky.a(uip-ds6.o)
 .bss           0x00001748        0xc build/sky/contiki-ng-sky.a(tcpip.o)
 .bss           0x00001754      0x2e2 build/sky/contiki-ng-sky.a(uip-ds6-route.o)
 .bss           0x00001a36        0x8 build/sky/contiki-ng-sky.a(uip6.o)
                0x00001a36                uip_last_proto
                0x00001a38                uip_ext_len
                0x00001a3a                uip_ext_bitmap
 .bss           0x00001a3e      0x120 build/sky/contiki-ng-sky.a(uip-ds6-nbr.o)
 .bss           0x00001b5e        0x8 build/sky/contiki-ng-sky.a(uip-nd6.o)
 .bss           0x00001b66      0x6e0 build/sky/contiki-ng-sky.a(sicslowpan.o)
 .bss           0x00002246        0x2 build/sky/contiki-ng-sky.a(rpl.o)
 .bss           0x00002248       0x12 build/sky/contiki-ng-sky.a(rpl-dag-root.o)
 .bss           0x0000225a       0x10 build/sky/contiki-ng-sky.a(slip-bridge.o)
 .bss           0x0000226a        0xc build/sky/contiki-ng-sky.a(border-router-e)
 .bss           0x00002276        0x8 build/sky/contiki-ng-sky.a(button-sensor.o)
 .bss           0x0000227e        0x6 build/sky/contiki-ng-sky.a(sensors.o)
 .bss           0x00002284       0x10 build/sky/contiki-ng-sky.a(cc2420.o)
 .bss           0x00002294       0x9a build/sky/contiki-ng-sky.a(uart1.o)
 .bss           0x0000232e       0xa8 build/sky/contiki-ng-sky.a(slip.o)
 .bss           0x000023d6       0xe4 build/sky/contiki-ng-sky.a(nbr-table.o)
 .bss           0x000024ba       0xa0 build/sky/contiki-ng-sky.a(link-stats.o)
 .bss           0x0000255a       0xe0 build/sky/contiki-ng-sky.a(mac-sequence.o)
 .bss           0x0000263a        0x2 build/sky/contiki-ng-sky.a(framer-802154.o)
 .bss           0x0000263c       0x18 build/sky/contiki-ng-sky.a(uipbuf.o)
 .bss           0x00002654       0x14 build/sky/contiki-ng-sky.a(uip-icmp6.o)
 .bss           0x00002668       0x60 build/sky/contiki-ng-sky.a(rpl-dag.o)
 .bss           0x000026c8       0x18 build/sky/contiki-ng-sky.a(rpl-timers.o)
 .bss           0x000026e0        0xa build/sky/contiki-ng-sky.a(rpl-nbr-policy.)
 .bss.destination_
                0x000026ea        0x2 /usr/local/bin/../lib/gcc/msp430/4.7.2/../../../../msp430/lib/mmpy-16/libc.a(sprintf.o)
 .bss.available_
                0x000026ec        0x2 /usr/local/bin/../lib/gcc/msp430/4.7.2/../../../../msp430/lib/mmpy-16/libc.a(sprintf.o)
 *(.near.bss .near.bss.*)
 *(COMMON)
 COMMON         0x000026ee        0x2 build/sky/contiki-ng-sky.a(msp430.o)
                0x000026ee                msp430_dco_required
 COMMON         0x000026f0        0x1 build/sky/contiki-ng-sky.a(rpl-border-rout)
                0x000026f0                prefix_set
 *fill*         0x000026f1        0x1 00
 COMMON         0x000026f2       0x2a build/sky/contiki-ng-sky.a(packetbuf.o)
                0x000026f2                packetbuf_addrs
                0x00002702                packetbuf_attrs
 COMMON         0x0000271c        0x8 build/sky/contiki-ng-sky.a(linkaddr.o)
                0x0000271c                linkaddr_node_addr
 COMMON         0x00002724      0x180 build/sky/contiki-ng-sky.a(uip-ds6.o)
                0x00002724                uip_ds6_timer_ra
                0x0000272c                uip_ds6_if