Archive member included because of file (symbol)

build/sky/contiki-ng-sky.a(uart1-putchar.o)
                              build/sky/obj/contiki-main.o (putchar)
build/sky/contiki-ng-sky.a(platform.o)
                              build/sky/obj/contiki-main.o (platform_init_stage_one)
build/sky/contiki-ng-sky.a(msp430.o)
                              build/sky/contiki-ng-sky.a(platform.o) (msp430_dco_required)
build/sky/contiki-ng-sky.a(clock.o)
                              build/sky/obj/contiki-main.o (clock_init)
build/sky/contiki-ng-sky.a(leds.o)
                              build/sky/contiki-ng-sky.a(platform.o) (leds_init)
build/sky/contiki-ng-sky.a(leds-arch.o)
                              build/sky/contiki-ng-sky.a(leds.o) (leds_arch_init)
build/sky/contiki-ng-sky.a(watchdog.o)
                              build/sky/obj/contiki-main.o (watchdog_start)
build/sky/contiki-ng-sky.a(rpl-border-rout)
                              build/sky/obj/contiki-main.o (rpl_border_router_init)
build/sky/contiki-ng-sky.a(autostart.o)
                              build/sky/obj/contiki-main.o (autostart_start)
build/sky/contiki-ng-sky.a(ctimer.o)
                              build/sky/obj/contiki-main.o (ctimer_init)
build/sky/contiki-ng-sky.a(energest.o)
                              build/sky/obj/contiki-main.o (energest_init)
build/sky/contiki-ng-sky.a(etimer.o)
                              build/sky/contiki-ng-sky.a(clock.o) (etimer_request_poll)
build/sky/contiki-ng-sky.a(log.o)
                              build/sky/obj/contiki-main.o (log_6addr)
build/sky/contiki-ng-sky.a(rtimer.o)
                              build/sky/obj/contiki-main.o (rtimer_init)
build/sky/contiki-ng-sky.a(node-id.o)
                              build/sky/obj/contiki-main.o (node_id_init)
build/sky/contiki-ng-sky.a(process.o)
                              build/sky/contiki-ng-sky.a(ctimer.o) (process_current)
build/sky/contiki-ng-sky.a(timer.o)
                              build/sky/contiki-ng-sky.a(platform.o) (timer_set)
build/sky/contiki-ng-sky.a(list.o)
                              build/sky/contiki-ng-sky.a(ctimer.o) (list_init)
build/sky/contiki-ng-sky.a(random.o)
                              build/sky/contiki-ng-sky.a(platform.o) (random_init)
build/sky/contiki-ng-sky.a(queuebuf.o)
                              build/sky/obj/contiki-main.o (queuebuf_init)
build/sky/contiki-ng-sky.a(packetbuf.o)
                              build/sky/contiki-ng-sky.a(queuebuf.o) (packetbuf_copyto)
build/sky/contiki-ng-sky.a(netstack.o)
                              build/sky/obj/contiki-main.o (netstack_init)
build/sky/contiki-ng-sky.a(linkaddr.o)
                              build/sky/contiki-ng-sky.a(platform.o) (linkaddr_copy)
build/sky/contiki-ng-sky.a(csma.o)
                              build/sky/obj/contiki-main.o (csma_driver)
build/sky/contiki-ng-sky.a(csma-output.o)
                              build/sky/contiki-ng-sky.a(csma.o) (csma_output_packet)
build/sky/contiki-ng-sky.a(uip-ds6.o)
                              build/sky/contiki-ng-sky.a(rpl-border-rout) (uip_ds6_if)
build/sky/contiki-ng-sky.a(uiplib.o)
                              build/sky/contiki-ng-sky.a(log.o) (uiplib_ipaddr_snprint)
build/sky/contiki-ng-sky.a(tcpip.o)
                              build/sky/obj/contiki-main.o (tcpip_process)
build/sky/contiki-ng-sky.a(uip-ds6-route.o)
                              build/sky/contiki-ng-sky.a(uip-ds6.o) (uip_ds6_route_init)
build/sky/contiki-ng-sky.a(uip6.o)
                              build/sky/contiki-ng-sky.a(tcpip.o) (uip_aligned_buf)
build/sky/contiki-ng-sky.a(uip-ds6-nbr.o)
                              build/sky/contiki-ng-sky.a(uip-ds6.o) (uip_ds6_neighbors_init)
build/sky/contiki-ng-sky.a(uip-nd6.o)
                              build/sky/contiki-ng-sky.a(uip6.o) (uip_nd6_init)
build/sky/contiki-ng-sky.a(sicslowpan.o)
                              build/sky/obj/contiki-main.o (sicslowpan_driver)
build/sky/contiki-ng-sky.a(rpl.o)
                              build/sky/obj/contiki-main.o (rpl_classic_driver)
build/sky/contiki-ng-sky.a(rpl-dag.o)
                              build/sky/contiki-ng-sky.a(rpl.o) (rpl_dag_init)
build/sky/contiki-ng-sky.a(rpl-dag-root.o)
                              build/sky/contiki-ng-sky.a(rpl.o) (rpl_dag_root_set_prefix)
build/sky/contiki-ng-sky.a(slip-bridge.o)
                              build/sky/contiki-ng-sky.a(tcpip.o) (rpl_interface)
build/sky/contiki-ng-sky.a(border-router-e)
                              build/sky/contiki-ng-sky.a(rpl-border-rout) (border_router_process)
build/sky/contiki-ng-sky.a(contiki-sky-pla)
                              build/sky/contiki-ng-sky.a(platform.o) (init_platform)
build/sky/contiki-ng-sky.a(button-sensor.o)
                              build/sky/contiki-ng-sky.a(border-router-e) (button_sensor)
build/sky/contiki-ng-sky.a(ds2411.o)
                              build/sky/contiki-ng-sky.a(platform.o) (ds2411_init)
[...]
Memory Configuration

Name             Origin             Length             Attributes
sfr              0x00000000         0x00000010
peripheral_8bit  0x00000010         0x000000f0
peripheral_16bit 0x00000100         0x00000100
ram_mirror       0x00000200         0x00000800         xw
infomem          0x00001000         0x00000100
infob            0x00001000         0x00000080
infoa            0x00001080         0x00000080
ram              0x00001100         0x00002800         xw
rom              0x00004000         0x0000bfe0         xr
vectors          0x0000ffe0         0x00000020
bsl              0x00000000         0x00000000
infoc            0x00000000         0x00000000
infod            0x00000000         0x00000000
ram2             0x00000000         0x00000000         xw
usbram           0x00000000         0x00000000         xw
far_rom          0x00000000         0x00000000
*default*        0x00000000         0xffffffff

Linker script and memory map

LOAD /usr/local/bin/../lib/gcc/msp430/4.7.2/mmpy-16/crt0ivtbl16.o
                0x00002b48                _stack = _end
LOAD border-router.o
LOAD build/sky/obj/contiki-main.o
LOAD build/sky/contiki-ng-sky.a
LOAD /usr/local/bin/../lib/gcc/msp430/4.7.2/mmpy-16/libgcc.a
LOAD /usr/local/bin/../lib/gcc/msp430/4.7.2/../../../../msp430/lib/mmpy-16/libc.a
LOAD /usr/local/bin/../lib/gcc/msp430/4.7.2/mmpy-16/libgcc.a
LOAD /usr/local/bin/../lib/gcc/msp430/4.7.2/mmpy-16/libcrt0.a
                0x00000080                PROVIDE (__info_segment_size, 0x80)
                0x00001000                PROVIDE (__infob, 0x1000)
                0x00001080                PROVIDE (__infoa, 0x1080)
                0x00000000                __IE1 = 0x0
                0x00000002                __IFG1 = 0x2
                0x00000004                __ME1 = 0x4
                0x00000001                __IE2 = 0x1
                0x00000003                __IFG2 = 0x3
                0x00000005                __ME2 = 0x5
                0x00000120                __WDTCTL = 0x120
                0x00000130                __MPY = 0x130
                0x00000132                __MPYS = 0x132
                0x00000134                __MAC = 0x134
                0x00000136                __MACS = 0x136
                0x00000138                __OP2 = 0x138
                0x0000013a                __RESLO = 0x13a
                0x0000013c                __RESHI = 0x13c
                0x0000013e                __SUMEXT = 0x13e
                0x00000020                __P1IN = 0x20
                0x00000021                __P1OUT = 0x21
                0x00000022                __P1DIR = 0x22
                0x00000023                __P1IFG = 0x23
                0x00000024                __P1IES = 0x24
                0x00000025                __P1IE = 0x25
                0x00000026                __P1SEL = 0x26
                0x00000028                __P2IN = 0x28
                0x00000029                __P2OUT = 0x29
                0x0000002a                __P2DIR = 0x2a
                0x0000002b                __P2IFG = 0x2b
                0x0000002c                __P2IES = 0x2c
                0x0000002d                __P2IE = 0x2d
                0x0000002e                __P2SEL = 0x2e
                0x00000018                __P3IN = 0x18
                0x00000019                __P3OUT = 0x19
                0x0000001a                __P3DIR = 0x1a
                0x0000001b                __P3SEL = 0x1b
                0x0000001c                __P4IN = 0x1c
                0x0000001d                __P4OUT = 0x1d
                0x0000001e                __P4DIR = 0x1e
                0x0000001f                __P4SEL = 0x1f
                0x00000030                __P5IN = 0x30
                0x00000031                __P5OUT = 0x31
                0x00000032                __P5DIR = 0x32
                0x00000033                __P5SEL = 0x33
                0x00000034                __P6IN = 0x34
                0x00000035                __P6OUT = 0x35
                0x00000036                __P6DIR = 0x36
                0x00000037                __P6SEL = 0x37
                0x00000070                __U0CTL = 0x70
                0x00000071                __U0TCTL = 0x71
                0x00000072                __U0RCTL = 0x72
                0x00000073                __U0MCTL = 0x73
                0x00000074                __U0BR0 = 0x74
                0x00000075                __U0BR1 = 0x75
                0x00000076                __U0RXBUF = 0x76
                0x00000077                __U0TXBUF = 0x77
                0x00000078                __U1CTL = 0x78
                0x00000079                __U1TCTL = 0x79
                0x0000007a                __U1RCTL = 0x7a
                0x0000007b                __U1MCTL = 0x7b
                0x0000007c                __U1BR0 = 0x7c
                0x0000007d                __U1BR1 = 0x7d
                0x0000007e                __U1RXBUF = 0x7e
                0x0000007f                __U1TXBUF = 0x7f
                0x00000050                __I2CIE = 0x50
                0x00000051                __I2CIFG = 0x51
                0x00000052                __I2CNDAT = 0x52
                0x00000071                __I2CTCTL = 0x71
                0x00000072                __I2CDCTL = 0x72
                0x00000073                __I2CPSC = 0x73
                0x00000074                __I2CSCLH = 0x74
                0x00000075                __I2CSCLL = 0x75
                0x00000076                __I2CDRB = 0x76
                0x00000076                __I2CDRW = 0x76
                0x00000118                __I2COA = 0x118
                0x0000011a                __I2CSA = 0x11a
                0x0000011c                __I2CIV = 0x11c
                0x0000012e                __TAIV = 0x12e
                0x00000160                __TACTL = 0x160
                0x00000162                __TACCTL0 = 0x162
                0x00000164                __TACCTL1 = 0x164
                0x00000166                __TACCTL2 = 0x166
                0x00000170                __TAR = 0x170
                0x00000172                __TACCR0 = 0x172
                0x00000174                __TACCR1 = 0x174
                0x00000176                __TACCR2 = 0x176
                0x0000011e                __TBIV = 0x11e
                0x00000180                __TBCTL = 0x180
                0x00000182                __TBCCTL0 = 0x182
                0x00000184                __TBCCTL1 = 0x184
                0x00000186                __TBCCTL2 = 0x186
                0x00000188                __TBCCTL3 = 0x188
                0x0000018a                __TBCCTL4 = 0x18a
                0x0000018c                __TBCCTL5 = 0x18c
                0x0000018e                __TBCCTL6 = 0x18e
                0x00000190                __TBR = 0x190
                0x00000192                __TBCCR0 = 0x192
                0x00000194                __TBCCR1 = 0x194
                0x00000196                __TBCCR2 = 0x196
                0x00000198                __TBCCR3 = 0x198
                0x0000019a                __TBCCR4 = 0x19a
                0x0000019c                __TBCCR5 = 0x19c
                0x0000019e                __TBCCR6 = 0x19e
                0x00000056                __DCOCTL = 0x56
                0x00000057                __BCSCTL1 = 0x57
                0x00000058                __BCSCTL2 = 0x58
                0x00000055                __SVSCTL = 0x55
                0x00000128                __FCTL1 = 0x128
                0x0000012a                __FCTL2 = 0x12a
                0x0000012c                __FCTL3 = 0x12c
                0x00000059                __CACTL1 = 0x59
                0x0000005a                __CACTL2 = 0x5a
                0x0000005b                __CAPD = 0x5b
                0x000001a0                __ADC12CTL0 = 0x1a0
                0x000001a2                __ADC12CTL1 = 0x1a2
                0x000001a4                __ADC12IFG = 0x1a4
                0x000001a6                __ADC12IE = 0x1a6
                0x000001a8                __ADC12IV = 0x1a8
                0x00000140                __ADC12MEM0 = 0x140
                0x00000142                __ADC12MEM1 = 0x142
                0x00000144                __ADC12MEM2 = 0x144
                0x00000146                __ADC12MEM3 = 0x146
                0x00000148                __ADC12MEM4 = 0x148
                0x0000014a                __ADC12MEM5 = 0x14a
                0x0000014c                __ADC12MEM6 = 0x14c
                0x0000014e                __ADC12MEM7 = 0x14e
                0x00000150                __ADC12MEM8 = 0x150
                0x00000152                __ADC12MEM9 = 0x152
                0x00000154                __ADC12MEM10 = 0x154
                0x00000156                __ADC12MEM11 = 0x156
                0x00000158                __ADC12MEM12 = 0x158
                0x0000015a                __ADC12MEM13 = 0x15a
                0x0000015c                __ADC12MEM14 = 0x15c
                0x0000015e                __ADC12MEM15 = 0x15e
                0x00000080                __ADC12MCTL0 = 0x80
                0x00000081                __ADC12MCTL1 = 0x81
                0x00000082                __ADC12MCTL2 = 0x82
                0x00000083                __ADC12MCTL3 = 0x83
                0x00000084                __ADC12MCTL4 = 0x84
                0x00000085                __ADC12MCTL5 = 0x85
                0x00000086                __ADC12MCTL6 = 0x86
                0x00000087                __ADC12MCTL7 = 0x87
                0x00000088                __ADC12MCTL8 = 0x88
                0x00000089                __ADC12MCTL9 = 0x89
                0x0000008a                __ADC12MCTL10 = 0x8a
                0x0000008b                __ADC12MCTL11 = 0x8b
                0x0000008c                __ADC12MCTL12 = 0x8c
                0x0000008d                __ADC12MCTL13 = 0x8d
                0x0000008e                __ADC12MCTL14 = 0x8e
                0x0000008f                __ADC12MCTL15 = 0x8f
                0x000001c0                __DAC12_0CTL = 0x1c0
                0x000001c2                __DAC12_1CTL = 0x1c2
                0x000001c8                __DAC12_0DAT = 0x1c8
                0x000001ca                __DAC12_1DAT = 0x1ca
                0x00000122                __DMACTL0 = 0x122
                0x00000124                __DMACTL1 = 0x124
                0x000001e0                __DMA0CTL = 0x1e0
                0x000001e8                __DMA1CTL = 0x1e8
                0x000001f0                __DMA2CTL = 0x1f0
                0x000001e2                __DMA0SA = 0x1e2
                0x000001e4                __DMA0DA = 0x1e4
                0x000001e6                __DMA0SZ = 0x1e6
                0x000001ea                __DMA1SA = 0x1ea
                0x000001ec                __DMA1DA = 0x1ec
                0x000001ee                __DMA1SZ = 0x1ee
                0x000001f2                __DMA2SA = 0x1f2
                0x000001f4                __DMA2DA = 0x1f4
                0x000001f6                __DMA2SZ = 0x1f6

.hash
 *(.hash)

.dynsym
 *(.dynsym)

.dynstr
 *(.dynstr)

.gnu.version
 *(.gnu.version)

.gnu.version_d
 *(.gnu.version_d)

.gnu.version_r
 *(.gnu.version_r)

.rel.init
 *(.rel.init)

.rela.init
 *(.rela.init)

.rel.fini
 *(.rel.fini)

.rela.fini
 *(.rela.fini)

.rel.text
 *(.rel.text .rel.text.* .rel.gnu.linkonce.t.*)

.rela.text
 *(.rela.text .rela.text.* .rela.gnu.linkonce.t.*)

.rel.rodata
 *(.rel.rodata .rel.rodata.* .rel.gnu.linkonce.r.*)

.rela.rodata
 *(.rela.rodata .rela.rodata.* .rela.gnu.linkonce.r.*)

.rel.data
 *(.rel.data .rel.data.* .rel.gnu.linkonce.d.*)

.rela.data
 *(.rela.data .rela.data.* .rela.gnu.linkonce.d.*)

.rel.bss
 *(.rel.bss .rel.bss.* .rel.gnu.linkonce.b.*)

.rela.bss
 *(.rela.bss .rela.bss.* .rela.gnu.linkonce.b.*)

.rel.ctors
 *(.rel.ctors)

.rela.ctors
 *(.rela.ctors)

.rel.dtors
 *(.rel.dtors)

.rela.dtors
 *(.rela.dtors)

.rel.got
 *(.rel.got)

.rela.got
 *(.rela.got)

.rel.plt
 *(.rel.plt)

.rela.plt
 *(.rela.plt)

.text           0x00004000     0xaeb8
                0x00004000                . = ALIGN (0x2)
 *(.init .init.*)
 *(.init0)
 .init0         0x00004000        0x0 /usr/local/bin/../lib/gcc/msp430/4.7.2/mmpy-16/libcrt0.a(_reset_vector__.o)
                0x00004000                _reset_vector__
 *(.init1)
 .init1         0x00004000        0xc /usr/local/bin/../lib/gcc/msp430/4.7.2/mmpy-16/libcrt0.a(__watchdog_support.o)
                0x00004000                __watchdog_support
 *(.init2)
 .init2         0x0000400c        0x4 /usr/local/bin/../lib/gcc/msp430/4.7.2/mmpy-16/libcrt0.a(__init_stack.o)
                0x0000400c                __init_stack
 *(.init3)
 .init3         0x00004010        0x0 /usr/local/bin/../lib/gcc/msp430/4.7.2/mmpy-16/libcrt0.a(__low_level_init.o)
                0x00004010                __low_level_init
 *(.init4)
 .init4         0x00004010       0x18 /usr/local/bin/../lib/gcc/msp430/4.7.2/mmpy-16/libcrt0.a(_copy_data.o)
                0x00004010                __do_copy_data
 .init4         0x00004028       0x16 /usr/local/bin/../lib/gcc/msp430/4.7.2/mmpy-16/libcrt0.a(_clear_bss.o)
                0x00004028                __do_clear_bss
 *(.init5)
 *(.init6)
 *(.init7)
 *(.init8)
 *(.init9)
 .init9         0x0000403e      0x232 build/sky/obj/contiki-main.o
                0x0000403e                main
 *(.fini9)
 .fini9         0x00004270        0x0 /usr/local/bin/../lib/gcc/msp430/4.7.2/mmpy-16/libcrt0.a(__stop_progExec__.o)
                0x00004270                __stop_progExec__
 *(.fini8)
 *(.fini7)
 *(.fini6)
 *(.fini5)
 *(.fini4)
 *(.fini3)
 *(.fini2)
 *(.fini1)
 *(.fini0)
 .fini0         0x00004270        0x6 /usr/local/bin/../lib/gcc/msp430/4.7.2/mmpy-16/libcrt0.a(_endless_loop__.o)
                0x00004270                _endless_loop__
 *(.fini .fini.*)
                0x00004276                . = ALIGN (0x2)
                0x00004276                __ctors_start = .
 *(.ctors)
                0x00004276                __ctors_end = .
                0x00004276                __dtors_start = .
 *(.dtors)
                0x00004276                __dtors_end = .
                0x00004276                . = ALIGN (0x2)
 *(.text .text.* .gnu.linkonce.t.*)
 .text          0x00004276        0x4 /usr/local/bin/../lib/gcc/msp430/4.7.2/mmpy-16/crt0ivtbl16.o
                0x00004276                __isr_14
                0x00004276                __isr_11
                0x00004276                __isr_2
                0x00004276                __isr_7
                0x00004276                __isr_0
                0x00004276                __isr_8
                0x00004276                __isr_3
                0x00004276                __isr_12
                0x00004276                __isr_13
                0x00004276                __isr_9
 .text.process_thread_contiki_ng_br
                0x0000427a       0x32 border-router.o
 .text.putchar  0x000042ac       0x3c build/sky/contiki-ng-sky.a(uart1-putchar.o)
                0x000042ac                putchar
 .text.platform_init_stage_one
                0x000042e8       0x12 build/sky/contiki-ng-sky.a(platform.o)
                0x000042e8                platform_init_stage_one
 .text.platform_init_stage_two
                0x000042fa       0x64 build/sky/contiki-ng-sky.a(platform.o)
                0x000042fa                platform_init_stage_two
 .text.platform_init_stage_three
                0x0000435e       0x7a build/sky/contiki-ng-sky.a(platform.o)
                0x0000435e                platform_init_stage_three
 .text.platform_idle
                0x000043d8       0x54 build/sky/contiki-ng-sky.a(platform.o)
                0x000043d8                platform_idle
 .text.msp430_init_dco
                0x0000442c       0x82 build/sky/contiki-ng-sky.a(msp430.o)
                0x0000442c                msp430_init_dco
 .text.msp430_add_lpm_req
                0x000044ae        0xc build/sky/contiki-ng-sky.a(msp430.o)
                0x000044ae                msp430_add_lpm_req
 .text.msp430_cpu_init
                0x000044ba       0x2a build/sky/contiki-ng-sky.a(msp430.o)
                0x000044ba                msp430_cpu_init
 .text.splhigh_
                0x000044e4        0x8 build/sky/contiki-ng-sky.a(msp430.o)
                0x000044e4                splhigh_
 .text.msp430_sync_dco
                0x000044ec       0x6c build/sky/contiki-ng-sky.a(msp430.o)
                0x000044ec                msp430_sync_dco
 .text.timera1  0x00004558       0xdc build/sky/contiki-ng-sky.a(clock.o)
                0x00004558                __isr_5
                0x00004558                timera1
 .text.clock_time
                0x00004634       0x1a build/sky/contiki-ng-sky.a(clock.o)
                0x00004634                clock_time
 .text.clock_init
                0x0000464e       0x28 build/sky/contiki-ng-sky.a(clock.o)
                0x0000464e                clock_init
 .text.clock_delay
                0x00004676        0xc build/sky/contiki-ng-sky.a(clock.o)
                0x00004676                clock_delay
 .text.clock_seconds
                0x00004682       0x1a build/sky/contiki-ng-sky.a(clock.o)
                0x00004682                clock_seconds
 .text.leds_init
                0x0000469c        0x6 build/sky/contiki-ng-sky.a(leds.o)
                0x0000469c                leds_init
 .text.leds_on  0x000046a2       0x12 build/sky/contiki-ng-sky.a(leds.o)
                0x000046a2                leds_on
 .text.leds_off
                0x000046b4       0x12 build/sky/contiki-ng-sky.a(leds.o)
                0x000046b4                leds_off
 .text.leds_arch_init
                0x000046c6        0xe build/sky/contiki-ng-sky.a(leds-arch.o)
                0x000046c6                leds_arch_init
 .text.leds_arch_get
                0x000046d4       0x34 build/sky/contiki-ng-sky.a(leds-arch.o)
                0x000046d4                leds_arch_get
 .text.leds_arch_set
                0x00004708       0x3e build/sky/contiki-ng-sky.a(leds-arch.o)
                0x00004708                leds_arch_set
 .text.watchdog_interrupt
                0x00004746        0x6 build/sky/contiki-ng-sky.a(watchdog.o)
                0x00004746                __isr_10
                0x00004746                watchdog_interrupt
 .text.watchdog_start
                0x0000474c       0x14 build/sky/contiki-ng-sky.a(watchdog.o)
                0x0000474c                watchdog_start
 .text.watchdog_periodic
                0x00004760       0x12 build/sky/contiki-ng-sky.a(watchdog.o)
                0x00004760                watchdog_periodic
 .text.watchdog_stop
                0x00004772       0x16 build/sky/contiki-ng-sky.a(watchdog.o)
                0x00004772                watchdog_stop
 .text.watchdog_init
                0x00004788       0x12 build/sky/contiki-ng-sky.a(watchdog.o)
                0x00004788                watchdog_init
 .text.print_local_addresses
                0x0000479a       0x8e build/sky/contiki-ng-sky.a(rpl-border-rout)
                0x0000479a                print_local_addresses
 .text.set_prefix_64
                0x00004828       0x16 build/sky/contiki-ng-sky.a(rpl-border-rout)
                0x00004828                set_prefix_64
 .text.rpl_border_router_init
                0x0000483e        0xc build/sky/contiki-ng-sky.a(rpl-border-rout)
                0x0000483e                rpl_border_router_init
 .text.autostart_start
                0x0000484a       0x16 build/sky/contiki-ng-sky.a(autostart.o)
                0x0000484a                autostart_start
 .text.process_thread_ctimer_process
                0x00004860       0xa8 build/sky/contiki-ng-sky.a(ctimer.o)
 .text.ctimer_init
                0x00004908       0x18 build/sky/contiki-ng-sky.a(ctimer.o)
                0x00004908                ctimer_init
 .text.ctimer_set_with_process
                0x00004920       0x4e build/sky/contiki-ng-sky.a(ctimer.o)
                0x00004920                ctimer_set_with_process
 .text.ctimer_set
                0x0000496e       0x10 build/sky/contiki-ng-sky.a(ctimer.o)
                0x0000496e                ctimer_set
 .text.ctimer_reset
                0x0000497e       0x30 build/sky/contiki-ng-sky.a(ctimer.o)
                0x0000497e                ctimer_reset
 .text.ctimer_stop
                0x000049ae       0x28 build/sky/contiki-ng-sky.a(ctimer.o)
                0x000049ae                ctimer_stop
 .text.energest_init
                0x000049d6        0x2 build/sky/contiki-ng-sky.a(energest.o)
                0x000049d6                energest_init
 .text.energest_flush
                0x000049d8        0x2 build/sky/contiki-ng-sky.a(energest.o)
                0x000049d8                energest_flush
 .text.update_time
                0x000049da       0x78 build/sky/contiki-ng-sky.a(etimer.o)
 .text.etimer_request_poll
                0x00004a52        0xa build/sky/contiki-ng-sky.a(etimer.o)
                0x00004a52                etimer_request_poll
 .text.process_thread_etimer_process
                0x00004a5c       0xcc build/sky/contiki-ng-sky.a(etimer.o)
 .text.add_timer
                0x00004b28       0x40 build/sky/contiki-ng-sky.a(etimer.o)
 .text.etimer_set
                0x00004b68       0x12 build/sky/contiki-ng-sky.a(etimer.o)
                0x00004b68                etimer_set
 .text.etimer_reset
                0x00004b7a       0x12 build/sky/contiki-ng-sky.a(etimer.o)
                0x00004b7a                etimer_reset
 .text.etimer_expired
                0x00004b8c        0xe build/sky/contiki-ng-sky.a(etimer.o)
                0x00004b8c                etimer_expired
 .text.etimer_expiration_time
                0x00004b9a       0x14 build/sky/contiki-ng-sky.a(etimer.o)
                0x00004b9a                etimer_expiration_time
 .text.etimer_pending
                0x00004bae        0xc build/sky/contiki-ng-sky.a(etimer.o)
                0x00004bae                etimer_pending
 .text.etimer_next_expiration_time
                0x00004bba       0x16 build/sky/contiki-ng-sky.a(etimer.o)
                0x00004bba                etimer_next_expiration_time
 .text.etimer_stop
                0x00004bd0       0x3e build/sky/contiki-ng-sky.a(etimer.o)
                0x00004bd0                etimer_stop
 .text.log_6addr
                0x00004c0e       0x32 build/sky/contiki-ng-sky.a(log.o)
                0x00004c0e                log_6addr
 .text.log_lladdr
                0x00004c40       0x44 build/sky/contiki-ng-sky.a(log.o)
                0x00004c40                log_lladdr
 .text.rtimer_init
                0x00004c84        0x6 build/sky/contiki-ng-sky.a(rtimer.o)
                0x00004c84                rtimer_init
 .text.rtimer_run_next
                0x00004c8a       0x26 build/sky/contiki-ng-sky.a(rtimer.o)
                0x00004c8a                rtimer_run_next
 .text.node_id_init
                0x00004cb0       0x14 build/sky/contiki-ng-sky.a(node-id.o)
                0x00004cb0                node_id_init
 .text.call_process
                0x00004cc4       0x46 build/sky/contiki-ng-sky.a(process.o)
 .text.exit_process
                0x00004d0a       0x96 build/sky/contiki-ng-sky.a(process.o)
 .text.do_poll  0x00004da0       0x30 build/sky/contiki-ng-sky.a(process.o)
 .text.process_alloc_event
                0x00004dd0        0xe build/sky/contiki-ng-sky.a(process.o)
                0x00004dd0                process_alloc_event
 .text.process_init
                0x00004dde       0x18 build/sky/contiki-ng-sky.a(process.o)
                0x00004dde                process_init
 .text.process_run
                0x00004df6       0x92 build/sky/contiki-ng-sky.a(process.o)
                0x00004df6                process_run
 .text.process_nevents
                0x00004e88        0xe build/sky/contiki-ng-sky.a(process.o)
                0x00004e88                process_nevents
 .text.process_post
                0x00004e96       0x42 build/sky/contiki-ng-sky.a(process.o)
                0x00004e96                process_post
 .text.process_post_synch
                0x00004ed8       0x12 build/sky/contiki-ng-sky.a(process.o)
                0x00004ed8                process_post_synch
 .text.process_start
                0x00004eea       0x36 build/sky/contiki-ng-sky.a(process.o)
                0x00004eea                process_start
 .text.process_poll
                0x00004f20       0x18 build/sky/contiki-ng-sky.a(process.o)
                0x00004f20                process_poll
 .text.timer_set
                0x00004f38       0x1c build/sky/contiki-ng-sky.a(timer.o)
                0x00004f38                timer_set
 .text.timer_expired
                0x00004f54       0x2a build/sky/contiki-ng-sky.a(timer.o)
                0x00004f54                timer_expired
 .text.timer_reset
                0x00004f7e       0x1c build/sky/contiki-ng-sky.a(timer.o)
                0x00004f7e                timer_reset
 .text.list_init
                0x00004f9a        0x6 build/sky/contiki-ng-sky.a(list.o)
                0x00004f9a                list_init
 .text.list_head
                0x00004fa0        0x4 build/sky/contiki-ng-sky.a(list.o)
                0x00004fa0                list_head
 .text.list_tail
                0x00004fa4       0x12 build/sky/contiki-ng-sky.a(list.o)
                0x00004fa4                list_tail
 .text.list_remove
                0x00004fb6       0x34 build/sky/contiki-ng-sky.a(list.o)
                0x00004fb6                list_remove
 .text.list_push
                0x00004fea       0x1a build/sky/contiki-ng-sky.a(list.o)
                0x00004fea                list_push
 .text.list_add
                0x00005004       0x2a build/sky/contiki-ng-sky.a(list.o)
                0x00005004                list_add
 .text.list_length
                0x0000502e       0x10 build/sky/contiki-ng-sky.a(list.o)
                0x0000502e                list_length
 .text.list_item_next
                0x0000503e        0xc build/sky/contiki-ng-sky.a(list.o)
                0x0000503e                list_item_next
 .text.random_init
                0x0000504a        0x6 build/sky/contiki-ng-sky.a(random.o)
                0x0000504a                random_init
 .text.random_rand
                0x00005050        0x6 build/sky/contiki-ng-sky.a(random.o)
                0x00005050                random_rand
 .text.queuebuf_init
                0x00005056       0x12 build/sky/contiki-ng-sky.a(queuebuf.o)
                0x00005056                queuebuf_init
 .text.queuebuf_numfree
                0x00005068        0xa build/sky/contiki-ng-sky.a(queuebuf.o)
                0x00005068                queuebuf_numfree
 .text.queuebuf_new_from_packetbuf
                0x00005072       0x52 build/sky/contiki-ng-sky.a(queuebuf.o)
                0x00005072                queuebuf_new_from_packetbuf
 .text.queuebuf_update_attr_from_packetbuf
                0x000050c4       0x12 build/sky/contiki-ng-sky.a(queuebuf.o)
                0x000050c4                queuebuf_update_attr_from_packetbuf
 .text.queuebuf_free
                0x000050d6       0x2a build/sky/contiki-ng-sky.a(queuebuf.o)
                0x000050d6                queuebuf_free
 .text.queuebuf_to_packetbuf
                0x00005100       0x32 build/sky/contiki-ng-sky.a(queuebuf.o)
                0x00005100                queuebuf_to_packetbuf
 .text.packetbuf_hdrreduce
                0x00005132       0x1a build/sky/contiki-ng-sky.a(packetbuf.o)
                0x00005132                packetbuf_hdrreduce
 .text.packetbuf_set_datalen
                0x0000514c        0x6 build/sky/contiki-ng-sky.a(packetbuf.o)
                0x0000514c                packetbuf_set_datalen
 .text.packetbuf_hdrptr
                0x00005152        0x6 build/sky/contiki-ng-sky.a(packetbuf.o)
                0x00005152                packetbuf_hdrptr
 .text.packetbuf_datalen
                0x00005158        0x6 build/sky/contiki-ng-sky.a(packetbuf.o)
                0x00005158                packetbuf_datalen
 .text.packetbuf_hdrlen
                0x0000515e        0xa build/sky/contiki-ng-sky.a(packetbuf.o)
                0x0000515e                packetbuf_hdrlen
 .text.packetbuf_dataptr
                0x00005168        0xc build/sky/contiki-ng-sky.a(packetbuf.o)
                0x00005168                packetbuf_dataptr
 .text.packetbuf_copyto
                0x00005174       0x46 build/sky/contiki-ng-sky.a(packetbuf.o)
                0x00005174                packetbuf_copyto
 .text.packetbuf_totlen
                0x000051ba        0xc build/sky/contiki-ng-sky.a(packetbuf.o)
                0x000051ba                packetbuf_totlen
 .text.packetbuf_hdralloc
                0x000051c6       0x3c build/sky/contiki-ng-sky.a(packetbuf.o)
                0x000051c6                packetbuf_hdralloc
 .text.packetbuf_attr_clear
                0x00005202       0x28 build/sky/contiki-ng-sky.a(packetbuf.o)
                0x00005202                packetbuf_attr_clear
 .text.packetbuf_clear
                0x0000522a       0x12 build/sky/contiki-ng-sky.a(packetbuf.o)
                0x0000522a                packetbuf_clear
 .text.packetbuf_copyfrom
                0x0000523c       0x2e build/sky/contiki-ng-sky.a(packetbuf.o)
                0x0000523c                packetbuf_copyfrom
 .text.packetbuf_attr_copyto
                0x0000526a       0x22 build/sky/contiki-ng-sky.a(packetbuf.o)
                0x0000526a                packetbuf_attr_copyto
 .text.packetbuf_attr_copyfrom
                0x0000528c       0x24 build/sky/contiki-ng-sky.a(packetbuf.o)
                0x0000528c                packetbuf_attr_copyfrom
 .text.packetbuf_set_attr
                0x000052b0        0xc build/sky/contiki-ng-sky.a(packetbuf.o)
                0x000052b0                packetbuf_set_attr
 .text.packetbuf_attr
                0x000052bc        0xa build/sky/contiki-ng-sky.a(packetbuf.o)
                0x000052bc                packetbuf_attr
 .text.packetbuf_set_addr
                0x000052c6       0x18 build/sky/contiki-ng-sky.a(packetbuf.o)
                0x000052c6                packetbuf_set_addr
 .text.packetbuf_addr
                0x000052de       0x12 build/sky/contiki-ng-sky.a(packetbuf.o)
                0x000052de                packetbuf_addr
 .text.packetbuf_holds_broadcast
                0x000052f0        0xe build/sky/contiki-ng-sky.a(packetbuf.o)
                0x000052f0                packetbuf_holds_broadcast
 .text.netstack_process_ip_callback
                0x000052fe       0x4e build/sky/contiki-ng-sky.a(netstack.o)
                0x000052fe                netstack_process_ip_callback
 .text.netstack_init
                0x0000534c        0xe build/sky/contiki-ng-sky.a(netstack.o)
                0x0000534c                netstack_init
 .text.linkaddr_copy
                0x0000535a        0x8 build/sky/contiki-ng-sky.a(linkaddr.o)
                0x0000535a                linkaddr_copy
 .text.linkaddr_cmp
                0x00005362       0x12 build/sky/contiki-ng-sky.a(linkaddr.o)
                0x00005362                linkaddr_cmp
 .text.linkaddr_set_node_addr
                0x00005374        0xc build/sky/contiki-ng-sky.a(linkaddr.o)
                0x00005374                linkaddr_set_node_addr
 .text.on       0x00005380        0x6 build/sky/contiki-ng-sky.a(csma.o)
 .text.off      0x00005386        0x6 build/sky/contiki-ng-sky.a(csma.o)
 .text.max_payload
                0x0000538c       0x38 build/sky/contiki-ng-sky.a(csma.o)
 .text.send_packet
                0x000053c4        0x6 build/sky/contiki-ng-sky.a(csma.o)
 .text.init     0x000053ca       0x1c build/sky/contiki-ng-sky.a(csma.o)
 .text.input_packet
                0x000053e6       0x58 build/sky/contiki-ng-sky.a(csma.o)
 .text.schedule_transmission
                0x0000543e       0x70 build/sky/contiki-ng-sky.a(csma-output.o)
 .text.tx_done  0x000054ae       0x9a build/sky/contiki-ng-sky.a(csma-output.o)
 .text.transmit_from_queue
                0x00005548      0x1bc build/sky/contiki-ng-sky.a(csma-output.o)
 .text.csma_output_packet
                0x00005704      0x184 build/sky/contiki-ng-sky.a(csma-output.o)
                0x00005704                csma_output_packet
 .text.csma_output_init
                0x00005888       0x1a build/sky/contiki-ng-sky.a(csma-output.o)
                0x00005888                csma_output_init
 .text.uip_ds6_default_prefix
                0x000058a2        0x6 build/sky/contiki-ng-sky.a(uip-ds6.o)
                0x000058a2                uip_ds6_default_prefix
 .text.uip_ds6_list_loop
                0x000058a8       0x92 build/sky/contiki-ng-sky.a(uip-ds6.o)
                0x000058a8                uip_ds6_list_loop
 .text.uip_ds6_prefix_add
                0x0000593a       0x80 build/sky/contiki-ng-sky.a(uip-ds6.o)
                0x0000593a                uip_ds6_prefix_add
 .text.uip_ds6_is_addr_onlink
                0x000059ba       0x54 build/sky/contiki-ng-sky.a(uip-ds6.o)
                0x000059ba                uip_ds6_is_addr_onlink
 .text.uip_ds6_addr_lookup
                0x00005a0e       0x2a build/sky/contiki-ng-sky.a(uip-ds6.o)
                0x00005a0e                uip_ds6_addr_lookup
 .text.uip_ds6_get_link_local
                0x00005a38       0x3e build/sky/contiki-ng-sky.a(uip-ds6.o)
                0x00005a38                uip_ds6_get_link_local
 .text.uip_ds6_maddr_add
                0x00005a76       0x4c build/sky/contiki-ng-sky.a(uip-ds6.o)
                0x00005a76                uip_ds6_maddr_add
 .text.uip_ds6_addr_add
                0x00005ac2       0xc4 build/sky/contiki-ng-sky.a(uip-ds6.o)
                0x00005ac2                uip_ds6_addr_add
 .text.uip_ds6_maddr_rm
                0x00005b86        0xa build/sky/contiki-ng-sky.a(uip-ds6.o)
                0x00005b86                uip_ds6_maddr_rm
 .text.uip_ds6_maddr_lookup
                0x00005b90       0x2a build/sky/contiki-ng-sky.a(uip-ds6.o)
                0x00005b90                uip_ds6_maddr_lookup
 .text.uip_ds6_addr_rm
                0x00005bba       0x54 build/sky/contiki-ng-sky.a(uip-ds6.o)
                0x00005bba                uip_ds6_addr_rm
 .text.uip_ds6_periodic
                0x00005c0e       0x46 build/sky/contiki-ng-sky.a(uip-ds6.o)
                0x00005c0e                uip_ds6_periodic
 .text.uip_ds6_set_addr_iid
                0x00005c54       0x14 build/sky/contiki-ng-sky.a(uip-ds6.o)
                0x00005c54                uip_ds6_set_addr_iid
 .text.uip_ds6_set_lladdr_from_iid
                0x00005c68       0x14 build/sky/contiki-ng-sky.a(uip-ds6.o)
                0x00005c68                uip_ds6_set_lladdr_from_iid
 .text.get_match_length
                0x00005c7c       0x44 build/sky/contiki-ng-sky.a(uip-ds6.o)
                0x00005c7c                get_match_length
 .text.uip_ds6_select_src
                0x00005cc0       0xaa build/sky/contiki-ng-sky.a(uip-ds6.o)
                0x00005cc0                uip_ds6_select_src
 .text.uip_ds6_compute_reachable_time
                0x00005d6a       0x3e build/sky/contiki-ng-sky.a(uip-ds6.o)
                0x00005d6a                uip_ds6_compute_reachable_time
 .text.uip_ds6_init
                0x00005da8      0x164 build/sky/contiki-ng-sky.a(uip-ds6.o)
                0x00005da8                uip_ds6_init
 .text.uiplib_ipaddr_snprint
                0x00005f0c      0x12c build/sky/contiki-ng-sky.a(uiplib.o)
                0x00005f0c                uiplib_ipaddr_snprint
 .text.tcpip_output
                0x00006038       0x22 build/sky/contiki-ng-sky.a(tcpip.o)
                0x00006038                tcpip_output
 .text.tcpip_input
                0x0000605a       0x1e build/sky/contiki-ng-sky.a(tcpip.o)
                0x0000605a                tcpip_input
 .text.tcpip_ipv6_output
                0x00006078      0x136 build/sky/contiki-ng-sky.a(tcpip.o)
                0x00006078                tcpip_ipv6_output
 .text.packet_input.part.3
                0x000061ae       0x12 build/sky/contiki-ng-sky.a(tcpip.o)
 .text.process_thread_tcpip_process
                0x000061c0       0xd0 build/sky/contiki-ng-sky.a(tcpip.o)
 .text.tcpip_uipcall
                0x00006290       0x2a build/sky/contiki-ng-sky.a(tcpip.o)
                0x00006290                tcpip_uipcall
 .text.call_route_callback
                0x000062ba       0x4c build/sky/contiki-ng-sky.a(uip-ds6-route.o)
 .text.uip_ds6_route_init
                0x00006306       0x36 build/sky/contiki-ng-sky.a(uip-ds6-route.o)
                0x00006306                uip_ds6_route_init
 .text.uip_ds6_route_nexthop
                0x0000633c       0x1a build/sky/contiki-ng-sky.a(uip-ds6-route.o)
                0x0000633c                uip_ds6_route_nexthop
 .text.uip_ds6_route_head
                0x00006356        0xa build/sky/contiki-ng-sky.a(uip-ds6-route.o)
                0x00006356                uip_ds6_route_head
 .text.uip_ds6_route_next
                0x00006360        0xe build/sky/contiki-ng-sky.a(uip-ds6-route.o)
                0x00006360                uip_ds6_route_next
 .text.uip_ds6_route_is_nexthop
                0x0000636e       0x22 build/sky/contiki-ng-sky.a(uip-ds6-route.o)
                0x0000636e                uip_ds6_route_is_nexthop
 .text.uip_ds6_route_lookup
                0x00006390       0x94 build/sky/contiki-ng-sky.a(uip-ds6-route.o)
                0x00006390                uip_ds6_route_lookup
 .text.uip_ds6_route_rm
                0x00006424       0x9a build/sky/contiki-ng-sky.a(uip-ds6-route.o)
                0x00006424                uip_ds6_route_rm
 .text.rm_routelist
                0x000064be       0x34 build/sky/contiki-ng-sky.a(uip-ds6-route.o)
 .text.rm_routelist_callback
                0x000064f2        0x6 build/sky/contiki-ng-sky.a(uip-ds6-route.o)
 .text.uip_ds6_route_add
                0x000064f8      0x118 build/sky/contiki-ng-sky.a(uip-ds6-route.o)
                0x000064f8                uip_ds6_route_add
 .text.uip_ds6_defrt_rm
                0x00006610       0x48 build/sky/contiki-ng-sky.a(uip-ds6-route.o)
                0x00006610                uip_ds6_defrt_rm
 .text.uip_ds6_defrt_lookup
                0x00006658       0x40 build/sky/contiki-ng-sky.a(uip-ds6-route.o)
                0x00006658                uip_ds6_defrt_lookup
 .text.uip_ds6_defrt_add
                0x00006698       0x7c build/sky/contiki-ng-sky.a(uip-ds6-route.o)
                0x00006698                uip_ds6_defrt_add
 .text.uip_ds6_defrt_choose
                0x00006714       0x3a build/sky/contiki-ng-sky.a(uip-ds6-route.o)
                0x00006714                uip_ds6_defrt_choose
 .text.uip_ds6_defrt_periodic
                0x0000674e       0x38 build/sky/contiki-ng-sky.a(uip-ds6-route.o)
                0x0000674e                uip_ds6_defrt_periodic
 .text.chksum   0x00006786       0x32 build/sky/contiki-ng-sky.a(uip6.o)
 .text.upper_layer_chksum
                0x000067b8       0x58 build/sky/contiki-ng-sky.a(uip6.o)
 .text.ext_hdr_options_process
                0x00006810       0xa4 build/sky/contiki-ng-sky.a(uip6.o)
 .text.uip_check_mtu
                0x000068b4       0x1e build/sky/contiki-ng-sky.a(uip6.o)
 .text.uip_update_ttl
                0x000068d2       0x24 build/sky/contiki-ng-sky.a(uip6.o)
 .text.uip_icmp6chksum
                0x000068f6        0xa build/sky/contiki-ng-sky.a(uip6.o)
                0x000068f6                uip_icmp6chksum
 .text.uip_udpchksum
                0x00006900        0xa build/sky/contiki-ng-sky.a(uip6.o)
                0x00006900                uip_udpchksum
 .text.uip_init
                0x0000690a       0x3c build/sky/contiki-ng-sky.a(uip6.o)
                0x0000690a                uip_init
 .text.uip_remove_ext_hdr
                0x00006946       0x5e build/sky/contiki-ng-sky.a(uip6.o)
                0x00006946                uip_remove_ext_hdr
 .text.uip_process
                0x000069a4      0x4be build/sky/contiki-ng-sky.a(uip6.o)
                0x000069a4                uip_process
 .text.uip_htonl
                0x00006e62       0x2e build/sky/contiki-ng-sky.a(uip6.o)
                0x00006e62                uip_htonl
 .text.uip_ds6_nbr_rm
                0x00006e90       0x1e build/sky/contiki-ng-sky.a(uip-ds6-nbr.o)
                0x00006e90                uip_ds6_nbr_rm
 .text.uip_ds6_neighbors_init
                0x00006eae       0x12 build/sky/contiki-ng-sky.a(uip-ds6-nbr.o)
                0x00006eae                uip_ds6_neighbors_init
 .text.uip_ds6_nbr_get_ll
                0x00006ec0        0xc build/sky/contiki-ng-sky.a(uip-ds6-nbr.o)
                0x00006ec0                uip_ds6_nbr_get_ll
 .text.uip_ds6_nbr_head
                0x00006ecc        0xa build/sky/contiki-ng-sky.a(uip-ds6-nbr.o)
                0x00006ecc                uip_ds6_nbr_head
 .text.uip_ds6_nbr_next
                0x00006ed6        0xc build/sky/contiki-ng-sky.a(uip-ds6-nbr.o)
                0x00006ed6                uip_ds6_nbr_next
 .text.uip_ds6_nbr_lookup
                0x00006ee2       0x3a build/sky/contiki-ng-sky.a(uip-ds6-nbr.o)
                0x00006ee2                uip_ds6_nbr_lookup
 .text.uip_ds6_nbr_ll_lookup
                0x00006f1c        0xc build/sky/contiki-ng-sky.a(uip-ds6-nbr.o)
                0x00006f1c                uip_ds6_nbr_ll_lookup
 .text.uip_ds6_nbr_ipaddr_from_lladdr
                0x00006f28        0x6 build/sky/contiki-ng-sky.a(uip-ds6-nbr.o)
                0x00006f28                uip_ds6_nbr_ipaddr_from_lladdr
 .text.uip_ds6_nbr_lladdr_from_ipaddr
                0x00006f2e       0x12 build/sky/contiki-ng-sky.a(uip-ds6-nbr.o)
                0x00006f2e                uip_ds6_nbr_lladdr_from_ipaddr
 .text.uip_ds6_link_callback
                0x00006f40        0x2 build/sky/contiki-ng-sky.a(uip-ds6-nbr.o)
                0x00006f40                uip_ds6_link_callback
 .text.logging_neighbours_list
                0x00006f42       0x14 build/sky/contiki-ng-sky.a(uip-ds6-nbr.o)
                0x00006f42                logging_neighbours_list
 .text.uip_ds6_nbr_add
                0x00006f56       0x46 build/sky/contiki-ng-sky.a(uip-ds6-nbr.o)
                0x00006f56                uip_ds6_nbr_add
 .text.uip_ds6_nbr_update_ll
                0x00006f9c       0x76 build/sky/contiki-ng-sky.a(uip-ds6-nbr.o)
                0x00006f9c                uip_ds6_nbr_update_ll
 .text.ns_input
                0x00007012      0x286 build/sky/contiki-ng-sky.a(uip-nd6.o)
 .text.uip_nd6_init
                0x00007298        0xa build/sky/contiki-ng-sky.a(uip-nd6.o)
                0x00007298                uip_nd6_init
 .text.clear_fragments
                0x000072a2       0x40 build/sky/contiki-ng-sky.a(sicslowpan.o)
 .text.addr_context_lookup_by_number
                0x000072e2       0x16 build/sky/contiki-ng-sky.a(sicslowpan.o)
 .text.sicslowpan_init
                0x000072f8       0x18 build/sky/contiki-ng-sky.a(sicslowpan.o)
                0x000072f8                sicslowpan_init
 .text.set_packet_attrs
                0x00007310       0x66 build/sky/contiki-ng-sky.a(sicslowpan.o)
 .text.compress_addr_64
                0x00007376       0xae build/sky/contiki-ng-sky.a(sicslowpan.o)
 .text.addr_context_lookup_by_prefix
                0x00007424       0x20 build/sky/contiki-ng-sky.a(sicslowpan.o)
 .text.send_packet
                0x00007444       0x1a build/sky/contiki-ng-sky.a(sicslowpan.o)
 .text.fragment_copy_payload_and_send
                0x0000745e       0x66 build/sky/contiki-ng-sky.a(sicslowpan.o)
 .text.output   0x000074c4      0x7c2 build/sky/contiki-ng-sky.a(sicslowpan.o)
 .text.packet_sent
                0x00007c86       0x56 build/sky/contiki-ng-sky.a(sicslowpan.o)
 .text.store_fragment
                0x00007cdc       0xc8 build/sky/contiki-ng-sky.a(sicslowpan.o)
 .text.add_fragment
                0x00007da4      0x1fc build/sky/contiki-ng-sky.a(sicslowpan.o)
 .text.uncompress_addr
                0x00007fa0       0xb4 build/sky/contiki-ng-sky.a(sicslowpan.o)
 .text.input    0x00008054      0x832 build/sky/contiki-ng-sky.a(sicslowpan.o)
 .text.leave_network
                0x00008886        0x2 build/sky/contiki-ng-sky.a(rpl.o)
 .text.rpl_is_in_leaf_mode
                0x00008888        0x4 build/sky/contiki-ng-sky.a(rpl.o)
                0x00008888                rpl_is_in_leaf_mode
 .text.drop_route
                0x0000888c       0x1a build/sky/contiki-ng-sky.a(rpl.o)
 .text.global_repair
                0x000088a6       0x1a build/sky/contiki-ng-sky.a(rpl.o)
 .text.get_root_ipaddr
                0x000088c0       0x26 build/sky/contiki-ng-sky.a(rpl.o)
 .text.local_repair
                0x000088e6       0x12 build/sky/contiki-ng-sky.a(rpl.o)
 .text.get_sr_node_ipaddr
                0x000088f8       0x34 build/sky/contiki-ng-sky.a(rpl.o)
 .text.init     0x0000892c       0x44 build/sky/contiki-ng-sky.a(rpl.o)
 .text.rpl_ipv6_neighbor_callback
                0x00008970       0x1e build/sky/contiki-ng-sky.a(rpl.o)
                0x00008970                rpl_ipv6_neighbor_callback
 .text.rpl_link_callback
                0x0000898e       0x5a build/sky/contiki-ng-sky.a(rpl.o)
                0x0000898e                rpl_link_callback
 .text.rpl_get_mode
                0x000089e8        0x6 build/sky/contiki-ng-sky.a(rpl.o)
                0x000089e8                rpl_get_mode
 .text.rpl_purge_routes
                0x000089ee       0x94 build/sky/contiki-ng-sky.a(rpl.o)
                0x000089ee                rpl_purge_routes
 .text.rpl_remove_routes
                0x00008a82       0x22 build/sky/contiki-ng-sky.a(rpl.o)
                0x00008a82                rpl_remove_routes
 .text.rpl_remove_routes_by_nexthop
                0x00008aa4       0x46 build/sky/contiki-ng-sky.a(rpl.o)
                0x00008aa4                rpl_remove_routes_by_nexthop
 .text.rpl_add_route
                0x00008aea       0x5c build/sky/contiki-ng-sky.a(rpl.o)
                0x00008aea                rpl_add_route
 .text.rpl_purge_dags
                0x00008b46       0x70 build/sky/contiki-ng-sky.a(rpl.o)
                0x00008b46                rpl_purge_dags
 .text.lollipop_greater_than
                0x00008bb6       0x3c build/sky/contiki-ng-sky.a(rpl-dag.o)
 .text.find_parent_any_dag_any_instance
                0x00008bf2       0x14 build/sky/contiki-ng-sky.a(rpl-dag.o)
 .text.rpl_set_preferred_parent
                0x00008c06       0x30 build/sky/contiki-ng-sky.a(rpl-dag.o)
 .text.set_ip_from_prefix
                0x00008c36       0x38 build/sky/contiki-ng-sky.a(rpl-dag.o)
 .text.check_prefix
                0x00008c6e       0x80 build/sky/contiki-ng-sky.a(rpl-dag.o)
 .text.rpl_dag_init
                0x00008cee        0xe build/sky/contiki-ng-sky.a(rpl-dag.o)
                0x00008cee                rpl_dag_init
 .text.rpl_get_parent
                0x00008cfc        0xc build/sky/contiki-ng-sky.a(rpl-dag.o)
                0x00008cfc                rpl_get_parent
 .text.rpl_rank_via_parent
                0x00008d08       0x2a build/sky/contiki-ng-sky.a(rpl-dag.o)
                0x00008d08                rpl_rank_via_parent
 .text.rpl_get_parent_lladdr
                0x00008d32        0xc build/sky/contiki-ng-sky.a(rpl-dag.o)
                0x00008d32                rpl_get_parent_lladdr
 .text.rpl_parent_get_ipaddr
                0x00008d3e       0x12 build/sky/contiki-ng-sky.a(rpl-dag.o)
                0x00008d3e                rpl_parent_get_ipaddr
 .text.rpl_get_parent_link_stats
                0x00008d50        0xa build/sky/contiki-ng-sky.a(rpl-dag.o)
                0x00008d50                rpl_get_parent_link_stats
 .text.rpl_parent_is_fresh
                0x00008d5a        0xa build/sky/contiki-ng-sky.a(rpl-dag.o)
                0x00008d5a                rpl_parent_is_fresh
 .text.best_parent
                0x00008d64       0x82 build/sky/contiki-ng-sky.a(rpl-dag.o)
 .text.rpl_parent_is_reachable
                0x00008de6       0x4a build/sky/contiki-ng-sky.a(rpl-dag.o)
                0x00008de6                rpl_parent_is_reachable
 .text.rpl_set_prefix
                0x00008e30       0x9c build/sky/contiki-ng-sky.a(rpl-dag.o)
                0x00008e30                rpl_set_prefix
 .text.rpl_set_default_route
                0x00008ecc       0x3e build/sky/contiki-ng-sky.a(rpl-dag.o)
                0x00008ecc                rpl_set_default_route
 .text.rpl_alloc_instance
                0x00008f0a       0x34 build/sky/contiki-ng-sky.a(rpl-dag.o)
                0x00008f0a                rpl_alloc_instance
 .text.rpl_get_default_instance
                0x00008f3e        0x6 build/sky/contiki-ng-sky.a(rpl-dag.o)
                0x00008f3e                rpl_get_default_instance
 .text.rpl_add_parent
                0x00008f44       0x3e build/sky/contiki-ng-sky.a(rpl-dag.o)
                0x00008f44                rpl_add_parent
 .text.rpl_find_parent
                0x00008f82       0x1a build/sky/contiki-ng-sky.a(rpl-dag.o)
                0x00008f82                rpl_find_parent
 .text.rpl_find_parent_any_dag
                0x00008f9c       0x22 build/sky/contiki-ng-sky.a(rpl-dag.o)
                0x00008f9c                rpl_find_parent_any_dag
 .text.rpl_select_parent
                0x00008fbe       0x74 build/sky/contiki-ng-sky.a(rpl-dag.o)
                0x00008fbe                rpl_select_parent
 .text.rpl_select_dag
                0x00009032      0x186 build/sky/contiki-ng-sky.a(rpl-dag.o)
                0x00009032                rpl_select_dag
 .text.rpl_nullify_parent
                0x000091b8       0x60 build/sky/contiki-ng-sky.a(rpl-dag.o)
                0x000091b8                rpl_nullify_parent
 .text.rpl_remove_parent
                0x00009218       0x16 build/sky/contiki-ng-sky.a(rpl-dag.o)
                0x00009218                rpl_remove_parent
 .text.nbr_callback
                0x0000922e        0x6 build/sky/contiki-ng-sky.a(rpl-dag.o)
 .text.remove_parents.constprop.3
                0x00009234       0x30 build/sky/contiki-ng-sky.a(rpl-dag.o)
 .text.rpl_free_dag
                0x00009264       0x42 build/sky/contiki-ng-sky.a(rpl-dag.o)
                0x00009264                rpl_free_dag
 .text.rpl_move_parent
                0x000092a6       0x68 build/sky/contiki-ng-sky.a(rpl-dag.o)
                0x000092a6                rpl_move_parent
 .text.rpl_has_downward_route
                0x0000930e       0x1c build/sky/contiki-ng-sky.a(rpl-dag.o)
                0x0000930e                rpl_has_downward_route
 .text.rpl_get_dag
                0x0000932a       0x86 build/sky/contiki-ng-sky.a(rpl-dag.o)
                0x0000932a                rpl_get_dag
 .text.rpl_get_any_dag
                0x000093b0       0x16 build/sky/contiki-ng-sky.a(rpl-dag.o)
                0x000093b0                rpl_get_any_dag
 .text.rpl_has_joined
                0x000093c6       0x10 build/sky/contiki-ng-sky.a(rpl-dag.o)
                0x000093c6                rpl_has_joined
 .text.rpl_get_instance
                0x000093d6       0x16 build/sky/contiki-ng-sky.a(rpl-dag.o)
                0x000093d6                rpl_get_instance
 .text.rpl_alloc_dag
                0x000093ec       0x64 build/sky/contiki-ng-sky.a(rpl-dag.o)
                0x000093ec                rpl_alloc_dag
 .text.rpl_repair_root
                0x00009450       0x4c build/sky/contiki-ng-sky.a(rpl-dag.o)
                0x00009450                rpl_repair_root
 .text.rpl_find_of
                0x0000949c       0x10 build/sky/contiki-ng-sky.a(rpl-dag.o)
                0x0000949c                rpl_find_of
 .text.rpl_set_root
                0x000094ac      0x15c build/sky/contiki-ng-sky.a(rpl-dag.o)
                0x000094ac                rpl_set_root
 .text.rpl_join_instance
                0x00009608      0x156 build/sky/contiki-ng-sky.a(rpl-dag.o)
                0x00009608                rpl_join_instance
 .text.rpl_local_repair
                0x0000975e       0x9e build/sky/contiki-ng-sky.a(rpl-dag.o)
                0x0000975e                rpl_local_repair
 .text.rpl_process_parent_event
                0x000097fc       0xc2 build/sky/contiki-ng-sky.a(rpl-dag.o)
                0x000097fc                rpl_process_parent_event
 .text.rpl_recalculate_ranks
                0x000098be       0x44 build/sky/contiki-ng-sky.a(rpl-dag.o)
                0x000098be                rpl_recalculate_ranks
 .text.rpl_add_dag
                0x00009902      0x114 build/sky/contiki-ng-sky.a(rpl-dag.o)
                0x00009902                rpl_add_dag
 .text.rpl_process_dio
                0x00009a16      0x344 build/sky/contiki-ng-sky.a(rpl-dag.o)
                0x00009a16                rpl_process_dio
 .text.rpl_dag_root_set_prefix
                0x00009d5a       0x62 build/sky/contiki-ng-sky.a(rpl-dag-root.o)
                0x00009d5a                rpl_dag_root_set_prefix
 .text.rpl_dag_root_start
                0x00009dbc       0xe2 build/sky/contiki-ng-sky.a(rpl-dag-root.o)
                0x00009dbc                rpl_dag_root_start
 .text.rpl_dag_root_is_root
                0x00009e9e       0x24 build/sky/contiki-ng-sky.a(rpl-dag-root.o)
                0x00009e9e                rpl_dag_root_is_root
 .text.output   0x00009ec2       0x1c build/sky/contiki-ng-sky.a(slip-bridge.o)
 .text.init     0x00009ede       0x18 build/sky/contiki-ng-sky.a(slip-bridge.o)
 .text.slip_input_callback
                0x00009ef6       0xb2 build/sky/contiki-ng-sky.a(slip-bridge.o)
 .text.request_prefix
                0x00009fa8       0x20 build/sky/contiki-ng-sky.a(slip-bridge.o)
                0x00009fa8                request_prefix
 .text.process_thread_border_router_process
                0x00009fc8      0x10e build/sky/contiki-ng-sky.a(border-router-e)
 .text.init_platform
                0x0000a0d6        0xc build/sky/contiki-ng-sky.a(contiki-sky-pla)
                0x0000a0d6                init_platform
 .text.status   0x0000a0e2       0x18 build/sky/contiki-ng-sky.a(button-sensor.o)
 .text.value    0x0000a0fa       0x20 build/sky/contiki-ng-sky.a(button-sensor.o)
 .text.configure
                0x0000a11a       0x4c build/sky/contiki-ng-sky.a(button-sensor.o)
 .text.irq_p2   0x0000a166       0x46 build/sky/contiki-ng-sky.a(button-sensor.o)
                0x0000a166                irq_p2
                0x0000a166                __isr_1
 .text.owreadb  0x0000a1ac       0x50 build/sky/contiki-ng-sky.a(ds2411.o)
 .text.ds2411_init
                0x0000a1fc      0x120 build/sky/contiki-ng-sky.a(ds2411.o)
                0x0000a1fc                ds2411_init
 .text.xmem_init
                0x0000a31c       0x3c build/sky/contiki-ng-sky.a(xmem.o)
                0x0000a31c                xmem_init
 .text.process_thread_sensors_process
                0x0000a358       0xc2 build/sky/contiki-ng-sky.a(sensors.o)
 .text.sensors_changed
                0x0000a41a       0x2a build/sky/contiki-ng-sky.a(sensors.o)
                0x0000a41a                sensors_changed
 .text.get_object
                0x0000a444        0x4 build/sky/contiki-ng-sky.a(cc2420.o)
 .text.set_object
                0x0000a448        0x4 build/sky/contiki-ng-sky.a(cc2420.o)
 .text.strobe   0x0000a44c       0x1c build/sky/contiki-ng-sky.a(cc2420.o)
 .text.getreg   0x0000a468       0x4c build/sky/contiki-ng-sky.a(cc2420.o)
 .text.setreg   0x0000a4b4       0x4c build/sky/contiki-ng-sky.a(cc2420.o)
 .text.write_ram
                0x0000a500       0x7c build/sky/contiki-ng-sky.a(cc2420.o)
 .text.write_fifo_buf
                0x0000a57c       0x3c build/sky/contiki-ng-sky.a(cc2420.o)
 .text.get_status
                0x0000a5b8       0x20 build/sky/contiki-ng-sky.a(cc2420.o)
 .text.on       0x0000a5d8       0x1a build/sky/contiki-ng-sky.a(cc2420.o)
 .text.cc2420_receiving_packet
                0x0000a5f2        0xc build/sky/contiki-ng-sky.a(cc2420.o)
 .text.pending_packet
                0x0000a5fe        0x8 build/sky/contiki-ng-sky.a(cc2420.o)
 .text.wait_for_transmission
                0x0000a606       0x22 build/sky/contiki-ng-sky.a(cc2420.o)
 .text.wait_for_status
                0x0000a628       0x28 build/sky/contiki-ng-sky.a(cc2420.o)
 .text.getrxdata
                0x0000a650       0x50 build/sky/contiki-ng-sky.a(cc2420.o)
 .text.flushrx  0x0000a6a0       0x1a build/sky/contiki-ng-sky.a(cc2420.o)
 .text.off      0x0000a6ba       0x28 build/sky/contiki-ng-sky.a(cc2420.o)
 .text.RELEASE_LOCK
                0x0000a6e2       0x28 build/sky/contiki-ng-sky.a(cc2420.o)
 .text.set_key  0x0000a70a       0x18 build/sky/contiki-ng-sky.a(cc2420.o)
 .text.set_frame_filtering
                0x0000a722       0x30 build/sky/contiki-ng-sky.a(cc2420.o)
 .text.set_auto_ack
                0x0000a752       0x30 build/sky/contiki-ng-sky.a(cc2420.o)
 .text.set_poll_mode
                0x0000a782       0x2c build/sky/contiki-ng-sky.a(cc2420.o)
 .text.cc2420_prepare
                0x0000a7ae       0x46 build/sky/contiki-ng-sky.a(cc2420.o)
 .text.cc2420_on
                0x0000a7f4       0x22 build/sky/contiki-ng-sky.a(cc2420.o)
                0x0000a7f4                cc2420_on
 .text.cc2420_transmit
                0x0000a816       0x66 build/sky/contiki-ng-sky.a(cc2420.o)
 .text.cc2420_send
                0x0000a87c       0x12 build/sky/contiki-ng-sky.a(cc2420.o)
 .text.cc2420_off
                0x0000a88e       0x30 build/sky/contiki-ng-sky.a(cc2420.o)
                0x0000a88e                cc2420_off
 .text.cc2420_cca
                0x0000a8be       0x68 build/sky/contiki-ng-sky.a(cc2420.o)
 .text.cc2420_read
                0x0000a926       0xbe build/sky/contiki-ng-sky.a(cc2420.o)
 .text.process_thread_cc2420_process
                0x0000a9e4       0x62 build/sky/contiki-ng-sky.a(cc2420.o)
 .text.encrypt  0x0000aa46       0x88 build/sky/contiki-ng-sky.a(cc2420.o)
 .text.cc2420_set_channel
                0x0000aace       0x3c build/sky/contiki-ng-sky.a(cc2420.o)
                0x0000aace                cc2420_set_channel
 .text.cc2420_set_pan_addr
                0x0000ab0a       0x4c build/sky/contiki-ng-sky.a(cc2420.o)
                0x0000ab0a                cc2420_set_pan_addr
 .text.cc2420_interrupt
                0x0000ab56       0x16 build/sky/contiki-ng-sky.a(cc2420.o)
                0x0000ab56                cc2420_interrupt
 .text.cc2420_set_txpower
                0x0000ab6c       0x2c build/sky/contiki-ng-sky.a(cc2420.o)
                0x0000ab6c                cc2420_set_txpower
 .text.cc2420_get_txpower
                0x0000ab98       0x1e build/sky/contiki-ng-sky.a(cc2420.o)
                0x0000ab98                cc2420_get_txpower
 .text.cc2420_rssi
                0x0000abb6       0x4c build/sky/contiki-ng-sky.a(cc2420.o)
                0x0000abb6                cc2420_rssi
 .text.get_value
                0x0000ac02      0x11e build/sky/contiki-ng-sky.a(cc2420.o)
 .text.cc2420_set_cca_threshold
                0x0000ad20       0x16 build/sky/contiki-ng-sky.a(cc2420.o)
                0x0000ad20                cc2420_set_cca_threshold
 .text.set_value
                0x0000ad36      0x150 build/sky/contiki-ng-sky.a(cc2420.o)
 .text.cc2420_init
                0x0000ae86       0xea build/sky/contiki-ng-sky.a(cc2420.o)
                0x0000ae86                cc2420_init
 .text.cc2420_port1_interrupt
                0x0000af70       0x20 build/sky/contiki-ng-sky.a(cc2420-arch.o)
                0x0000af70                __isr_4
                0x0000af70                cc2420_port1_interrupt
 .text.cc2420_arch_init
                0x0000af90       0x1a build/sky/contiki-ng-sky.a(cc2420-arch.o)
                0x0000af90                cc2420_arch_init
 .text.handle_rxdma_timer
                0x0000afaa       0x3a build/sky/contiki-ng-sky.a(uart1.o)
 .text.uart1_active
                0x0000afe4       0x18 build/sky/contiki-ng-sky.a(uart1.o)
                0x0000afe4                uart1_active
 .text.uart1_set_input
                0x0000affc       0x20 build/sky/contiki-ng-sky.a(uart1.o)
                0x0000affc                uart1_set_input
 .text.uart1_writeb
                0x0000b01c       0x18 build/sky/contiki-ng-sky.a(uart1.o)
                0x0000b01c                uart1_writeb
 .text.uart1_init
                0x0000b034       0xf4 build/sky/contiki-ng-sky.a(uart1.o)
                0x0000b034                uart1_init
 .text.slip_arch_writeb
                0x0000b128        0x6 build/sky/contiki-ng-sky.a(slip_uart1.o)
                0x0000b128                slip_arch_writeb
 .text.slip_arch_init
                0x0000b12e        0xa build/sky/contiki-ng-sky.a(slip_uart1.o)
                0x0000b12e                slip_arch_init
 .text.process_thread_slip_process
                0x0000b138      0x1c2 build/sky/contiki-ng-sky.a(slip.o)
 .text.slip_set_input_callback
                0x0000b2fa        0x6 build/sky/contiki-ng-sky.a(slip.o)
                0x0000b2fa                slip_set_input_callback
 .text.slip_write
                0x0000b300       0x58 build/sky/contiki-ng-sky.a(slip.o)
                0x0000b300                slip_write
 .text.slip_send
                0x0000b358        0xe build/sky/contiki-ng-sky.a(slip.o)
                0x0000b358                slip_send
 .text.slip_input_byte
                0x0000b366       0x96 build/sky/contiki-ng-sky.a(slip.o)
                0x0000b366                slip_input_byte
 .text.timera0  0x0000b3fc       0x2e build/sky/contiki-ng-sky.a(rtimer-arch.o)
                0x0000b3fc                __isr_6
                0x0000b3fc                timera0
 .text.rtimer_arch_init
                0x0000b42a        0xe build/sky/contiki-ng-sky.a(rtimer-arch.o)
                0x0000b42a                rtimer_arch_init
 .text.rtimer_arch_now
                0x0000b438        0xe build/sky/contiki-ng-sky.a(rtimer-arch.o)
                0x0000b438                rtimer_arch_now
 .text.rtimer_arch_schedule
                0x0000b446        0x6 build/sky/contiki-ng-sky.a(rtimer-arch.o)
                0x0000b446                rtimer_arch_schedule
 .text.stimer_set
                0x0000b44c       0x1c build/sky/contiki-ng-sky.a(stimer.o)
                0x0000b44c                stimer_set
 .text.stimer_expired
                0x0000b468       0x30 build/sky/contiki-ng-sky.a(stimer.o)
                0x0000b468                stimer_expired
 .text.memb_init
                0x0000b498       0x36 build/sky/contiki-ng-sky.a(memb.o)
                0x0000b498                memb_init
 .text.memb_alloc
                0x0000b4ce       0x3e build/sky/contiki-ng-sky.a(memb.o)
                0x0000b4ce                memb_alloc
 .text.memb_free
                0x0000b50c       0x32 build/sky/contiki-ng-sky.a(memb.o)
                0x0000b50c                memb_free
 .text.memb_inmemb
                0x0000b53e       0x2a build/sky/contiki-ng-sky.a(memb.o)
                0x0000b53e                memb_inmemb
 .text.memb_numfree
                0x0000b568       0x26 build/sky/contiki-ng-sky.a(memb.o)
                0x0000b568                memb_numfree
 .text.item_from_index
                0x0000b58e       0x2a build/sky/contiki-ng-sky.a(nbr-table.o)
 .text.index_from_key
                0x0000b5b8       0x26 build/sky/contiki-ng-sky.a(nbr-table.o)
 .text.index_from_item
                0x0000b5de       0x1e build/sky/contiki-ng-sky.a(nbr-table.o)
 .text.nbr_set_bit
                0x0000b5fc       0x58 build/sky/contiki-ng-sky.a(nbr-table.o)
 .text.index_from_lladdr
                0x0000b654       0x42 build/sky/contiki-ng-sky.a(nbr-table.o)
 .text.nbr_get_bit.constprop.0
                0x0000b696       0x2e build/sky/contiki-ng-sky.a(nbr-table.o)
 .text.nbr_table_is_registered
                0x0000b6c4       0x22 build/sky/contiki-ng-sky.a(nbr-table.o)
                0x0000b6c4                nbr_table_is_registered
 .text.nbr_table_register
                0x0000b6e6       0x40 build/sky/contiki-ng-sky.a(nbr-table.o)
                0x0000b6e6                nbr_table_register
 .text.nbr_table_next
                0x0000b726       0x54 build/sky/contiki-ng-sky.a(nbr-table.o)
                0x0000b726                nbr_table_next
 .text.nbr_table_head
                0x0000b77a       0x3a build/sky/contiki-ng-sky.a(nbr-table.o)
                0x0000b77a                nbr_table_head
 .text.nbr_table_add_lladdr
                0x0000b7b4      0x168 build/sky/contiki-ng-sky.a(nbr-table.o)
                0x0000b7b4                nbr_table_add_lladdr
 .text.nbr_table_get_from_lladdr
                0x0000b91c       0x2c build/sky/contiki-ng-sky.a(nbr-table.o)
                0x0000b91c                nbr_table_get_from_lladdr
 .text.nbr_table_remove
                0x0000b948       0x32 build/sky/contiki-ng-sky.a(nbr-table.o)
                0x0000b948                nbr_table_remove
 .text.nbr_table_lock
                0x0000b97a       0x10 build/sky/contiki-ng-sky.a(nbr-table.o)
                0x0000b97a                nbr_table_lock
 .text.nbr_table_unlock
                0x0000b98a       0x10 build/sky/contiki-ng-sky.a(nbr-table.o)
                0x0000b98a                nbr_table_unlock
 .text.nbr_table_get_lladdr
                0x0000b99a       0x22 build/sky/contiki-ng-sky.a(nbr-table.o)
                0x0000b99a                nbr_table_get_lladdr
 .text.periodic
                0x0000b9bc       0x28 build/sky/contiki-ng-sky.a(link-stats.o)
 .text.link_stats_from_lladdr
                0x0000b9e4        0xc build/sky/contiki-ng-sky.a(link-stats.o)
                0x0000b9e4                link_stats_from_lladdr
 .text.link_stats_is_fresh
                0x0000b9f0       0x30 build/sky/contiki-ng-sky.a(link-stats.o)
                0x0000b9f0                link_stats_is_fresh
 .text.guess_etx_from_rssi
                0x0000ba20       0x42 build/sky/contiki-ng-sky.a(link-stats.o)
                0x0000ba20                guess_etx_from_rssi
 .text.link_stats_packet_sent
                0x0000ba62       0xda build/sky/contiki-ng-sky.a(link-stats.o)
                0x0000ba62                link_stats_packet_sent
 .text.link_stats_input_callback
                0x0000bb3c       0xb4 build/sky/contiki-ng-sky.a(link-stats.o)
                0x0000bb3c                link_stats_input_callback
 .text.link_stats_init
                0x0000bbf0       0x22 build/sky/contiki-ng-sky.a(link-stats.o)
                0x0000bbf0                link_stats_init
 .text.mac_sequence_is_duplicate
                0x0000bc12       0x84 build/sky/contiki-ng-sky.a(mac-sequence.o)
                0x0000bc12                mac_sequence_is_duplicate
 .text.mac_sequence_register_seqno
                0x0000bc96       0x90 build/sky/contiki-ng-sky.a(mac-sequence.o)
                0x0000bc96                mac_sequence_register_seqno
 .text.mac_call_sent_callback
                0x0000bd26       0x14 build/sky/contiki-ng-sky.a(mac.o)
                0x0000bd26                mac_call_sent_callback
 .text.parse    0x0000bd3a       0xa0 build/sky/contiki-ng-sky.a(framer-802154.o)
 .text.framer_802154_setup_params
                0x0000bdda       0xb8 build/sky/contiki-ng-sky.a(framer-802154.o)
                0x0000bdda                framer_802154_setup_params
 .text.create_frame
                0x0000be92       0xde build/sky/contiki-ng-sky.a(framer-802154.o)
 .text.create   0x0000bf70        0x8 build/sky/contiki-ng-sky.a(framer-802154.o)
 .text.hdr_length
                0x0000bf78        0x8 build/sky/contiki-ng-sky.a(framer-802154.o)
 .text.frame802154_get_pan_id
                0x0000bf80        0x6 build/sky/contiki-ng-sky.a(frame802154.o)
                0x0000bf80                frame802154_get_pan_id
 .text.frame802154_has_panid
                0x0000bf86       0xe0 build/sky/contiki-ng-sky.a(frame802154.o)
                0x0000bf86                frame802154_has_panid
 .text.field_len
                0x0000c066       0xac build/sky/contiki-ng-sky.a(frame802154.o)
 .text.frame802154_is_broadcast_addr
                0x0000c112       0x28 build/sky/contiki-ng-sky.a(frame802154.o)
                0x0000c112                frame802154_is_broadcast_addr
 .text.frame802154_hdrlen
                0x0000c13a       0x32 build/sky/contiki-ng-sky.a(frame802154.o)
                0x0000c13a                frame802154_hdrlen
 .text.frame802154_create_fcf
                0x0000c16c       0x96 build/sky/contiki-ng-sky.a(frame802154.o)
                0x0000c16c                frame802154_create_fcf
 .text.frame802154_create
                0x0000c202       0xe4 build/sky/contiki-ng-sky.a(frame802154.o)
                0x0000c202                frame802154_create
 .text.frame802154_parse_fcf
                0x0000c2e6       0xbc build/sky/contiki-ng-sky.a(frame802154.o)
                0x0000c2e6                frame802154_parse_fcf
 .text.frame802154_parse
                0x0000c3a2      0x168 build/sky/contiki-ng-sky.a(frame802154.o)
                0x0000c3a2                frame802154_parse
 .text.csma_security_create_frame
                0x0000c50a       0x10 build/sky/contiki-ng-sky.a(csma-security.o)
                0x0000c50a                csma_security_create_frame
 .text.csma_security_parse_frame
                0x0000c51a        0x6 build/sky/contiki-ng-sky.a(csma-security.o)
                0x0000c51a                csma_security_parse_frame
 .text.uipbuf_add_ext_hdr
                0x0000c520       0x1c build/sky/contiki-ng-sky.a(uipbuf.o)
                0x0000c520                uipbuf_add_ext_hdr
 .text.uipbuf_set_len
                0x0000c53c       0x12 build/sky/contiki-ng-sky.a(uipbuf.o)
                0x0000c53c                uipbuf_set_len
 .text.uipbuf_set_len_field
                0x0000c54e        0xe build/sky/contiki-ng-sky.a(uipbuf.o)
                0x0000c54e                uipbuf_set_len_field
 .text.uipbuf_get_len_field
                0x0000c55c        0xe build/sky/contiki-ng-sky.a(uipbuf.o)
                0x0000c55c                uipbuf_get_len_field
 .text.uipbuf_get_next_header
                0x0000c56a       0x62 build/sky/contiki-ng-sky.a(uipbuf.o)
                0x0000c56a                uipbuf_get_next_header
 .text.uipbuf_get_last_header
                0x0000c5cc       0x3e build/sky/contiki-ng-sky.a(uipbuf.o)
                0x0000c5cc                uipbuf_get_last_header
 .text.uipbuf_get_attr
                0x0000c60a       0x14 build/sky/contiki-ng-sky.a(uipbuf.o)
                0x0000c60a                uipbuf_get_attr
 .text.uipbuf_clear_attr
                0x0000c61e       0x12 build/sky/contiki-ng-sky.a(uipbuf.o)
                0x0000c61e                uipbuf_clear_attr
 .text.uipbuf_clear
                0x0000c630       0x12 build/sky/contiki-ng-sky.a(uipbuf.o)
                0x0000c630                uipbuf_clear
 .text.uipbuf_init
                0x0000c642       0x1a build/sky/contiki-ng-sky.a(uipbuf.o)
                0x0000c642                uipbuf_init
 .text.echo_reply_input
                0x0000c65c       0x68 build/sky/contiki-ng-sky.a(uip-icmp6.o)
 .text.echo_request_input
                0x0000c6c4       0x86 build/sky/contiki-ng-sky.a(uip-icmp6.o)
 .text.uip_icmp6_input
                0x0000c74a       0x48 build/sky/contiki-ng-sky.a(uip-icmp6.o)
                0x0000c74a                uip_icmp6_input
 .text.uip_icmp6_register_input_handler
                0x0000c792        0xc build/sky/contiki-ng-sky.a(uip-icmp6.o)
                0x0000c792                uip_icmp6_register_input_handler
 .text.uip_icmp6_error_output
                0x0000c79e      0x146 build/sky/contiki-ng-sky.a(uip-icmp6.o)
                0x0000c79e                uip_icmp6_error_output
 .text.uip_icmp6_send
                0x0000c8e4       0x94 build/sky/contiki-ng-sky.a(uip-icmp6.o)
                0x0000c8e4                uip_icmp6_send
 .text.uip_icmp6_init
                0x0000c978       0x12 build/sky/contiki-ng-sky.a(uip-icmp6.o)
                0x0000c978                uip_icmp6_init
 .text.get32    0x0000c98a       0x46 build/sky/contiki-ng-sky.a(rpl-icmp6.o)
 .text.set32    0x0000c9d0       0x2a build/sky/contiki-ng-sky.a(rpl-icmp6.o)
 .text.get16    0x0000c9fa        0xe build/sky/contiki-ng-sky.a(rpl-icmp6.o)
 .text.set16    0x0000ca08       0x10 build/sky/contiki-ng-sky.a(rpl-icmp6.o)
 .text.dao_ack_input
                0x0000ca18        0x6 build/sky/contiki-ng-sky.a(rpl-icmp6.o)
 .text.dio_input
                0x0000ca1e      0x2a2 build/sky/contiki-ng-sky.a(rpl-icmp6.o)
 .text.rpl_icmp6_update_nbr_table
                0x0000ccc0       0x36 build/sky/contiki-ng-sky.a(rpl-icmp6.o)
                0x0000ccc0                rpl_icmp6_update_nbr_table
 .text.dao_input
                0x0000ccf6      0x33e build/sky/contiki-ng-sky.a(rpl-icmp6.o)
 .text.dis_output
                0x0000d034       0x50 build/sky/contiki-ng-sky.a(rpl-icmp6.o)
                0x0000d034                dis_output
 .text.dio_output
                0x0000d084      0x272 build/sky/contiki-ng-sky.a(rpl-icmp6.o)
                0x0000d084                dio_output
 .text.dis_input
                0x0000d2f6       0x3a build/sky/contiki-ng-sky.a(rpl-icmp6.o)
 .text.dao_output_target
                0x0000d330      0x110 build/sky/contiki-ng-sky.a(rpl-icmp6.o)
                0x0000d330                dao_output_target
 .text.dao_output
                0x0000d440      0x118 build/sky/contiki-ng-sky.a(rpl-icmp6.o)
                0x0000d440                dao_output
 .text.rpl_icmp6_register_handlers
                0x0000d558       0x22 build/sky/contiki-ng-sky.a(rpl-icmp6.o)
                0x0000d558                rpl_icmp6_register_handlers
 .text.new_dio_interval
                0x0000d57a       0x92 build/sky/contiki-ng-sky.a(rpl-timers.o)
 .text.handle_unicast_dio_timer
                0x0000d60c       0x1c build/sky/contiki-ng-sky.a(rpl-timers.o)
 .text.set_dao_lifetime_timer
                0x0000d628       0x86 build/sky/contiki-ng-sky.a(rpl-timers.o)
 .text.handle_periodic_timer
                0x0000d6ae       0x50 build/sky/contiki-ng-sky.a(rpl-timers.o)
 .text.schedule_dao
                0x0000d6fe       0x82 build/sky/contiki-ng-sky.a(rpl-timers.o)
 .text.handle_dio_timer
                0x0000d780       0x88 build/sky/contiki-ng-sky.a(rpl-timers.o)
 .text.handle_dao_timer
                0x0000d808       0x64 build/sky/contiki-ng-sky.a(rpl-timers.o)
 .text.rpl_reset_periodic_timer
                0x0000d86c       0x54 build/sky/contiki-ng-sky.a(rpl-timers.o)
                0x0000d86c                rpl_reset_periodic_timer
 .text.rpl_reset_dio_timer
                0x0000d8c0       0x18 build/sky/contiki-ng-sky.a(rpl-timers.o)
                0x0000d8c0                rpl_reset_dio_timer
 .text.rpl_schedule_dao
                0x0000d8d8        0xc build/sky/contiki-ng-sky.a(rpl-timers.o)
                0x0000d8d8                rpl_schedule_dao
 .text.rpl_schedule_unicast_dio_immediately
                0x0000d8e4       0x16 build/sky/contiki-ng-sky.a(rpl-timers.o)
                0x0000d8e4                rpl_schedule_unicast_dio_immediately
 .text.get_probing_target
                0x0000d8fa       0xf8 build/sky/contiki-ng-sky.a(rpl-timers.o)
                0x0000d8fa                get_probing_target
 .text.rpl_schedule_probing
                0x0000d9f2       0x3c build/sky/contiki-ng-sky.a(rpl-timers.o)
                0x0000d9f2                rpl_schedule_probing
 .text.handle_probing_timer
                0x0000da2e       0x9e build/sky/contiki-ng-sky.a(rpl-timers.o)
 .text.rpl_schedule_probing_now
                0x0000dacc       0x26 build/sky/contiki-ng-sky.a(rpl-timers.o)
                0x0000dacc                rpl_schedule_probing_now
 .text.update_hbh_header
                0x0000daf2       0xaa build/sky/contiki-ng-sky.a(rpl-ext-header.)
 .text.insert_hbh_header
                0x0000db9c       0x80 build/sky/contiki-ng-sky.a(rpl-ext-header.)
 .text.rpl_ext_header_hbh_update
                0x0000dc1c       0xd8 build/sky/contiki-ng-sky.a(rpl-ext-header.)
                0x0000dc1c                rpl_ext_header_hbh_update
 .text.rpl_ext_header_srh_get_next_hop
                0x0000dcf4        0x4 build/sky/contiki-ng-sky.a(rpl-ext-header.)
                0x0000dcf4                rpl_ext_header_srh_get_next_hop
 .text.rpl_ext_header_srh_update
                0x0000dcf8        0x4 build/sky/contiki-ng-sky.a(rpl-ext-header.)
                0x0000dcf8                rpl_ext_header_srh_update
 .text.rpl_ext_header_remove
                0x0000dcfc       0xcc build/sky/contiki-ng-sky.a(rpl-ext-header.)
                0x0000dcfc                rpl_ext_header_remove
 .text.rpl_ext_header_update
                0x0000ddc8       0x60 build/sky/contiki-ng-sky.a(rpl-ext-header.)
                0x0000ddc8                rpl_ext_header_update
 .text.update_nbr
                0x0000de28       0xba build/sky/contiki-ng-sky.a(rpl-nbr-policy.)
 .text.find_removable_dis
                0x0000dee2       0x16 build/sky/contiki-ng-sky.a(rpl-nbr-policy.)
                0x0000dee2                find_removable_dis
 .text.find_removable_dio
                0x0000def8       0x3e build/sky/contiki-ng-sky.a(rpl-nbr-policy.)
                0x0000def8                find_removable_dio
 .text.find_removable_dao
                0x0000df36       0x34 build/sky/contiki-ng-sky.a(rpl-nbr-policy.)
                0x0000df36                find_removable_dao
 .text.rpl_nbr_policy_find_removable
                0x0000df6a       0x30 build/sky/contiki-ng-sky.a(rpl-nbr-policy.)
                0x0000df6a                rpl_nbr_policy_find_removable
 .text.reset    0x0000df9a        0x2 build/sky/contiki-ng-sky.a(rpl-mrhof.o)
 .text.update_metric_container
                0x0000df9c        0x6 build/sky/contiki-ng-sky.a(rpl-mrhof.o)
 .text.parent_link_metric
                0x0000dfa2       0x12 build/sky/contiki-ng-sky.a(rpl-mrhof.o)
 .text.parent_has_usable_link
                0x0000dfb4       0x14 build/sky/contiki-ng-sky.a(rpl-mrhof.o)
 .text.best_dag
                0x0000dfc8       0x2e build/sky/contiki-ng-sky.a(rpl-mrhof.o)
 .text.parent_path_cost
                0x0000dff6       0x44 build/sky/contiki-ng-sky.a(rpl-mrhof.o)
 .text.parent_is_acceptable
                0x0000e03a       0x2e build/sky/contiki-ng-sky.a(rpl-mrhof.o)
 .text.rank_via_parent
                0x0000e068       0x56 build/sky/contiki-ng-sky.a(rpl-mrhof.o)
 .text.best_parent
                0x0000e0be       0x82 build/sky/contiki-ng-sky.a(rpl-mrhof.o)
 .text.spi_init
                0x0000e140       0x30 build/sky/contiki-ng-sky.a(spi-legacy.o)
                0x0000e140                spi_init
 .text.libgcc   0x0000e170       0x2c /usr/local/bin/../lib/gcc/msp430/4.7.2/mmpy-16/libgcc.a(_mulsi3.o)
                0x0000e170                __mulsi3
 .text.libgcc   0x0000e19c       0x22 /usr/local/bin/../lib/gcc/msp430/4.7.2/mmpy-16/libgcc.a(_udivmod16.o)
                0x0000e19c                __udivhi3
                0x0000e19c                __ext_udivmod16
                0x0000e1b6                __umodhi3
 .text.libgcc   0x0000e1be       0x3a /usr/local/bin/../lib/gcc/msp430/4.7.2/mmpy-16/libgcc.a(_divmod16.o)
                0x0000e1be                __ext_divmod16
                0x0000e1be                __divhi3
                0x0000e1f0                __modhi3
 .text.libgcc   0x0000e1f8       0x40 /usr/local/bin/../lib/gcc/msp430/4.7.2/mmpy-16/libgcc.a(_udivmod32.o)
                0x0000e1f8                __udivsi3
                0x0000e1f8                __ext_udivmod32
                0x0000e22e                __umodsi3
 .text.libgcc   0x0000e238       0x4c /usr/local/bin/../lib/gcc/msp430/4.7.2/mmpy-16/libgcc.a(_divmod32.o)
                0x0000e238                __ext_divmod32
                0x0000e238                __divsi3
                0x0000e27a                __modsi3
 .text.printf   0x0000e284       0x10 /usr/local/bin/../lib/gcc/msp430/4.7.2/../../../../msp430/lib/mmpy-16/libc.a(printf.o)
                0x0000e284                printf
 .text.append   0x0000e294       0x22 /usr/local/bin/../lib/gcc/msp430/4.7.2/../../../../msp430/lib/mmpy-16/libc.a(sprintf.o)
 .text.call_vuprintf
                0x0000e2b6       0x3a /usr/local/bin/../lib/gcc/msp430/4.7.2/../../../../msp430/lib/mmpy-16/libc.a(sprintf.o)
 .text.snprintf
                0x0000e2f0       0x1a /usr/local/bin/../lib/gcc/msp430/4.7.2/../../../../msp430/lib/mmpy-16/libc.a(sprintf.o)
                0x0000e2f0                snprintf
 .text.print_field
                0x0000e30a      0x194 /usr/local/bin/../lib/gcc/msp430/4.7.2/../../../../msp430/lib/mmpy-16/libc.a(vuprintf.o)
 .text.vuprintf
                0x0000e49e      0x63e /usr/local/bin/../lib/gcc/msp430/4.7.2/../../../../msp430/lib/mmpy-16/libc.a(vuprintf.o)
                0x0000e49e                vuprintf
 .text.puts     0x0000eadc       0x2c /usr/local/bin/../lib/gcc/msp430/4.7.2/../../../../msp430/lib/mmpy-16/libc.a(puts.o)
                0x0000eadc                puts
 .text.rand     0x0000eb08       0x26 /usr/local/bin/../lib/gcc/msp430/4.7.2/../../../../msp430/lib/mmpy-16/libc.a(rand.o)
                0x0000eb08                rand
 .text.srand    0x0000eb2e        0xa /usr/local/bin/../lib/gcc/msp430/4.7.2/../../../../msp430/lib/mmpy-16/libc.a(rand.o)
                0x0000eb2e                srand
 .text.memcmp   0x0000eb38       0x30 /usr/local/bin/../lib/gcc/msp430/4.7.2/../../../../msp430/lib/mmpy-16/libc.a(memcmp.o)
                0x0000eb38                memcmp
 .text.memcpy   0x0000eb68       0xfa /usr/local/bin/../lib/gcc/msp430/4.7.2/../../../../msp430/lib/mmpy-16/libc.a(memcpy.o)
                0x0000eb68                memcpy
 .text.memmove  0x0000ec62       0xfa /usr/local/bin/../lib/gcc/msp430/4.7.2/../../../../msp430/lib/mmpy-16/libc.a(memmove.o)
                0x0000ec62                memmove
 .text.memset   0x0000ed5c       0x6a /usr/local/bin/../lib/gcc/msp430/4.7.2/../../../../msp430/lib/mmpy-16/libc.a(memset.o)
                0x0000ed5c                memset
 .text.libgcc   0x0000edc6       0xf0 /usr/local/bin/../lib/gcc/msp430/4.7.2/mmpy-16/libgcc.a(_udivmod64.o)
                0x0000edc6                __xabi_udivmod64
                0x0000ee24                __udivdi3
                0x0000ee4a                __umoddi3
                0x0000ee78                __udivmoddi4
 .text.crt0     0x0000eeb6        0x2 /usr/local/bin/../lib/gcc/msp430/4.7.2/mmpy-16/libcrt0.a(_unexpected_.o)
                0x0000eeb6                _unexpected_
 *(.near.text .near.text.*)

.rodata         0x0000eeb8      0x479
                0x0000eeb8                . = ALIGN (0x2)
 *(.rodata .rodata.* .gnu.linkonce.r.*)
 .rodata        0x0000eeb8       0x5a border-router.o
                0x0000eef4                autostart_processes
 .rodata        0x0000ef12       0xf2 build/sky/obj/contiki-main.o
 .rodata        0x0000f004       0x31 build/sky/contiki-ng-sky.a(platform.o)
 .rodata        0x0000f035       0x31 build/sky/contiki-ng-sky.a(rpl-border-rout)
 .rodata        0x0000f066        0xf build/sky/contiki-ng-sky.a(ctimer.o)
 .rodata        0x0000f075        0xc build/sky/contiki-ng-sky.a(etimer.o)
 *fill*         0x0000f081        0x1 00
 .rodata        0x0000f082       0xb2 build/sky/contiki-ng-sky.a(log.o)
 .rodata        0x0000f134        0x8 build/sky/contiki-ng-sky.a(linkaddr.o)
                0x0000f134                linkaddr_null
 .rodata        0x0000f13c       0x14 build/sky/contiki-ng-sky.a(csma.o)
                0x0000f142                csma_driver
 .rodata        0x0000f150       0x2d build/sky/contiki-ng-sky.a(uiplib.o)
 .rodata        0x0000f17d        0xd build/sky/contiki-ng-sky.a(tcpip.o)
 .rodata        0x0000f18a       0x26 build/sky/contiki-ng-sky.a(sicslowpan.o)
                0x0000f196                sicslowpan_driver
                0x0000f19e                llprefix
                0x0000f1a0                unc_mxconf
                0x0000f1a4                unc_ctxconf
                0x0000f1a8                unc_llconf
 .rodata        0x0000f1b0       0x36 build/sky/contiki-ng-sky.a(rpl.o)
                0x0000f1bc                rpl_classic_driver
 .rodata        0x0000f1e6       0x16 build/sky/contiki-ng-sky.a(slip-bridge.o)
                0x0000f1f8                rpl_interface
 .rodata        0x0000f1fc       0x80 build/sky/contiki-ng-sky.a(border-router-e)
 .rodata        0x0000f27c       0x10 build/sky/contiki-ng-sky.a(button-sensor.o)
                0x0000f284                button_sensor
 .rodata        0x0000f28c        0x8 build/sky/contiki-ng-sky.a(sensors.o)
 .rodata.get_value
                0x0000f294       0x34 build/sky/contiki-ng-sky.a(cc2420.o)
 .rodata.set_value
                0x0000f2c8       0x10 build/sky/contiki-ng-sky.a(cc2420.o)
 .rodata        0x0000f2d8       0x3e build/sky/contiki-ng-sky.a(cc2420.o)
                0x0000f2d8                cc2420_aes_128_driver
                0x0000f2dc                cc2420_driver
 .rodata        0x0000f316        0xc build/sky/contiki-ng-sky.a(slip.o)
 .rodata        0x0000f322        0x6 build/sky/contiki-ng-sky.a(framer-802154.o)
                0x0000f322                framer_802154
 .rodata        0x0000f328        0x2 build/sky/contiki-ng-sky.a(frame802154.o)
 .rodata.vuprintf
                0x0000f32a        0x7 /usr/local/bin/../lib/gcc/msp430/4.7.2/../../../../msp430/lib/mmpy-16/libc.a(vuprintf.o)
 *(.near.rodata .near.rodata.*)
                0x0000f332                . = ALIGN (0x2)
                0x0000f332                _etext = .

.data           0x00001100      0x152 load address 0x0000f332
                0x00001100                . = ALIGN (0x2)
                0x00001100                __data_start = .
 *(.data .data.* .gnu.linkonce.d.*)
 .data          0x00001100        0xa border-router.o
                0x00001100                contiki_ng_br
 .data          0x0000110a        0x2 build/sky/contiki-ng-sky.a(msp430.o)
 .data          0x0000110c        0xa build/sky/contiki-ng-sky.a(ctimer.o)
                0x0000110c                ctimer_process
 .data          0x00001116        0xa build/sky/contiki-ng-sky.a(etimer.o)
                0x00001116                etimer_process
 .data          0x00001120       0x4a build/sky/contiki-ng-sky.a(log.o)
                0x00001120                all_modules
                0x00001168                curr_log_level_main
 .data          0x0000116a       0x10 build/sky/contiki-ng-sky.a(queuebuf.o)
 .data          0x0000117a       0x18 build/sky/contiki-ng-sky.a(csma-output.o)
 .data          0x00001192        0xa build/sky/contiki-ng-sky.a(tcpip.o)
                0x00001192                tcpip_process
 .data          0x0000119c       0x22 build/sky/contiki-ng-sky.a(uip-ds6-route.o)
                0x0000119c                nbr_routes
 .data          0x000011be        0x8 build/sky/contiki-ng-sky.a(uip-ds6-nbr.o)
 .data          0x000011c6        0x6 build/sky/contiki-ng-sky.a(uip-nd6.o)
 .data          0x000011cc        0xa build/sky/contiki-ng-sky.a(rpl-dag.o)
                0x000011cc                rpl_parents
 .data          0x000011d6        0xa build/sky/contiki-ng-sky.a(border-router-e)
                0x000011d6                border_router_process
 .data          0x000011e0        0x4 build/sky/contiki-ng-sky.a(contiki-sky-pla)
                0x000011e0                sensors
 .data          0x000011e4        0xa build/sky/contiki-ng-sky.a(sensors.o)
                0x000011e4                sensors_process
 .data          0x000011ee        0xc build/sky/contiki-ng-sky.a(cc2420.o)
                0x000011ee                cc2420_process
 .data          0x000011fa        0xa build/sky/contiki-ng-sky.a(slip.o)
                0x000011fa                slip_process
 .data          0x00001204        0x8 build/sky/contiki-ng-sky.a(nbr-table.o)
 .data          0x0000120c        0x8 build/sky/contiki-ng-sky.a(link-stats.o)
 .data          0x00001214        0x2 build/sky/contiki-ng-sky.a(frame802154.o)
 .data          0x00001216        0xc build/sky/contiki-ng-sky.a(uip-icmp6.o)
 .data          0x00001222       0x1a build/sky/contiki-ng-sky.a(rpl-icmp6.o)
 .data          0x0000123c       0x12 build/sky/contiki-ng-sky.a(rpl-mrhof.o)
                0x0000123c                rpl_mrhof
 .data.next     0x0000124e        0x4 /usr/local/bin/../lib/gcc/msp430/4.7.2/../../../../msp430/lib/mmpy-16/libc.a(rand.o)
 *(.near.data .near.data.*)
                0x00001252                . = ALIGN (0x2)
                0x00001252                _edata = .
                0x0000f332                __data_load_start = LOADADDR (.data)
                0x00000152                __data_size = SIZEOF (.data)

.bss            0x00001252     0x18f4 load address 0x0000f484
                0x00001252                __bss_start = .
 *(.bss .bss.*)
 .bss           0x00001252        0x1 build/sky/contiki-ng-sky.a(uart1-putchar.o)
 *fill*         0x00001253        0x1 00
 .bss           0x00001254        0x8 build/sky/contiki-ng-sky.a(platform.o)
 .bss           0x0000125c        0xa build/sky/contiki-ng-sky.a(clock.o)
 .bss           0x00001266        0x2 build/sky/contiki-ng-sky.a(watchdog.o)
 .bss           0x00001268        0x4 build/sky/contiki-ng-sky.a(ctimer.o)
 .bss           0x0000126c        0x6 build/sky/contiki-ng-sky.a(etimer.o)
 .bss           0x00001272       0x14 build/sky/contiki-ng-sky.a(log.o)
                0x00001272                curr_log_level_lwm2m
                0x00001274                curr_log_level_coap
                0x00001276                curr_log_level_6top
                0x00001278                curr_log_level_framer
                0x0000127a                curr_log_level_mac
                0x0000127c                curr_log_level_nullnet
                0x0000127e                curr_log_level_6lowpan
                0x00001280                curr_log_level_ipv6
                0x00001282                curr_log_level_tcpip
                0x00001284                curr_log_level_rpl
 .bss           0x00001286        0x2 build/sky/contiki-ng-sky.a(rtimer.o)
 .bss           0x00001288        0x2 build/sky/contiki-ng-sky.a(node-id.o)
                0x00001288                node_id
 .bss           0x0000128a       0xc8 build/sky/contiki-ng-sky.a(process.o)
                0x0000128a                process_current
                0x0000128c                process_list
 .bss           0x00001352      0x2c0 build/sky/contiki-ng-sky.a(queuebuf.o)
 .bss           0x00001612       0x86 build/sky/contiki-ng-sky.a(packetbuf.o)
 .bss           0x00001698        0x2 build/sky/contiki-ng-sky.a(netstack.o)
 .bss           0x0000169a       0x86 build/sky/contiki-ng-sky.a(csma-output.o)
 .bss           0x00001720       0x28 build/sky/contiki-ng-sky.a(uip-ds6.o)
 .bss           0x00001748        0xc build/sky/contiki-ng-sky.a(tcpip.o)
 .bss           0x00001754      0x2e2 build/sky/contiki-ng-sky.a(uip-ds6-route.o)
 .bss           0x00001a36        0x8 build/sky/contiki-ng-sky.a(uip6.o)
                0x00001a36                uip_last_proto
                0x00001a38                uip_ext_len
                0x00001a3a                uip_ext_bitmap
 .bss           0x00001a3e      0x120 build/sky/contiki-ng-sky.a(uip-ds6-nbr.o)
 .bss           0x00001b5e        0x8 build/sky/contiki-ng-sky.a(uip-nd6.o)
 .bss           0x00001b66      0x6e0 build/sky/contiki-ng-sky.a(sicslowpan.o)
 .bss           0x00002246        0x2 build/sky/contiki-ng-sky.a(rpl.o)
 .bss           0x00002248       0x60 build/sky/contiki-ng-sky.a(rpl-dag.o)
 .bss           0x000022a8       0x12 build/sky/contiki-ng-sky.a(rpl-dag-root.o)
 .bss           0x000022ba       0x10 build/sky/contiki-ng-sky.a(slip-bridge.o)
 .bss           0x000022ca        0xc build/sky/contiki-ng-sky.a(border-router-e)
 .bss           0x000022d6        0x8 build/sky/contiki-ng-sky.a(button-sensor.o)
 .bss           0x000022de        0x6 build/sky/contiki-ng-sky.a(sensors.o)
 .bss           0x000022e4       0x10 build/sky/contiki-ng-sky.a(cc2420.o)
 .bss           0x000022f4       0x9a build/sky/contiki-ng-sky.a(uart1.o)
 .bss           0x0000238e       0xa8 build/sky/contiki-ng-sky.a(slip.o)
 .bss           0x00002436       0xe4 build/sky/contiki-ng-sky.a(nbr-table.o)
 .bss           0x0000251a       0xa0 build/sky/contiki-ng-sky.a(link-stats.o)
 .bss           0x000025ba       0xe0 build/sky/contiki-ng-sky.a(mac-sequence.o)
 .bss           0x0000269a        0x2 build/sky/contiki-ng-sky.a(framer-802154.o)
 .bss           0x0000269c       0x18 build/sky/contiki-ng-sky.a(uipbuf.o)
 .bss           0x000026b4       0x14 build/sky/contiki-ng-sky.a(uip-icmp6.o)
 .bss           0x000026c8       0x18 build/sky/contiki-ng-sky.a(rpl-timers.o)
 .bss           0x000026e0        0xa build/sky/contiki-ng-sky.a(rpl-nbr-policy.)
 .bss.destination_
                0x000026ea        0x2 /usr/local/bin/../lib/gcc/msp430/4.7.2/../../../../msp430/lib/mmpy-16/libc.a(sprintf.o)
 .bss.available_
                0x000026ec        0x2 /usr/local/bin/../lib/gcc/msp430/4.7.2/../../../../msp430/lib/mmpy-16/libc.a(sprintf.o)
 *(.near.bss .near.bss.*)
 *(COMMON)
 COMMON         0x000026ee        0x2 build/sky/contiki-ng-sky.a(msp430.o)
                0x000026ee                msp430_dco_required
 COMMON         0x000026f0        0x1 build/sky/contiki-ng-sky.a(rpl-border-rout)
                0x000026f0                prefix_set
 *fill*         0x000026f1        0x1 00
 COMMON         0x000026f2       0x2a build/sky/contiki-ng-sky.a(packetbuf.o)
                0x000026f2                packetbuf_addrs
                0x00002702                packetbuf_attrs
 COMMON         0x0000271c        0x8 build/sky/contiki-ng-sky.a(linkaddr.o)
                0x0000271c                linkaddr_node_addr
 COMMON         0x00002724      0x180 build/sky/contiki-ng-sky.a(uip-ds6.o)
                0x00002724                uip_ds6_timer_ra