Archive member included because of file (symbol)

build/z1/contiki-ng-z1.a(cc2420.o)
                              cluster_head.o (cc2420_last_rssi)
build/z1/contiki-ng-z1.a(cc2420-arch.o)
                              build/z1/contiki-ng-z1.a(cc2420.o) (cc2420_arch_init)
build/z1/contiki-ng-z1.a(uart0-putchar.o)
                              cluster_head.o (putchar)
build/z1/contiki-ng-z1.a(platform.o)
                              build/z1/obj/contiki-main.o (platform_init_stage_one)
build/z1/contiki-ng-z1.a(msp430.o)
                              build/z1/contiki-ng-z1.a(platform.o) (msp430_dco_required)
build/z1/contiki-ng-z1.a(clock.o)
                              build/z1/obj/contiki-main.o (clock_init)
build/z1/contiki-ng-z1.a(watchdog.o)
                              build/z1/obj/contiki-main.o (watchdog_start)
build/z1/contiki-ng-z1.a(rtimer-arch.o)
                              build/z1/contiki-ng-z1.a(cc2420.o) (rtimer_arch_now)
build/z1/contiki-ng-z1.a(log.o)
                              build/z1/obj/contiki-main.o (log_6addr)
build/z1/contiki-ng-z1.a(autostart.o)
                              build/z1/obj/contiki-main.o (autostart_start)
build/z1/contiki-ng-z1.a(energest.o)
                              build/z1/obj/contiki-main.o (energest_init)
build/z1/contiki-ng-z1.a(etimer.o)
                              build/z1/contiki-ng-z1.a(clock.o) (etimer_request_poll)
build/z1/contiki-ng-z1.a(node-id.o)
                              build/z1/obj/contiki-main.o (node_id_init)
build/z1/contiki-ng-z1.a(ctimer.o)
                              build/z1/obj/contiki-main.o (ctimer_init)
build/z1/contiki-ng-z1.a(rtimer.o)
                              build/z1/obj/contiki-main.o (rtimer_init)
build/z1/contiki-ng-z1.a(process.o)
                              cluster_head.o (process_current)
build/z1/contiki-ng-z1.a(timer.o)
                              build/z1/contiki-ng-z1.a(platform.o) (timer_set)
build/z1/contiki-ng-z1.a(stack-check.o)
                              build/z1/obj/contiki-main.o (stack_check_init)
build/z1/contiki-ng-z1.a(list.o)
                              build/z1/contiki-ng-z1.a(ctimer.o) (list_init)
build/z1/contiki-ng-z1.a(random.o)
                              build/z1/contiki-ng-z1.a(platform.o) (random_init)
build/z1/contiki-ng-z1.a(queuebuf.o)
                              build/z1/obj/contiki-main.o (queuebuf_init)
build/z1/contiki-ng-z1.a(packetbuf.o)
                              build/z1/contiki-ng-z1.a(cc2420.o) (packetbuf_set_datalen)
build/z1/contiki-ng-z1.a(netstack.o)
                              build/z1/obj/contiki-main.o (netstack_init)
build/z1/contiki-ng-z1.a(linkaddr.o)
                              build/z1/contiki-ng-z1.a(platform.o) (linkaddr_copy)
build/z1/contiki-ng-z1.a(csma.o)
                              build/z1/obj/contiki-main.o (csma_driver)
build/z1/contiki-ng-z1.a(csma-output.o)
                              build/z1/contiki-ng-z1.a(csma.o) (csma_output_packet)
build/z1/contiki-ng-z1.a(uip-ds6.o)
                              cluster_head.o (uip_ds6_if)
build/z1/contiki-ng-z1.a(tcpip.o)
                              cluster_head.o (udp_new)
build/z1/contiki-ng-z1.a(uip-udp-packet.)
                              cluster_head.o (uip_udp_packet_send)
build/z1/contiki-ng-z1.a(uip-ds6-route.o)
                              build/z1/contiki-ng-z1.a(uip-ds6.o) (uip_ds6_route_init)
build/z1/contiki-ng-z1.a(uip6.o)
                              cluster_head.o (uip_aligned_buf)
build/z1/contiki-ng-z1.a(uip-ds6-nbr.o)
                              build/z1/contiki-ng-z1.a(uip-ds6.o) (uip_ds6_neighbors_init)
build/z1/contiki-ng-z1.a(uip-nd6.o)
                              build/z1/contiki-ng-z1.a(uip6.o) (uip_nd6_init)
build/z1/contiki-ng-z1.a(sicslowpan.o)
                              build/z1/obj/contiki-main.o (sicslowpan_driver)
build/z1/contiki-ng-z1.a(uiplib.o)
                              build/z1/contiki-ng-z1.a(log.o) (uiplib_ipaddr_snprint)
build/z1/contiki-ng-z1.a(rpl.o)
                              build/z1/obj/contiki-main.o (rpl_classic_driver)
build/z1/contiki-ng-z1.a(rpl-dag-root.o)
                              build/z1/contiki-ng-z1.a(rpl.o) (rpl_dag_root_set_prefix)
build/z1/contiki-ng-z1.a(contiki-z1-plat)
                              build/z1/contiki-ng-z1.a(platform.o) (init_platform)
build/z1/contiki-ng-z1.a(leds.o)
                              build/z1/contiki-ng-z1.a(platform.o) (leds_init)
build/z1/contiki-ng-z1.a(xmem.o)
                              build/z1/contiki-ng-z1.a(platform.o) (xmem_init)
build/z1/contiki-ng-z1.a(spi-legacy.o)
                              build/z1/contiki-ng-z1.a(cc2420-arch.o) (spi_init)
build/z1/contiki-ng-z1.a(node-id-z1.o)
                              build/z1/contiki-ng-z1.a(platform.o) (node_id_z1_restore)
build/z1/contiki-ng-z1.a(sensors.o)
                              build/z1/contiki-ng-z1.a(contiki-z1-plat) (sensors_process)
build/z1/contiki-ng-z1.a(uart0.o)
[...]
Memory Configuration

Name             Origin             Length             Attributes
sfr              0x00000000         0x00000010
peripheral_8bit  0x00000010         0x000000f0
peripheral_16bit 0x00000100         0x00000100
ram_mirror       0x00000200         0x00000800         xw
infomem          0x00001000         0x00000100
infod            0x00001000         0x00000040
infoc            0x00001040         0x00000040
infob            0x00001080         0x00000040
infoa            0x000010c0         0x00000040
ram              0x00001100         0x00002000         xw
rom              0x00003100         0x0000cebe         xr
vectors          0x0000ffc0         0x00000040
far_rom          0x00010000         0x0000a000
bsl              0x00000000         0x00000000
ram2             0x00000000         0x00000000         xw
usbram           0x00000000         0x00000000         xw
*default*        0x00000000         0xffffffff

Linker script and memory map

LOAD /usr/local/bin/../lib/gcc/msp430/4.7.2/mcpu-430x/mmpy-16/msr20/mc20/crt0ivtbl32.o
                0x00000041                __P1SEL2 = 0x41
                0x00000045                __P5SEL2 = 0x45
                0x000029a2                _stack = _end
LOAD cluster_head.o
LOAD build/z1/obj/contiki-main.o
LOAD build/z1/contiki-ng-z1.a
LOAD /usr/local/bin/../lib/gcc/msp430/4.7.2/mcpu-430x/mmpy-16/msr20/mc20/libgcc.a
LOAD /usr/local/bin/../lib/gcc/msp430/4.7.2/../../../../msp430/lib/mcpu-430x/mmpy-16/msr20/mc20/libc.a
LOAD /usr/local/bin/../lib/gcc/msp430/4.7.2/mcpu-430x/mmpy-16/msr20/mc20/libgcc.a
LOAD /usr/local/bin/../lib/gcc/msp430/4.7.2/mcpu-430x/mmpy-16/msr20/mc20/libcrt0.a
                0x00000040                PROVIDE (__info_segment_size, 0x40)
                0x00001000                PROVIDE (__infod, 0x1000)
                0x00001040                PROVIDE (__infoc, 0x1040)
                0x00001080                PROVIDE (__infob, 0x1080)
                0x000010c0                PROVIDE (__infoa, 0x10c0)
                0x00000000                __IE1 = 0x0
                0x00000002                __IFG1 = 0x2
                0x00000001                __IE2 = 0x1
                0x00000003                __IFG2 = 0x3
                0x00000006                __UC1IE = 0x6
                0x00000007                __UC1IFG = 0x7
                0x000001a0                __ADC12CTL0 = 0x1a0
                0x000001a2                __ADC12CTL1 = 0x1a2
                0x000001a4                __ADC12IFG = 0x1a4
                0x000001a6                __ADC12IE = 0x1a6
                0x000001a8                __ADC12IV = 0x1a8
                0x00000140                __ADC12MEM0 = 0x140
                0x00000142                __ADC12MEM1 = 0x142
                0x00000144                __ADC12MEM2 = 0x144
                0x00000146                __ADC12MEM3 = 0x146
                0x00000148                __ADC12MEM4 = 0x148
                0x0000014a                __ADC12MEM5 = 0x14a
                0x0000014c                __ADC12MEM6 = 0x14c
                0x0000014e                __ADC12MEM7 = 0x14e
                0x00000150                __ADC12MEM8 = 0x150
                0x00000152                __ADC12MEM9 = 0x152
                0x00000154                __ADC12MEM10 = 0x154
                0x00000156                __ADC12MEM11 = 0x156
                0x00000158                __ADC12MEM12 = 0x158
                0x0000015a                __ADC12MEM13 = 0x15a
                0x0000015c                __ADC12MEM14 = 0x15c
                0x0000015e                __ADC12MEM15 = 0x15e
                0x00000080                __ADC12MCTL0 = 0x80
                0x00000081                __ADC12MCTL1 = 0x81
                0x00000082                __ADC12MCTL2 = 0x82
                0x00000083                __ADC12MCTL3 = 0x83
                0x00000084                __ADC12MCTL4 = 0x84
                0x00000085                __ADC12MCTL5 = 0x85
                0x00000086                __ADC12MCTL6 = 0x86
                0x00000087                __ADC12MCTL7 = 0x87
                0x00000088                __ADC12MCTL8 = 0x88
                0x00000089                __ADC12MCTL9 = 0x89
                0x0000008a                __ADC12MCTL10 = 0x8a
                0x0000008b                __ADC12MCTL11 = 0x8b
                0x0000008c                __ADC12MCTL12 = 0x8c
                0x0000008d                __ADC12MCTL13 = 0x8d
                0x0000008e                __ADC12MCTL14 = 0x8e
                0x0000008f                __ADC12MCTL15 = 0x8f
                0x00000056                __DCOCTL = 0x56
                0x00000057                __BCSCTL1 = 0x57
                0x00000058                __BCSCTL2 = 0x58
                0x00000053                __BCSCTL3 = 0x53
                0x00000059                __CACTL1 = 0x59
                0x0000005a                __CACTL2 = 0x5a
                0x0000005b                __CAPD = 0x5b
                0x000001c0                __DAC12_0CTL = 0x1c0
                0x000001c2                __DAC12_1CTL = 0x1c2
                0x000001c8                __DAC12_0DAT = 0x1c8
                0x000001ca                __DAC12_1DAT = 0x1ca
                0x00000122                __DMACTL0 = 0x122
                0x00000124                __DMACTL1 = 0x124
                0x00000126                __DMAIV = 0x126
                0x000001d0                __DMA0CTL = 0x1d0
                0x000001dc                __DMA1CTL = 0x1dc
                0x000001e8                __DMA2CTL = 0x1e8
                0x000001d2                __DMA0SA = 0x1d2
                0x000001d2                __DMA0SAL = 0x1d2
                0x000001d6                __DMA0DA = 0x1d6
                0x000001d6                __DMA0DAL = 0x1d6
                0x000001da                __DMA0SZ = 0x1da
                0x000001de                __DMA1SA = 0x1de
                0x000001de                __DMA1SAL = 0x1de
                0x000001e2                __DMA1DA = 0x1e2
                0x000001e2                __DMA1DAL = 0x1e2
                0x000001e6                __DMA1SZ = 0x1e6
                0x000001ea                __DMA2SA = 0x1ea
                0x000001ea                __DMA2SAL = 0x1ea
                0x000001ee                __DMA2DA = 0x1ee
                0x000001ee                __DMA2DAL = 0x1ee
                0x000001f2                __DMA2SZ = 0x1f2
                0x00000128                __FCTL1 = 0x128
                0x0000012a                __FCTL2 = 0x12a
                0x0000012c                __FCTL3 = 0x12c
                0x000001be                __FCTL4 = 0x1be
                0x00000130                __MPY = 0x130
                0x00000132                __MPYS = 0x132
                0x00000134                __MAC = 0x134
                0x00000136                __MACS = 0x136
                0x00000138                __OP2 = 0x138
                0x0000013a                __RESLO = 0x13a
                0x0000013c                __RESHI = 0x13c
                0x0000013e                __SUMEXT = 0x13e
                0x00000020                __P1IN = 0x20
                0x00000021                __P1OUT = 0x21
                0x00000022                __P1DIR = 0x22
                0x00000023                __P1IFG = 0x23
                0x00000024                __P1IES = 0x24
                0x00000025                __P1IE = 0x25
                0x00000026                __P1SEL = 0x26
                0x00000027                __P1REN = 0x27
                0x00000028                __P2IN = 0x28
                0x00000029                __P2OUT = 0x29
                0x0000002a                __P2DIR = 0x2a
                0x0000002b                __P2IFG = 0x2b
                0x0000002c                __P2IES = 0x2c
                0x0000002d                __P2IE = 0x2d
                0x0000002e                __P2SEL = 0x2e
                0x0000002f                __P2REN = 0x2f
                0x00000018                __P3IN = 0x18
                0x00000019                __P3OUT = 0x19
                0x0000001a                __P3DIR = 0x1a
                0x0000001b                __P3SEL = 0x1b
                0x00000010                __P3REN = 0x10
                0x0000001c                __P4IN = 0x1c
                0x0000001d                __P4OUT = 0x1d
                0x0000001e                __P4DIR = 0x1e
                0x0000001f                __P4SEL = 0x1f
                0x00000011                __P4REN = 0x11
                0x00000030                __P5IN = 0x30
                0x00000031                __P5OUT = 0x31
                0x00000032                __P5DIR = 0x32
                0x00000033                __P5SEL = 0x33
                0x00000012                __P5REN = 0x12
                0x00000034                __P6IN = 0x34
                0x00000035                __P6OUT = 0x35
                0x00000036                __P6DIR = 0x36
                0x00000037                __P6SEL = 0x37
                0x00000013                __P6REN = 0x13
                0x00000038                __P7IN = 0x38
                0x0000003a                __P7OUT = 0x3a
                0x0000003c                __P7DIR = 0x3c
                0x0000003e                __P7SEL = 0x3e
                0x00000014                __P7REN = 0x14
                0x00000039                __P8IN = 0x39
                0x0000003b                __P8OUT = 0x3b
                0x0000003d                __P8DIR = 0x3d
                0x0000003f                __P8SEL = 0x3f
                0x00000015                __P8REN = 0x15
                0x00000038                __PAIN = 0x38
                0x0000003a                __PAOUT = 0x3a
                0x0000003c                __PADIR = 0x3c
                0x0000003e                __PASEL = 0x3e
                0x00000014                __PAREN = 0x14
                0x00000055                __SVSCTL = 0x55
                0x0000012e                __TAIV = 0x12e
                0x00000160                __TACTL = 0x160
                0x00000162                __TACCTL0 = 0x162
                0x00000164                __TACCTL1 = 0x164
                0x00000166                __TACCTL2 = 0x166
                0x00000170                __TAR = 0x170
                0x00000172                __TACCR0 = 0x172
                0x00000174                __TACCR1 = 0x174
                0x00000176                __TACCR2 = 0x176
                0x0000011e                __TBIV = 0x11e
                0x00000180                __TBCTL = 0x180
                0x00000182                __TBCCTL0 = 0x182
                0x00000184                __TBCCTL1 = 0x184
                0x00000186                __TBCCTL2 = 0x186
                0x00000188                __TBCCTL3 = 0x188
                0x0000018a                __TBCCTL4 = 0x18a
                0x0000018c                __TBCCTL5 = 0x18c
                0x0000018e                __TBCCTL6 = 0x18e
                0x00000190                __TBR = 0x190
                0x00000192                __TBCCR0 = 0x192
                0x00000194                __TBCCR1 = 0x194
                0x00000196                __TBCCR2 = 0x196
                0x00000198                __TBCCR3 = 0x198
                0x0000019a                __TBCCR4 = 0x19a
                0x0000019c                __TBCCR5 = 0x19c
                0x0000019e                __TBCCR6 = 0x19e
                0x00000060                __UCA0CTL0 = 0x60
                0x00000061                __UCA0CTL1 = 0x61
                0x00000062                __UCA0BR0 = 0x62
                0x00000063                __UCA0BR1 = 0x63
                0x00000064                __UCA0MCTL = 0x64
                0x00000065                __UCA0STAT = 0x65
                0x00000066                __UCA0RXBUF = 0x66
                0x00000067                __UCA0TXBUF = 0x67
                0x0000005d                __UCA0ABCTL = 0x5d
                0x0000005e                __UCA0IRTCTL = 0x5e
                0x0000005f                __UCA0IRRCTL = 0x5f
                0x00000068                __UCB0CTL0 = 0x68
                0x00000069                __UCB0CTL1 = 0x69
                0x0000006a                __UCB0BR0 = 0x6a
                0x0000006b                __UCB0BR1 = 0x6b
                0x0000006c                __UCB0I2CIE = 0x6c
                0x0000006d                __UCB0STAT = 0x6d
                0x0000006e                __UCB0RXBUF = 0x6e
                0x0000006f                __UCB0TXBUF = 0x6f
                0x00000118                __UCB0I2COA = 0x118
                0x0000011a                __UCB0I2CSA = 0x11a
                0x000000d0                __UCA1CTL0 = 0xd0
                0x000000d1                __UCA1CTL1 = 0xd1
                0x000000d2                __UCA1BR0 = 0xd2
                0x000000d3                __UCA1BR1 = 0xd3
                0x000000d4                __UCA1MCTL = 0xd4
                0x000000d5                __UCA1STAT = 0xd5
                0x000000d6                __UCA1RXBUF = 0xd6
                0x000000d7                __UCA1TXBUF = 0xd7
                0x000000cd                __UCA1ABCTL = 0xcd
                0x000000ce                __UCA1IRTCTL = 0xce
                0x000000cf                __UCA1IRRCTL = 0xcf
                0x000000d8                __UCB1CTL0 = 0xd8
                0x000000d9                __UCB1CTL1 = 0xd9
                0x000000da                __UCB1BR0 = 0xda
                0x000000db                __UCB1BR1 = 0xdb
                0x000000dc                __UCB1I2CIE = 0xdc
                0x000000dd                __UCB1STAT = 0xdd
                0x000000de                __UCB1RXBUF = 0xde
                0x000000df                __UCB1TXBUF = 0xdf
                0x0000017c                __UCB1I2COA = 0x17c
                0x0000017e                __UCB1I2CSA = 0x17e
                0x00000120                __WDTCTL = 0x120
                0x000010c0                __TLV_CHECKSUM = 0x10c0
                0x000010f6                __TLV_DCO_30_TAG = 0x10f6
                0x000010f7                __TLV_DCO_30_LEN = 0x10f7
                0x000010da                __TLV_ADC12_1_TAG = 0x10da
                0x000010db                __TLV_ADC12_1_LEN = 0x10db
                0x000010f8                __CALDCO_16MHZ = 0x10f8
                0x000010f9                __CALBC1_16MHZ = 0x10f9
                0x000010fa                __CALDCO_12MHZ = 0x10fa
                0x000010fb                __CALBC1_12MHZ = 0x10fb
                0x000010fc                __CALDCO_8MHZ = 0x10fc
                0x000010fd                __CALBC1_8MHZ = 0x10fd
                0x000010fe                __CALDCO_1MHZ = 0x10fe
                0x000010ff                __CALBC1_1MHZ = 0x10ff

.hash
 *(.hash)

.dynsym
 *(.dynsym)

.dynstr
 *(.dynstr)

.gnu.version
 *(.gnu.version)

.gnu.version_d
 *(.gnu.version_d)

.gnu.version_r
 *(.gnu.version_r)

.rel.init
 *(.rel.init)

.rela.init
 *(.rela.init)

.rel.fini
 *(.rel.fini)

.rela.fini
 *(.rela.fini)

.rel.text
 *(.rel.text .rel.text.* .rel.gnu.linkonce.t.*)

.rela.text
 *(.rela.text .rela.text.* .rela.gnu.linkonce.t.*)

.rel.rodata
 *(.rel.rodata .rel.rodata.* .rel.gnu.linkonce.r.*)

.rela.rodata
 *(.rela.rodata .rela.rodata.* .rela.gnu.linkonce.r.*)

.rel.data
 *(.rel.data .rel.data.* .rel.gnu.linkonce.d.*)

.rela.data
 *(.rela.data .rela.data.* .rela.gnu.linkonce.d.*)

.rel.bss
 *(.rel.bss .rel.bss.* .rel.gnu.linkonce.b.*)

.rela.bss
 *(.rela.bss .rela.bss.* .rela.gnu.linkonce.b.*)

.rel.ctors
 *(.rel.ctors)

.rela.ctors
 *(.rela.ctors)

.rel.dtors
 *(.rel.dtors)

.rela.dtors
 *(.rela.dtors)

.rel.got
 *(.rel.got)

.rela.got
 *(.rela.got)

.rel.plt
 *(.rel.plt)

.rela.plt
 *(.rela.plt)

.text           0x00003100     0xab9c
                0x00003100                . = ALIGN (0x2)
 *(.init .init.*)
 *(.init0)
 .init0         0x00003100        0x0 /usr/local/bin/../lib/gcc/msp430/4.7.2/mcpu-430x/mmpy-16/msr20/mc20/libcrt0.a(_reset_vector__.o)
                0x00003100                _reset_vector__
 *(.init1)
 .init1         0x00003100        0xc /usr/local/bin/../lib/gcc/msp430/4.7.2/mcpu-430x/mmpy-16/msr20/mc20/libcrt0.a(__watchdog_support.o)
                0x00003100                __watchdog_support
 *(.init2)
 .init2         0x0000310c        0x4 /usr/local/bin/../lib/gcc/msp430/4.7.2/mcpu-430x/mmpy-16/msr20/mc20/libcrt0.a(__init_stack.o)
                0x0000310c                __init_stack
 *(.init3)
 .init3         0x00003110        0x0 /usr/local/bin/../lib/gcc/msp430/4.7.2/mcpu-430x/mmpy-16/msr20/mc20/libcrt0.a(__low_level_init.o)
                0x00003110                __low_level_init
 *(.init4)
 .init4         0x00003110       0x18 /usr/local/bin/../lib/gcc/msp430/4.7.2/mcpu-430x/mmpy-16/msr20/mc20/libcrt0.a(_copy_data.o)
                0x00003110                __do_copy_data
 .init4         0x00003128       0x16 /usr/local/bin/../lib/gcc/msp430/4.7.2/mcpu-430x/mmpy-16/msr20/mc20/libcrt0.a(_clear_bss.o)
                0x00003128                __do_clear_bss
 *(.init5)
 *(.init6)
 *(.init7)
 *(.init8)
 *(.init9)
 .init9         0x0000313e      0x232 build/z1/obj/contiki-main.o
                0x0000313e                main
 *(.fini9)
 .fini9         0x00003370        0x0 /usr/local/bin/../lib/gcc/msp430/4.7.2/mcpu-430x/mmpy-16/msr20/mc20/libcrt0.a(__stop_progExec__.o)
                0x00003370                __stop_progExec__
 *(.fini8)
 *(.fini7)
 *(.fini6)
 *(.fini5)
 *(.fini4)
 *(.fini3)
 *(.fini2)
 *(.fini1)
 *(.fini0)
 .fini0         0x00003370        0x6 /usr/local/bin/../lib/gcc/msp430/4.7.2/mcpu-430x/mmpy-16/msr20/mc20/libcrt0.a(_endless_loop__.o)
                0x00003370                _endless_loop__
 *(.fini .fini.*)
                0x00003376                . = ALIGN (0x2)
                0x00003376                __ctors_start = .
 *(.ctors)
                0x00003376                __ctors_end = .
                0x00003376                __dtors_start = .
 *(.dtors)
                0x00003376                __dtors_end = .
                0x00003376                . = ALIGN (0x2)
 *(.text .text.* .gnu.linkonce.t.*)
 .text          0x00003376        0x4 /usr/local/bin/../lib/gcc/msp430/4.7.2/mcpu-430x/mmpy-16/msr20/mc20/crt0ivtbl32.o
                0x00003376                __isr_14
                0x00003376                __isr_4
                0x00003376                __isr_29
                0x00003376                __isr_11
                0x00003376                __isr_5
                0x00003376                __isr_2
                0x00003376                __isr_10
                0x00003376                __isr_7
                0x00003376                __isr_0
                0x00003376                __isr_28
                0x00003376                __isr_8
                0x00003376                __isr_20
                0x00003376                __isr_3
                0x00003376                __isr_12
                0x00003376                __isr_13
                0x00003376                __isr_27
                0x00003376                __isr_9
                0x00003376                __isr_30
                0x00003376                __isr_6
                0x00003376                __isr_22
                0x00003376                __isr_1
                0x00003376                __isr_15
                0x00003376                __isr_21
 .text.libgcc   0x0000337a       0x26 /usr/local/bin/../lib/gcc/msp430/4.7.2/mcpu-430x/mmpy-16/msr20/mc20/libgcc.a(_mulsi3.o)
                0x0000337a                __mulsi3
 .text.libgcc   0x000033a0       0x22 /usr/local/bin/../lib/gcc/msp430/4.7.2/mcpu-430x/mmpy-16/msr20/mc20/libgcc.a(_udivmod16.o)
                0x000033a0                __udivhi3
                0x000033a0                __ext_udivmod16
                0x000033ba                __umodhi3
 .text.libgcc   0x000033c2       0x3a /usr/local/bin/../lib/gcc/msp430/4.7.2/mcpu-430x/mmpy-16/msr20/mc20/libgcc.a(_divmod16.o)
                0x000033c2                __ext_divmod16
                0x000033c2                __divhi3
                0x000033f4                __modhi3
 .text.libgcc   0x000033fc       0x38 /usr/local/bin/../lib/gcc/msp430/4.7.2/mcpu-430x/mmpy-16/msr20/mc20/libgcc.a(_udivmod32.o)
                0x000033fc                __udivsi3
                0x000033fc                __ext_udivmod32
                0x0000342a                __umodsi3
 .text.libgcc   0x00003434       0x4c /usr/local/bin/../lib/gcc/msp430/4.7.2/mcpu-430x/mmpy-16/msr20/mc20/libgcc.a(_divmod32.o)
                0x00003434                __ext_divmod32
                0x00003434                __divsi3
                0x00003476                __modsi3
 .text.libgcc   0x00003480       0xbc /usr/local/bin/../lib/gcc/msp430/4.7.2/mcpu-430x/mmpy-16/msr20/mc20/libgcc.a(_udivmod64.o)
                0x00003480                __xabi_udivmod64
                0x000034d2                __udivdi3
                0x000034ec                __umoddi3
                0x0000350e                __udivmoddi4
 .text.crt0     0x0000353c        0x2 /usr/local/bin/../lib/gcc/msp430/4.7.2/mcpu-430x/mmpy-16/msr20/mc20/libcrt0.a(_unexpected_.o)
                0x0000353c                _unexpected_
 *(.near.text .near.text.*)
 .near.text.timera1
                0x0000353e       0xd0 build/z1/contiki-ng-z1.a(clock.o)
                0x0000353e                __isr_24
                0x0000353e                timera1
 .near.text.watchdog_interrupt
                0x0000360e        0x6 build/z1/contiki-ng-z1.a(watchdog.o)
                0x0000360e                __isr_26
                0x0000360e                watchdog_interrupt
 .near.text.timera0
                0x00003614       0x22 build/z1/contiki-ng-z1.a(rtimer-arch.o)
                0x00003614                __isr_25
                0x00003614                timera0
 .near.text.uart0_rx_interrupt
                0x00003636       0x2a build/z1/contiki-ng-z1.a(uart0.o)
                0x00003636                __isr_23
                0x00003636                uart0_rx_interrupt
 .near.text.port1_isr
                0x00003660       0x84 build/z1/contiki-ng-z1.a(adxl345.o)
                0x00003660                port1_isr
                0x00003660                __isr_18
 .near.text.i2c_tx_interrupt
                0x000036e4       0x84 build/z1/contiki-ng-z1.a(i2cmaster.o)
                0x000036e4                __isr_16
                0x000036e4                i2c_tx_interrupt
 .near.text.i2c_rx_interrupt
                0x00003768       0x14 build/z1/contiki-ng-z1.a(i2cmaster.o)
                0x00003768                i2c_rx_interrupt
                0x00003768                __isr_17
 .near.text.irq_p2
                0x0000377c       0x3c build/z1/contiki-ng-z1.a(button-sensor.o)
                0x0000377c                irq_p2
                0x0000377c                __isr_19
 .any.text.process_thread_udp_server_process
                0x000037b8      0x404 cluster_head.o
 .any.text.get_object
                0x00003bbc        0x4 build/z1/contiki-ng-z1.a(cc2420.o)
 .any.text.set_object
                0x00003bc0        0x4 build/z1/contiki-ng-z1.a(cc2420.o)
 .any.text.strobe
                0x00003bc4       0x1a build/z1/contiki-ng-z1.a(cc2420.o)
 .any.text.getreg
                0x00003bde       0x46 build/z1/contiki-ng-z1.a(cc2420.o)
 .any.text.setreg
                0x00003c24       0x44 build/z1/contiki-ng-z1.a(cc2420.o)
 .any.text.write_ram
                0x00003c68       0x72 build/z1/contiki-ng-z1.a(cc2420.o)
 .any.text.write_fifo_buf
                0x00003cda       0x38 build/z1/contiki-ng-z1.a(cc2420.o)
 .any.text.get_status
                0x00003d12       0x1e build/z1/contiki-ng-z1.a(cc2420.o)
 .any.text.on   0x00003d30       0x1a build/z1/contiki-ng-z1.a(cc2420.o)
 .any.text.cc2420_receiving_packet
                0x00003d4a        0xa build/z1/contiki-ng-z1.a(cc2420.o)
 .any.text.pending_packet
                0x00003d54        0xa build/z1/contiki-ng-z1.a(cc2420.o)
 .any.text.wait_for_transmission
                0x00003d5e       0x22 build/z1/contiki-ng-z1.a(cc2420.o)
 .any.text.wait_for_status
                0x00003d80       0x24 build/z1/contiki-ng-z1.a(cc2420.o)
 .any.text.getrxdata
                0x00003da4       0x4c build/z1/contiki-ng-z1.a(cc2420.o)
 .any.text.flushrx
                0x00003df0       0x1a build/z1/contiki-ng-z1.a(cc2420.o)
 .any.text.off  0x00003e0a       0x28 build/z1/contiki-ng-z1.a(cc2420.o)
 .any.text.RELEASE_LOCK
                0x00003e32       0x28 build/z1/contiki-ng-z1.a(cc2420.o)
 .any.text.set_frame_filtering
                0x00003e5a       0x30 build/z1/contiki-ng-z1.a(cc2420.o)
 .any.text.set_auto_ack
                0x00003e8a       0x30 build/z1/contiki-ng-z1.a(cc2420.o)
 .any.text.set_poll_mode
                0x00003eba       0x2c build/z1/contiki-ng-z1.a(cc2420.o)
 .any.text.cc2420_prepare
                0x00003ee6       0x42 build/z1/contiki-ng-z1.a(cc2420.o)
 .any.text.cc2420_on
                0x00003f28       0x22 build/z1/contiki-ng-z1.a(cc2420.o)
                0x00003f28                cc2420_on
 .any.text.cc2420_transmit
                0x00003f4a       0x66 build/z1/contiki-ng-z1.a(cc2420.o)
 .any.text.cc2420_send
                0x00003fb0       0x12 build/z1/contiki-ng-z1.a(cc2420.o)
 .any.text.cc2420_off
                0x00003fc2       0x30 build/z1/contiki-ng-z1.a(cc2420.o)
                0x00003fc2                cc2420_off
 .any.text.cc2420_cca
                0x00003ff2       0x54 build/z1/contiki-ng-z1.a(cc2420.o)
 .any.text.cc2420_read
                0x00004046       0xba build/z1/contiki-ng-z1.a(cc2420.o)
 .any.text.process_thread_cc2420_process
                0x00004100       0x62 build/z1/contiki-ng-z1.a(cc2420.o)
 .any.text.cc2420_set_channel
                0x00004162       0x3a build/z1/contiki-ng-z1.a(cc2420.o)
                0x00004162                cc2420_set_channel
 .any.text.cc2420_set_pan_addr
                0x0000419c       0x4c build/z1/contiki-ng-z1.a(cc2420.o)
                0x0000419c                cc2420_set_pan_addr
 .any.text.cc2420_interrupt
                0x000041e8       0x16 build/z1/contiki-ng-z1.a(cc2420.o)
                0x000041e8                cc2420_interrupt
 .any.text.cc2420_set_txpower
                0x000041fe       0x2c build/z1/contiki-ng-z1.a(cc2420.o)
                0x000041fe                cc2420_set_txpower
 .any.text.cc2420_get_txpower
                0x0000422a       0x1e build/z1/contiki-ng-z1.a(cc2420.o)
                0x0000422a                cc2420_get_txpower
 .any.text.cc2420_rssi
                0x00004248       0x48 build/z1/contiki-ng-z1.a(cc2420.o)
                0x00004248                cc2420_rssi
 .any.text.get_value
                0x00004290      0x11e build/z1/contiki-ng-z1.a(cc2420.o)
 .any.text.cc2420_set_cca_threshold
                0x000043ae       0x16 build/z1/contiki-ng-z1.a(cc2420.o)
                0x000043ae                cc2420_set_cca_threshold
 .any.text.set_value
                0x000043c4      0x14a build/z1/contiki-ng-z1.a(cc2420.o)
 .any.text.cc2420_init
                0x0000450e       0xea build/z1/contiki-ng-z1.a(cc2420.o)
                0x0000450e                cc2420_init
 .any.text.cc2420_arch_init
                0x000045f8       0x1a build/z1/contiki-ng-z1.a(cc2420-arch.o)
                0x000045f8                cc2420_arch_init
 .any.text.putchar
                0x00004612       0x10 build/z1/contiki-ng-z1.a(uart0-putchar.o)
                0x00004612                putchar
 .any.text.platform_init_stage_one
                0x00004622       0x12 build/z1/contiki-ng-z1.a(platform.o)
                0x00004622                platform_init_stage_one
 .any.text.platform_init_stage_two
                0x00004634       0xba build/z1/contiki-ng-z1.a(platform.o)
                0x00004634                platform_init_stage_two
 .any.text.platform_init_stage_three
                0x000046ee       0x72 build/z1/contiki-ng-z1.a(platform.o)
                0x000046ee                platform_init_stage_three
 .any.text.platform_idle
                0x00004760       0x54 build/z1/contiki-ng-z1.a(platform.o)
                0x00004760                platform_idle
 .any.text.msp430_init_dco
                0x000047b4       0x28 build/z1/contiki-ng-z1.a(msp430.o)
                0x000047b4                msp430_init_dco
 .any.text.splhigh_
                0x000047dc        0x8 build/z1/contiki-ng-z1.a(msp430.o)
                0x000047dc                splhigh_
 .any.text.msp430_sync_dco
                0x000047e4       0x6e build/z1/contiki-ng-z1.a(msp430.o)
                0x000047e4                msp430_sync_dco
 .any.text.msp430_cpu_init
                0x00004852       0x2e build/z1/contiki-ng-z1.a(msp430.o)
                0x00004852                msp430_cpu_init
 .any.text.clock_time
                0x00004880       0x1a build/z1/contiki-ng-z1.a(clock.o)
                0x00004880                clock_time
 .any.text.clock_init
                0x0000489a       0x28 build/z1/contiki-ng-z1.a(clock.o)
                0x0000489a                clock_init
 .any.text.clock_delay
                0x000048c2        0xc build/z1/contiki-ng-z1.a(clock.o)
                0x000048c2                clock_delay
 .any.text.clock_wait
                0x000048ce       0x24 build/z1/contiki-ng-z1.a(clock.o)
                0x000048ce                clock_wait
 .any.text.clock_seconds
                0x000048f2       0x1a build/z1/contiki-ng-z1.a(clock.o)
                0x000048f2                clock_seconds
 .any.text.watchdog_start
                0x0000490c       0x14 build/z1/contiki-ng-z1.a(watchdog.o)
                0x0000490c                watchdog_start
 .any.text.watchdog_periodic
                0x00004920       0x12 build/z1/contiki-ng-z1.a(watchdog.o)
                0x00004920                watchdog_periodic
 .any.text.watchdog_stop
                0x00004932       0x16 build/z1/contiki-ng-z1.a(watchdog.o)
                0x00004932                watchdog_stop
 .any.text.watchdog_init
                0x00004948       0x12 build/z1/contiki-ng-z1.a(watchdog.o)
                0x00004948                watchdog_init
 .any.text.rtimer_arch_init
                0x0000495a        0xe build/z1/contiki-ng-z1.a(rtimer-arch.o)
                0x0000495a                rtimer_arch_init
 .any.text.rtimer_arch_now
                0x00004968        0xe build/z1/contiki-ng-z1.a(rtimer-arch.o)
                0x00004968                rtimer_arch_now
 .any.text.rtimer_arch_schedule
                0x00004976        0x6 build/z1/contiki-ng-z1.a(rtimer-arch.o)
                0x00004976                rtimer_arch_schedule
 .any.text.log_6addr
                0x0000497c       0x32 build/z1/contiki-ng-z1.a(log.o)
                0x0000497c                log_6addr
 .any.text.log_lladdr
                0x000049ae       0x40 build/z1/contiki-ng-z1.a(log.o)
                0x000049ae                log_lladdr
 .any.text.autostart_start
                0x000049ee       0x16 build/z1/contiki-ng-z1.a(autostart.o)
                0x000049ee                autostart_start
 .any.text.energest_init
                0x00004a04        0x2 build/z1/contiki-ng-z1.a(energest.o)
                0x00004a04                energest_init
 .any.text.energest_flush
                0x00004a06        0x2 build/z1/contiki-ng-z1.a(energest.o)
                0x00004a06                energest_flush
 .any.text.update_time
                0x00004a08       0x70 build/z1/contiki-ng-z1.a(etimer.o)
 .any.text.etimer_request_poll
                0x00004a78        0xa build/z1/contiki-ng-z1.a(etimer.o)
                0x00004a78                etimer_request_poll
 .any.text.process_thread_etimer_process
                0x00004a82       0xc4 build/z1/contiki-ng-z1.a(etimer.o)
 .any.text.add_timer
                0x00004b46       0x40 build/z1/contiki-ng-z1.a(etimer.o)
 .any.text.etimer_set
                0x00004b86       0x12 build/z1/contiki-ng-z1.a(etimer.o)
                0x00004b86                etimer_set
 .any.text.etimer_reset
                0x00004b98       0x12 build/z1/contiki-ng-z1.a(etimer.o)
                0x00004b98                etimer_reset
 .any.text.etimer_expired
                0x00004baa        0xe build/z1/contiki-ng-z1.a(etimer.o)
                0x00004baa                etimer_expired
 .any.text.etimer_expiration_time
                0x00004bb8       0x14 build/z1/contiki-ng-z1.a(etimer.o)
                0x00004bb8                etimer_expiration_time
 .any.text.etimer_pending
                0x00004bcc        0xc build/z1/contiki-ng-z1.a(etimer.o)
                0x00004bcc                etimer_pending
 .any.text.etimer_next_expiration_time
                0x00004bd8       0x16 build/z1/contiki-ng-z1.a(etimer.o)
                0x00004bd8                etimer_next_expiration_time
 .any.text.etimer_stop
                0x00004bee       0x3e build/z1/contiki-ng-z1.a(etimer.o)
                0x00004bee                etimer_stop
 .any.text.node_id_init
                0x00004c2c       0x14 build/z1/contiki-ng-z1.a(node-id.o)
                0x00004c2c                node_id_init
 .any.text.process_thread_ctimer_process
                0x00004c40       0xa0 build/z1/contiki-ng-z1.a(ctimer.o)
 .any.text.ctimer_init
                0x00004ce0       0x18 build/z1/contiki-ng-z1.a(ctimer.o)
                0x00004ce0                ctimer_init
 .any.text.ctimer_set_with_process
                0x00004cf8       0x4a build/z1/contiki-ng-z1.a(ctimer.o)
                0x00004cf8                ctimer_set_with_process
 .any.text.ctimer_set
                0x00004d42       0x10 build/z1/contiki-ng-z1.a(ctimer.o)
                0x00004d42                ctimer_set
 .any.text.ctimer_reset
                0x00004d52       0x2c build/z1/contiki-ng-z1.a(ctimer.o)
                0x00004d52                ctimer_reset
 .any.text.ctimer_stop
                0x00004d7e       0x28 build/z1/contiki-ng-z1.a(ctimer.o)
                0x00004d7e                ctimer_stop
 .any.text.rtimer_init
                0x00004da6        0x6 build/z1/contiki-ng-z1.a(rtimer.o)
                0x00004da6                rtimer_init
 .any.text.rtimer_run_next
                0x00004dac       0x26 build/z1/contiki-ng-z1.a(rtimer.o)
                0x00004dac                rtimer_run_next
 .any.text.call_process
                0x00004dd2       0x40 build/z1/contiki-ng-z1.a(process.o)
 .any.text.exit_process
                0x00004e12       0x88 build/z1/contiki-ng-z1.a(process.o)
 .any.text.do_poll
                0x00004e9a       0x30 build/z1/contiki-ng-z1.a(process.o)
 .any.text.process_alloc_event
                0x00004eca        0xe build/z1/contiki-ng-z1.a(process.o)
                0x00004eca                process_alloc_event
 .any.text.process_init
                0x00004ed8       0x1c build/z1/contiki-ng-z1.a(process.o)
                0x00004ed8                process_init
 .any.text.process_run
                0x00004ef4       0x8c build/z1/contiki-ng-z1.a(process.o)
                0x00004ef4                process_run
 .any.text.process_nevents
                0x00004f80        0xe build/z1/contiki-ng-z1.a(process.o)
                0x00004f80                process_nevents
 .any.text.process_post
                0x00004f8e       0x4a build/z1/contiki-ng-z1.a(process.o)
                0x00004f8e                process_post
 .any.text.process_post_synch
                0x00004fd8       0x12 build/z1/contiki-ng-z1.a(process.o)
                0x00004fd8                process_post_synch
 .any.text.process_start
                0x00004fea       0x36 build/z1/contiki-ng-z1.a(process.o)
                0x00004fea                process_start
 .any.text.process_poll
                0x00005020       0x18 build/z1/contiki-ng-z1.a(process.o)
                0x00005020                process_poll
 .any.text.timer_set
                0x00005038       0x1c build/z1/contiki-ng-z1.a(timer.o)
                0x00005038                timer_set
 .any.text.timer_expired
                0x00005054       0x2a build/z1/contiki-ng-z1.a(timer.o)
                0x00005054                timer_expired
 .any.text.timer_reset
                0x0000507e       0x1c build/z1/contiki-ng-z1.a(timer.o)
                0x0000507e                timer_reset
 .any.text.stack_check_init
                0x0000509a       0x2e build/z1/contiki-ng-z1.a(stack-check.o)
                0x0000509a                stack_check_init
 .any.text.stack_check_get_usage
                0x000050c8       0x54 build/z1/contiki-ng-z1.a(stack-check.o)
                0x000050c8                stack_check_get_usage
 .any.text.process_thread_stack_check_process
                0x0000511c       0xd2 build/z1/contiki-ng-z1.a(stack-check.o)
 .any.text.list_init
                0x000051ee        0x6 build/z1/contiki-ng-z1.a(list.o)
                0x000051ee                list_init
 .any.text.list_head
                0x000051f4        0x4 build/z1/contiki-ng-z1.a(list.o)
                0x000051f4                list_head
 .any.text.list_tail
                0x000051f8       0x12 build/z1/contiki-ng-z1.a(list.o)
                0x000051f8                list_tail
 .any.text.list_remove
                0x0000520a       0x34 build/z1/contiki-ng-z1.a(list.o)
                0x0000520a                list_remove
 .any.text.list_push
                0x0000523e       0x16 build/z1/contiki-ng-z1.a(list.o)
                0x0000523e                list_push
 .any.text.list_add
                0x00005254       0x26 build/z1/contiki-ng-z1.a(list.o)
                0x00005254                list_add
 .any.text.list_length
                0x0000527a       0x10 build/z1/contiki-ng-z1.a(list.o)
                0x0000527a                list_length
 .any.text.list_item_next
                0x0000528a        0xc build/z1/contiki-ng-z1.a(list.o)
                0x0000528a                list_item_next
 .any.text.random_init
                0x00005296        0x6 build/z1/contiki-ng-z1.a(random.o)
                0x00005296                random_init
 .any.text.random_rand
                0x0000529c        0x6 build/z1/contiki-ng-z1.a(random.o)
                0x0000529c                random_rand
 .any.text.queuebuf_init
                0x000052a2       0x12 build/z1/contiki-ng-z1.a(queuebuf.o)
                0x000052a2                queuebuf_init
 .any.text.queuebuf_numfree
                0x000052b4        0xa build/z1/contiki-ng-z1.a(queuebuf.o)
                0x000052b4                queuebuf_numfree
 .any.text.queuebuf_new_from_packetbuf
                0x000052be       0x4e build/z1/contiki-ng-z1.a(queuebuf.o)
                0x000052be                queuebuf_new_from_packetbuf
 .any.text.queuebuf_update_attr_from_packetbuf
                0x0000530c       0x12 build/z1/contiki-ng-z1.a(queuebuf.o)
                0x0000530c                queuebuf_update_attr_from_packetbuf
 .any.text.queuebuf_free
                0x0000531e       0x2a build/z1/contiki-ng-z1.a(queuebuf.o)
                0x0000531e                queuebuf_free
 .any.text.queuebuf_to_packetbuf
                0x00005348       0x32 build/z1/contiki-ng-z1.a(queuebuf.o)
                0x00005348                queuebuf_to_packetbuf
 .any.text.packetbuf_hdrreduce
                0x0000537a       0x1a build/z1/contiki-ng-z1.a(packetbuf.o)
                0x0000537a                packetbuf_hdrreduce
 .any.text.packetbuf_set_datalen
                0x00005394        0x6 build/z1/contiki-ng-z1.a(packetbuf.o)
                0x00005394                packetbuf_set_datalen
 .any.text.packetbuf_hdrptr
                0x0000539a        0x6 build/z1/contiki-ng-z1.a(packetbuf.o)
                0x0000539a                packetbuf_hdrptr
 .any.text.packetbuf_datalen
                0x000053a0        0x6 build/z1/contiki-ng-z1.a(packetbuf.o)
                0x000053a0                packetbuf_datalen
 .any.text.packetbuf_hdrlen
                0x000053a6        0xa build/z1/contiki-ng-z1.a(packetbuf.o)
                0x000053a6                packetbuf_hdrlen
 .any.text.packetbuf_dataptr
                0x000053b0        0xc build/z1/contiki-ng-z1.a(packetbuf.o)
                0x000053b0                packetbuf_dataptr
 .any.text.packetbuf_copyto
                0x000053bc       0x3a build/z1/contiki-ng-z1.a(packetbuf.o)
                0x000053bc                packetbuf_copyto
 .any.text.packetbuf_totlen
                0x000053f6        0xc build/z1/contiki-ng-z1.a(packetbuf.o)
                0x000053f6                packetbuf_totlen
 .any.text.packetbuf_hdralloc
                0x00005402       0x3c build/z1/contiki-ng-z1.a(packetbuf.o)
                0x00005402                packetbuf_hdralloc
 .any.text.packetbuf_attr_clear
                0x0000543e       0x28 build/z1/contiki-ng-z1.a(packetbuf.o)
                0x0000543e                packetbuf_attr_clear
 .any.text.packetbuf_clear
                0x00005466       0x12 build/z1/contiki-ng-z1.a(packetbuf.o)
                0x00005466                packetbuf_clear
 .any.text.packetbuf_copyfrom
                0x00005478       0x2a build/z1/contiki-ng-z1.a(packetbuf.o)
                0x00005478                packetbuf_copyfrom
 .any.text.packetbuf_attr_copyto
                0x000054a2       0x22 build/z1/contiki-ng-z1.a(packetbuf.o)
                0x000054a2                packetbuf_attr_copyto
 .any.text.packetbuf_attr_copyfrom
                0x000054c4       0x24 build/z1/contiki-ng-z1.a(packetbuf.o)
                0x000054c4                packetbuf_attr_copyfrom
 .any.text.packetbuf_set_attr
                0x000054e8        0xc build/z1/contiki-ng-z1.a(packetbuf.o)
                0x000054e8                packetbuf_set_attr
 .any.text.packetbuf_attr
                0x000054f4        0xa build/z1/contiki-ng-z1.a(packetbuf.o)
                0x000054f4                packetbuf_attr
 .any.text.packetbuf_set_addr
                0x000054fe       0x14 build/z1/contiki-ng-z1.a(packetbuf.o)
                0x000054fe                packetbuf_set_addr
 .any.text.packetbuf_addr
                0x00005512        0xe build/z1/contiki-ng-z1.a(packetbuf.o)
                0x00005512                packetbuf_addr
 .any.text.packetbuf_holds_broadcast
                0x00005520        0xe build/z1/contiki-ng-z1.a(packetbuf.o)
                0x00005520                packetbuf_holds_broadcast
 .any.text.netstack_process_ip_callback
                0x0000552e       0x46 build/z1/contiki-ng-z1.a(netstack.o)
                0x0000552e                netstack_process_ip_callback
 .any.text.netstack_init
                0x00005574        0xe build/z1/contiki-ng-z1.a(netstack.o)
                0x00005574                netstack_init
 .any.text.linkaddr_copy
                0x00005582        0x8 build/z1/contiki-ng-z1.a(linkaddr.o)
                0x00005582                linkaddr_copy
 .any.text.linkaddr_cmp
                0x0000558a       0x12 build/z1/contiki-ng-z1.a(linkaddr.o)
                0x0000558a                linkaddr_cmp
 .any.text.linkaddr_set_node_addr
                0x0000559c        0xc build/z1/contiki-ng-z1.a(linkaddr.o)
                0x0000559c                linkaddr_set_node_addr
 .any.text.on   0x000055a8        0x6 build/z1/contiki-ng-z1.a(csma.o)
 .any.text.off  0x000055ae        0x6 build/z1/contiki-ng-z1.a(csma.o)
 .any.text.max_payload
                0x000055b4       0x38 build/z1/contiki-ng-z1.a(csma.o)
 .any.text.send_packet
                0x000055ec        0x6 build/z1/contiki-ng-z1.a(csma.o)
 .any.text.init
                0x000055f2       0x1c build/z1/contiki-ng-z1.a(csma.o)
 .any.text.input_packet
                0x0000560e       0x58 build/z1/contiki-ng-z1.a(csma.o)
 .any.text.schedule_transmission
                0x00005666       0x66 build/z1/contiki-ng-z1.a(csma-output.o)
 .any.text.tx_done
                0x000056cc       0x86 build/z1/contiki-ng-z1.a(csma-output.o)
 .any.text.transmit_from_queue
                0x00005752      0x1ac build/z1/contiki-ng-z1.a(csma-output.o)
 .any.text.csma_output_packet
                0x000058fe      0x174 build/z1/contiki-ng-z1.a(csma-output.o)
                0x000058fe                csma_output_packet
 .any.text.csma_output_init
                0x00005a72       0x1a build/z1/contiki-ng-z1.a(csma-output.o)
                0x00005a72                csma_output_init
 .any.text.uip_ds6_default_prefix
                0x00005a8c        0x6 build/z1/contiki-ng-z1.a(uip-ds6.o)
                0x00005a8c                uip_ds6_default_prefix
 .any.text.uip_ds6_list_loop
                0x00005a92       0x72 build/z1/contiki-ng-z1.a(uip-ds6.o)
                0x00005a92                uip_ds6_list_loop
 .any.text.uip_ds6_prefix_add
                0x00005b04       0x70 build/z1/contiki-ng-z1.a(uip-ds6.o)
                0x00005b04                uip_ds6_prefix_add
 .any.text.uip_ds6_is_addr_onlink
                0x00005b74       0x42 build/z1/contiki-ng-z1.a(uip-ds6.o)
                0x00005b74                uip_ds6_is_addr_onlink
 .any.text.uip_ds6_addr_lookup
                0x00005bb6       0x2a build/z1/contiki-ng-z1.a(uip-ds6.o)
                0x00005bb6                uip_ds6_addr_lookup
 .any.text.uip_ds6_get_link_local
                0x00005be0       0x3e build/z1/contiki-ng-z1.a(uip-ds6.o)
                0x00005be0                uip_ds6_get_link_local
 .any.text.uip_ds6_maddr_add
                0x00005c1e       0x48 build/z1/contiki-ng-z1.a(uip-ds6.o)
                0x00005c1e                uip_ds6_maddr_add
 .any.text.uip_ds6_addr_add
                0x00005c66       0xb4 build/z1/contiki-ng-z1.a(uip-ds6.o)
                0x00005c66                uip_ds6_addr_add
 .any.text.uip_ds6_maddr_rm
                0x00005d1a        0xa build/z1/contiki-ng-z1.a(uip-ds6.o)
                0x00005d1a                uip_ds6_maddr_rm
 .any.text.uip_ds6_maddr_lookup
                0x00005d24       0x2a build/z1/contiki-ng-z1.a(uip-ds6.o)
                0x00005d24                uip_ds6_maddr_lookup
 .any.text.uip_ds6_addr_rm
                0x00005d4e       0x54 build/z1/contiki-ng-z1.a(uip-ds6.o)
                0x00005d4e                uip_ds6_addr_rm
 .any.text.uip_ds6_periodic
                0x00005da2       0x46 build/z1/contiki-ng-z1.a(uip-ds6.o)
                0x00005da2                uip_ds6_periodic
 .any.text.uip_ds6_set_addr_iid
                0x00005de8       0x14 build/z1/contiki-ng-z1.a(uip-ds6.o)
                0x00005de8                uip_ds6_set_addr_iid
 .any.text.uip_ds6_set_lladdr_from_iid
                0x00005dfc       0x14 build/z1/contiki-ng-z1.a(uip-ds6.o)
                0x00005dfc                uip_ds6_set_lladdr_from_iid
 .any.text.get_match_length
                0x00005e10       0x3c build/z1/contiki-ng-z1.a(uip-ds6.o)
                0x00005e10                get_match_length
 .any.text.uip_ds6_select_src
                0x00005e4c       0x9a build/z1/contiki-ng-z1.a(uip-ds6.o)
                0x00005e4c                uip_ds6_select_src
 .any.text.uip_ds6_compute_reachable_time
                0x00005ee6       0x36 build/z1/contiki-ng-z1.a(uip-ds6.o)
                0x00005ee6                uip_ds6_compute_reachable_time
 .any.text.uip_ds6_init
                0x00005f1c      0x164 build/z1/contiki-ng-z1.a(uip-ds6.o)
                0x00005f1c                uip_ds6_init
 .any.text.tcpip_output
                0x00006080       0x22 build/z1/contiki-ng-z1.a(tcpip.o)
                0x00006080                tcpip_output
 .any.text.udp_new
                0x000060a2       0x1a build/z1/contiki-ng-z1.a(tcpip.o)
                0x000060a2                udp_new
 .any.text.tcpip_input
                0x000060bc       0x1e build/z1/contiki-ng-z1.a(tcpip.o)
                0x000060bc                tcpip_input
 .any.text.tcpip_ipv6_output
                0x000060da      0x10c build/z1/contiki-ng-z1.a(tcpip.o)
                0x000060da                tcpip_ipv6_output
 .any.text.packet_input.part.3
                0x000061e6       0x12 build/z1/contiki-ng-z1.a(tcpip.o)
 .any.text.process_thread_tcpip_process
                0x000061f8       0xc8 build/z1/contiki-ng-z1.a(tcpip.o)
 .any.text.tcpip_uipcall
                0x000062c0       0x2a build/z1/contiki-ng-z1.a(tcpip.o)
                0x000062c0                tcpip_uipcall
 .any.text.uip_udp_packet_send
                0x000062ea       0x2a build/z1/contiki-ng-z1.a(uip-udp-packet.)
                0x000062ea                uip_udp_packet_send
 .any.text.uip_udp_packet_sendto
                0x00006314       0x56 build/z1/contiki-ng-z1.a(uip-udp-packet.)
                0x00006314                uip_udp_packet_sendto
 .any.text.call_route_callback
                0x0000636a       0x40 build/z1/contiki-ng-z1.a(uip-ds6-route.o)
 .any.text.uip_ds6_route_init
                0x000063aa       0x36 build/z1/contiki-ng-z1.a(uip-ds6-route.o)
                0x000063aa                uip_ds6_route_init
 .any.text.uip_ds6_route_nexthop
                0x000063e0       0x1a build/z1/contiki-ng-z1.a(uip-ds6-route.o)
                0x000063e0                uip_ds6_route_nexthop
 .any.text.uip_ds6_route_head
                0x000063fa        0xa build/z1/contiki-ng-z1.a(uip-ds6-route.o)
                0x000063fa                uip_ds6_route_head
 .any.text.uip_ds6_route_next
                0x00006404        0xe build/z1/contiki-ng-z1.a(uip-ds6-route.o)
                0x00006404                uip_ds6_route_next
 .any.text.uip_ds6_route_is_nexthop
                0x00006412       0x22 build/z1/contiki-ng-z1.a(uip-ds6-route.o)
                0x00006412                uip_ds6_route_is_nexthop
 .any.text.uip_ds6_route_lookup
                0x00006434       0x76 build/z1/contiki-ng-z1.a(uip-ds6-route.o)
                0x00006434                uip_ds6_route_lookup
 .any.text.uip_ds6_route_rm
                0x000064aa       0x96 build/z1/contiki-ng-z1.a(uip-ds6-route.o)
                0x000064aa                uip_ds6_route_rm
 .any.text.rm_routelist
                0x00006540       0x34 build/z1/contiki-ng-z1.a(uip-ds6-route.o)
 .any.text.rm_routelist_callback
                0x00006574        0x6 build/z1/contiki-ng-z1.a(uip-ds6-route.o)
 .any.text.uip_ds6_route_add
                0x0000657a      0x104 build/z1/contiki-ng-z1.a(uip-ds6-route.o)
                0x0000657a                uip_ds6_route_add
 .any.text.uip_ds6_defrt_rm
                0x0000667e       0x44 build/z1/contiki-ng-z1.a(uip-ds6-route.o)
                0x0000667e                uip_ds6_defrt_rm
 .any.text.uip_ds6_defrt_lookup
                0x000066c2       0x3c build/z1/contiki-ng-z1.a(uip-ds6-route.o)
                0x000066c2                uip_ds6_defrt_lookup
 .any.text.uip_ds6_defrt_add
                0x000066fe       0x70 build/z1/contiki-ng-z1.a(uip-ds6-route.o)
                0x000066fe                uip_ds6_defrt_add
 .any.text.uip_ds6_defrt_choose
                0x0000676e       0x36 build/z1/contiki-ng-z1.a(uip-ds6-route.o)
                0x0000676e                uip_ds6_defrt_choose
 .any.text.uip_ds6_defrt_periodic
                0x000067a4       0x38 build/z1/contiki-ng-z1.a(uip-ds6-route.o)
                0x000067a4                uip_ds6_defrt_periodic
 .any.text.chksum
                0x000067dc       0x32 build/z1/contiki-ng-z1.a(uip6.o)
 .any.text.upper_layer_chksum
                0x0000680e       0x54 build/z1/contiki-ng-z1.a(uip6.o)
 .any.text.ext_hdr_options_process
                0x00006862       0x92 build/z1/contiki-ng-z1.a(uip6.o)
 .any.text.uip_check_mtu
                0x000068f4       0x1e build/z1/contiki-ng-z1.a(uip6.o)
 .any.text.uip_update_ttl
                0x00006912       0x24 build/z1/contiki-ng-z1.a(uip6.o)
 .any.text.uip_icmp6chksum
                0x00006936        0xa build/z1/contiki-ng-z1.a(uip6.o)
                0x00006936                uip_icmp6chksum
 .any.text.uip_udpchksum
                0x00006940        0xa build/z1/contiki-ng-z1.a(uip6.o)
                0x00006940                uip_udpchksum
 .any.text.uip_init
                0x0000694a       0x3c build/z1/contiki-ng-z1.a(uip6.o)
                0x0000694a                uip_init
 .any.text.uip_remove_ext_hdr
                0x00006986       0x5e build/z1/contiki-ng-z1.a(uip6.o)
                0x00006986                uip_remove_ext_hdr
 .any.text.uip_udp_new
                0x000069e4       0xa0 build/z1/contiki-ng-z1.a(uip6.o)
                0x000069e4                uip_udp_new
 .any.text.uip_process
                0x00006a84      0x4b6 build/z1/contiki-ng-z1.a(uip6.o)
                0x00006a84                uip_process
 .any.text.uip_htons
                0x00006f3a        0xc build/z1/contiki-ng-z1.a(uip6.o)
                0x00006f3a                uip_htons
 .any.text.uip_htonl
                0x00006f46       0x2a build/z1/contiki-ng-z1.a(uip6.o)
                0x00006f46                uip_htonl
 .any.text.uip_ds6_nbr_rm
                0x00006f70       0x1e build/z1/contiki-ng-z1.a(uip-ds6-nbr.o)
                0x00006f70                uip_ds6_nbr_rm
 .any.text.uip_ds6_neighbors_init
                0x00006f8e       0x12 build/z1/contiki-ng-z1.a(uip-ds6-nbr.o)
                0x00006f8e                uip_ds6_neighbors_init
 .any.text.uip_ds6_nbr_add
                0x00006fa0       0x36 build/z1/contiki-ng-z1.a(uip-ds6-nbr.o)
                0x00006fa0                uip_ds6_nbr_add
 .any.text.uip_ds6_nbr_get_ll
                0x00006fd6        0xc build/z1/contiki-ng-z1.a(uip-ds6-nbr.o)
                0x00006fd6                uip_ds6_nbr_get_ll
 .any.text.uip_ds6_nbr_head
                0x00006fe2        0xa build/z1/contiki-ng-z1.a(uip-ds6-nbr.o)
                0x00006fe2                uip_ds6_nbr_head
 .any.text.uip_ds6_nbr_next
                0x00006fec        0xc build/z1/contiki-ng-z1.a(uip-ds6-nbr.o)
                0x00006fec                uip_ds6_nbr_next
 .any.text.uip_ds6_nbr_lookup
                0x00006ff8       0x36 build/z1/contiki-ng-z1.a(uip-ds6-nbr.o)
                0x00006ff8                uip_ds6_nbr_lookup
 .any.text.uip_ds6_nbr_ll_lookup
                0x0000702e        0xc build/z1/contiki-ng-z1.a(uip-ds6-nbr.o)
                0x0000702e                uip_ds6_nbr_ll_lookup
 .any.text.uip_ds6_nbr_update_ll
                0x0000703a       0x6e build/z1/contiki-ng-z1.a(uip-ds6-nbr.o)
                0x0000703a                uip_ds6_nbr_update_ll
 .any.text.uip_ds6_nbr_ipaddr_from_lladdr
                0x000070a8        0x6 build/z1/contiki-ng-z1.a(uip-ds6-nbr.o)
                0x000070a8                uip_ds6_nbr_ipaddr_from_lladdr
 .any.text.uip_ds6_nbr_lladdr_from_ipaddr
                0x000070ae       0x12 build/z1/contiki-ng-z1.a(uip-ds6-nbr.o)
                0x000070ae                uip_ds6_nbr_lladdr_from_ipaddr
 .any.text.uip_ds6_link_callback
                0x000070c0        0x2 build/z1/contiki-ng-z1.a(uip-ds6-nbr.o)
                0x000070c0                uip_ds6_link_callback
 .any.text.ns_input
                0x000070c2      0x27e build/z1/contiki-ng-z1.a(uip-nd6.o)
 .any.text.uip_nd6_init
                0x00007340        0xa build/z1/contiki-ng-z1.a(uip-nd6.o)
                0x00007340                uip_nd6_init
 .any.text.clear_fragments
                0x0000734a       0x38 build/z1/contiki-ng-z1.a(sicslowpan.o)
 .any.text.addr_context_lookup_by_number
                0x00007382       0x16 build/z1/contiki-ng-z1.a(sicslowpan.o)
 .any.text.sicslowpan_init
                0x00007398       0x18 build/z1/contiki-ng-z1.a(sicslowpan.o)
                0x00007398                sicslowpan_init
 .any.text.set_packet_attrs
                0x000073b0       0x66 build/z1/contiki-ng-z1.a(sicslowpan.o)
 .any.text.compress_addr_64
                0x00007416       0x9a build/z1/contiki-ng-z1.a(sicslowpan.o)
 .any.text.addr_context_lookup_by_prefix
                0x000074b0       0x20 build/z1/contiki-ng-z1.a(sicslowpan.o)
 .any.text.send_packet
                0x000074d0       0x1a build/z1/contiki-ng-z1.a(sicslowpan.o)
 .any.text.fragment_copy_payload_and_send
                0x000074ea       0x5e build/z1/contiki-ng-z1.a(sicslowpan.o)
 .any.text.output
                0x00007548      0x772 build/z1/contiki-ng-z1.a(sicslowpan.o)
 .any.text.packet_sent
                0x00007cba       0x4e build/z1/contiki-ng-z1.a(sicslowpan.o)
 .any.text.store_fragment
                0x00007d08       0x6e build/z1/contiki-ng-z1.a(sicslowpan.o)
 .any.text.add_fragment
                0x00007d76      0x16a build/z1/contiki-ng-z1.a(sicslowpan.o)
 .any.text.uncompress_addr
                0x00007ee0       0x96 build/z1/contiki-ng-z1.a(sicslowpan.o)
 .any.text.input
                0x00007f76      0x7b8 build/z1/contiki-ng-z1.a(sicslowpan.o)
 .any.text.uiplib_ipaddr_snprint
                0x0000872e      0x114 build/z1/contiki-ng-z1.a(uiplib.o)
                0x0000872e                uiplib_ipaddr_snprint
 .any.text.uiplib_ipaddr_print
                0x00008842       0x32 build/z1/contiki-ng-z1.a(uiplib.o)
                0x00008842                uiplib_ipaddr_print
 .any.text.leave_network
                0x00008874        0x2 build/z1/contiki-ng-z1.a(rpl.o)
 .any.text.rpl_is_in_leaf_mode
                0x00008876        0x4 build/z1/contiki-ng-z1.a(rpl.o)
                0x00008876                rpl_is_in_leaf_mode
 .any.text.drop_route
                0x0000887a       0x1a build/z1/contiki-ng-z1.a(rpl.o)
 .any.text.global_repair
                0x00008894       0x1a build/z1/contiki-ng-z1.a(rpl.o)
 .any.text.get_root_ipaddr
                0x000088ae       0x26 build/z1/contiki-ng-z1.a(rpl.o)
 .any.text.local_repair
                0x000088d4       0x12 build/z1/contiki-ng-z1.a(rpl.o)
 .any.text.get_sr_node_ipaddr
                0x000088e6       0x30 build/z1/contiki-ng-z1.a(rpl.o)
 .any.text.init
                0x00008916       0x44 build/z1/contiki-ng-z1.a(rpl.o)
 .any.text.rpl_ipv6_neighbor_callback
                0x0000895a       0x1e build/z1/contiki-ng-z1.a(rpl.o)
                0x0000895a                rpl_ipv6_neighbor_callback
 .any.text.rpl_link_callback
                0x00008978       0x5a build/z1/contiki-ng-z1.a(rpl.o)
                0x00008978                rpl_link_callback
 .any.text.rpl_get_mode
                0x000089d2        0x6 build/z1/contiki-ng-z1.a(rpl.o)
                0x000089d2                rpl_get_mode
 .any.text.rpl_purge_routes
                0x000089d8       0x94 build/z1/contiki-ng-z1.a(rpl.o)
                0x000089d8                rpl_purge_routes
 .any.text.rpl_remove_routes
                0x00008a6c       0x22 build/z1/contiki-ng-z1.a(rpl.o)
                0x00008a6c                rpl_remove_routes
 .any.text.rpl_remove_routes_by_nexthop
                0x00008a8e       0x3e build/z1/contiki-ng-z1.a(rpl.o)
                0x00008a8e                rpl_remove_routes_by_nexthop
 .any.text.rpl_add_route
                0x00008acc       0x5c build/z1/contiki-ng-z1.a(rpl.o)
                0x00008acc                rpl_add_route
 .any.text.rpl_purge_dags
                0x00008b28       0x60 build/z1/contiki-ng-z1.a(rpl.o)
                0x00008b28                rpl_purge_dags
 .any.text.rpl_dag_root_set_prefix
                0x00008b88       0x5e build/z1/contiki-ng-z1.a(rpl-dag-root.o)
                0x00008b88                rpl_dag_root_set_prefix
 .any.text.rpl_dag_root_start
                0x00008be6       0xd2 build/z1/contiki-ng-z1.a(rpl-dag-root.o)
                0x00008be6                rpl_dag_root_start
 .any.text.rpl_dag_root_is_root
                0x00008cb8       0x24 build/z1/contiki-ng-z1.a(rpl-dag-root.o)
                0x00008cb8                rpl_dag_root_is_root
 .any.text.init_platform
                0x00008cdc        0xc build/z1/contiki-ng-z1.a(contiki-z1-plat)
                0x00008cdc                init_platform
 .any.text.leds_init
                0x00008ce8        0x6 build/z1/contiki-ng-z1.a(leds.o)
                0x00008ce8                leds_init
 .any.text.leds_on
                0x00008cee       0x12 build/z1/contiki-ng-z1.a(leds.o)
                0x00008cee                leds_on
 .any.text.leds_off
                0x00008d00       0x12 build/z1/contiki-ng-z1.a(leds.o)
                0x00008d00                leds_off
 .any.text.wait_ready
                0x00008d12       0x46 build/z1/contiki-ng-z1.a(xmem.o)
 .any.text.xmem_init
                0x00008d58       0x1e build/z1/contiki-ng-z1.a(xmem.o)
                0x00008d58                xmem_init
 .any.text.xmem_pread
                0x00008d76       0x88 build/z1/contiki-ng-z1.a(xmem.o)
                0x00008d76                xmem_pread
 .any.text.spi_init
                0x00008dfe       0x32 build/z1/contiki-ng-z1.a(spi-legacy.o)
                0x00008dfe                spi_init
 .any.text.node_id_z1_restore
                0x00008e30       0x4c build/z1/contiki-ng-z1.a(node-id-z1.o)
                0x00008e30                node_id_z1_restore
 .any.text.process_thread_sensors_process
                0x00008e7c       0xc2 build/z1/contiki-ng-z1.a(sensors.o)
 .any.text.sensors_changed
                0x00008f3e       0x2a build/z1/contiki-ng-z1.a(sensors.o)
                0x00008f3e                sensors_changed
 .any.text.uart0_active
                0x00008f68        0xe build/z1/contiki-ng-z1.a(uart0.o)
                0x00008f68                uart0_active
 .any.text.uart0_writeb
                0x00008f76       0x16 build/z1/contiki-ng-z1.a(uart0.o)
                0x00008f76                uart0_writeb
 .any.text.uart0_init
                0x00008f8c       0x4e build/z1/contiki-ng-z1.a(uart0.o)
                0x00008f8c                uart0_init
 .any.text.status
                0x00008fda       0x12 build/z1/contiki-ng-z1.a(adxl345.o)
 .any.text.accm_write_reg
                0x00008fec       0x2e build/z1/contiki-ng-z1.a(adxl345.o)
 .any.text.accm_write_stream
                0x0000901a       0x2a build/z1/contiki-ng-z1.a(adxl345.o)
 .any.text.accm_read_reg
                0x00009044       0x54 build/z1/contiki-ng-z1.a(adxl345.o)
 .any.text.process_thread_accmeter_process
                0x00009098       0x56 build/z1/contiki-ng-z1.a(adxl345.o)
 .any.text.accm_read_axis.part.0
                0x000090ee       0x5a build/z1/contiki-ng-z1.a(adxl345.o)
 .any.text.value
                0x00009148       0x1e build/z1/contiki-ng-z1.a(adxl345.o)
 .any.text.accm_init
                0x00009166       0x78 build/z1/contiki-ng-z1.a(adxl345.o)
                0x00009166                accm_init
 .any.text.accm_stop
                0x000091de       0x32 build/z1/contiki-ng-z1.a(adxl345.o)
                0x000091de                accm_stop
 .any.text.configure
                0x00009210       0x26 build/z1/contiki-ng-z1.a(adxl345.o)
 .any.text.status
                0x00009236       0x12 build/z1/contiki-ng-z1.a(tmp102.o)
 .any.text.tmp102_init
                0x00009248       0x24 build/z1/contiki-ng-z1.a(tmp102.o)
                0x00009248                tmp102_init
 .any.text.tmp102_stop
                0x0000926c        0xa build/z1/contiki-ng-z1.a(tmp102.o)
                0x0000926c                tmp102_stop
 .any.text.configure
                0x00009276       0x26 build/z1/contiki-ng-z1.a(tmp102.o)
 .any.text.tmp102_read_reg
                0x0000929c       0x5e build/z1/contiki-ng-z1.a(tmp102.o)
                0x0000929c                tmp102_read_reg
 .any.text.tmp102_read_temp_x100
                0x000092fa       0x58 build/z1/contiki-ng-z1.a(tmp102.o)
                0x000092fa                tmp102_read_temp_x100
 .any.text.value
                0x00009352        0x6 build/z1/contiki-ng-z1.a(tmp102.o)
 .any.text.leds_arch_init
                0x00009358        0xe build/z1/contiki-ng-z1.a(leds-arch.o)
                0x00009358                leds_arch_init
 .any.text.leds_arch_get
                0x00009366       0x34 build/z1/contiki-ng-z1.a(leds-arch.o)
                0x00009366                leds_arch_get
 .any.text.leds_arch_set
                0x0000939a       0x3e build/z1/contiki-ng-z1.a(leds-arch.o)
                0x0000939a                leds_arch_set
 .any.text.stimer_set
                0x000093d8       0x1c build/z1/contiki-ng-z1.a(stimer.o)
                0x000093d8                stimer_set
 .any.text.stimer_expired
                0x000093f4       0x30 build/z1/contiki-ng-z1.a(stimer.o)
                0x000093f4                stimer_expired
 .any.text.memb_init
                0x00009424       0x36 build/z1/contiki-ng-z1.a(memb.o)
                0x00009424                memb_init
 .any.text.memb_alloc
                0x0000945a       0x3e build/z1/contiki-ng-z1.a(memb.o)
                0x0000945a                memb_alloc
 .any.text.memb_free
                0x00009498       0x32 build/z1/contiki-ng-z1.a(memb.o)
                0x00009498                memb_free
 .any.text.memb_inmemb
                0x000094ca       0x2a build/z1/contiki-ng-z1.a(memb.o)
                0x000094ca                memb_inmemb
 .any.text.memb_numfree
                0x000094f4       0x26 build/z1/contiki-ng-z1.a(memb.o)
                0x000094f4                memb_numfree
 .any.text.item_from_index
                0x0000951a       0x2a build/z1/contiki-ng-z1.a(nbr-table.o)
 .any.text.index_from_key
                0x00009544       0x26 build/z1/contiki-ng-z1.a(nbr-table.o)
 .any.text.index_from_item
                0x0000956a       0x1e build/z1/contiki-ng-z1.a(nbr-table.o)
 .any.text.nbr_set_bit
                0x00009588       0x50 build/z1/contiki-ng-z1.a(nbr-table.o)
 .any.text.index_from_lladdr
                0x000095d8       0x3e build/z1/contiki-ng-z1.a(nbr-table.o)
 .any.text.nbr_get_bit.constprop.0
                0x00009616       0x2c build/z1/contiki-ng-z1.a(nbr-table.o)
 .any.text.nbr_table_is_registered
                0x00009642       0x22 build/z1/contiki-ng-z1.a(nbr-table.o)
                0x00009642                nbr_table_is_registered
 .any.text.nbr_table_register
                0x00009664       0x3c build/z1/contiki-ng-z1.a(nbr-table.o)
                0x00009664                nbr_table_register
 .any.text.nbr_table_next
                0x000096a0       0x4c build/z1/contiki-ng-z1.a(nbr-table.o)
                0x000096a0                nbr_table_next
 .any.text.nbr_table_head
                0x000096ec       0x36 build/z1/contiki-ng-z1.a(nbr-table.o)
                0x000096ec                nbr_table_head
 .any.text.nbr_table_add_lladdr
                0x00009722      0x14e build/z1/contiki-ng-z1.a(nbr-table.o)
                0x00009722                nbr_table_add_lladdr
 .any.text.nbr_table_get_from_lladdr
                0x00009870       0x28 build/z1/contiki-ng-z1.a(nbr-table.o)
                0x00009870                nbr_table_get_from_lladdr
 .any.text.nbr_table_remove
                0x00009898       0x2a build/z1/contiki-ng-z1.a(nbr-table.o)
                0x00009898                nbr_table_remove
 .any.text.nbr_table_lock
                0x000098c2       0x10 build/z1/contiki-ng-z1.a(nbr-table.o)
                0x000098c2                nbr_table_lock
 .any.text.nbr_table_unlock
                0x000098d2       0x10 build/z1/contiki-ng-z1.a(nbr-table.o)
                0x000098d2                nbr_table_unlock
 .any.text.nbr_table_get_lladdr
                0x000098e2       0x20 build/z1/contiki-ng-z1.a(nbr-table.o)
                0x000098e2                nbr_table_get_lladdr
 .any.text.periodic
                0x00009902       0x2c build/z1/contiki-ng-z1.a(link-stats.o)
 .any.text.link_stats_from_lladdr
                0x0000992e        0xc build/z1/contiki-ng-z1.a(link-stats.o)
                0x0000992e                link_stats_from_lladdr
 .any.text.link_stats_is_fresh
                0x0000993a       0x30 build/z1/contiki-ng-z1.a(link-stats.o)
                0x0000993a                link_stats_is_fresh
 .any.text.guess_etx_from_rssi
                0x0000996a       0x42 build/z1/contiki-ng-z1.a(link-stats.o)
                0x0000996a                guess_etx_from_rssi
 .any.text.link_stats_packet_sent
                0x000099ac       0xc8 build/z1/contiki-ng-z1.a(link-stats.o)
                0x000099ac                link_stats_packet_sent
 .any.text.link_stats_input_callback
                0x00009a74       0xaa build/z1/contiki-ng-z1.a(link-stats.o)
                0x00009a74                link_stats_input_callback
 .any.text.link_stats_init
                0x00009b1e       0x22 build/z1/contiki-ng-z1.a(link-stats.o)
                0x00009b1e                link_stats_init
 .any.text.mac_sequence_is_duplicate
                0x00009b40       0x6e build/z1/contiki-ng-z1.a(mac-sequence.o)
                0x00009b40                mac_sequence_is_duplicate
 .any.text.mac_sequence_register_seqno
                0x00009bae       0x86 build/z1/contiki-ng-z1.a(mac-sequence.o)
                0x00009bae                mac_sequence_register_seqno
 .any.text.mac_call_sent_callback
                0x00009c34       0x14 build/z1/contiki-ng-z1.a(mac.o)
                0x00009c34                mac_call_sent_callback
 .any.text.parse
                0x00009c48       0x9c build/z1/contiki-ng-z1.a(framer-802154.o)
 .any.text.framer_802154_setup_params
                0x00009ce4       0xb0 build/z1/contiki-ng-z1.a(framer-802154.o)
                0x00009ce4                framer_802154_setup_params
 .any.text.create_frame
                0x00009d94       0xda build/z1/contiki-ng-z1.a(framer-802154.o)
 .any.text.create
                0x00009e6e        0x8 build/z1/contiki-ng-z1.a(framer-802154.o)
 .any.text.hdr_length
                0x00009e76        0x8 build/z1/contiki-ng-z1.a(framer-802154.o)
 .any.text.frame802154_get_pan_id
                0x00009e7e        0x6 build/z1/contiki-ng-z1.a(frame802154.o)
                0x00009e7e                frame802154_get_pan_id
 .any.text.frame802154_has_panid
                0x00009e84       0xe0 build/z1/contiki-ng-z1.a(frame802154.o)
                0x00009e84                frame802154_has_panid
 .any.text.field_len
                0x00009f64       0xa8 build/z1/contiki-ng-z1.a(frame802154.o)
 .any.text.frame802154_is_broadcast_addr
                0x0000a00c       0x28 build/z1/contiki-ng-z1.a(frame802154.o)
                0x0000a00c                frame802154_is_broadcast_addr
 .any.text.frame802154_hdrlen
                0x0000a034       0x32 build/z1/contiki-ng-z1.a(frame802154.o)
                0x0000a034                frame802154_hdrlen
 .any.text.frame802154_create_fcf
                0x0000a066       0x6e build/z1/contiki-ng-z1.a(frame802154.o)
                0x0000a066                frame802154_create_fcf
 .any.text.frame802154_create
                0x0000a0d4       0xd4 build/z1/contiki-ng-z1.a(frame802154.o)
                0x0000a0d4                frame802154_create
 .any.text.frame802154_parse_fcf
                0x0000a1a8       0x8c build/z1/contiki-ng-z1.a(frame802154.o)
                0x0000a1a8                frame802154_parse_fcf
 .any.text.frame802154_parse
                0x0000a234      0x15c build/z1/contiki-ng-z1.a(frame802154.o)
                0x0000a234                frame802154_parse
 .any.text.csma_security_create_frame
                0x0000a390       0x10 build/z1/contiki-ng-z1.a(csma-security.o)
                0x0000a390                csma_security_create_frame
 .any.text.csma_security_parse_frame
                0x0000a3a0        0x6 build/z1/contiki-ng-z1.a(csma-security.o)
                0x0000a3a0                csma_security_parse_frame
 .any.text.uipbuf_add_ext_hdr
                0x0000a3a6       0x1c build/z1/contiki-ng-z1.a(uipbuf.o)
                0x0000a3a6                uipbuf_add_ext_hdr
 .any.text.uipbuf_set_len
                0x0000a3c2       0x12 build/z1/contiki-ng-z1.a(uipbuf.o)
                0x0000a3c2                uipbuf_set_len
 .any.text.uipbuf_set_len_field
                0x0000a3d4        0xe build/z1/contiki-ng-z1.a(uipbuf.o)
                0x0000a3d4                uipbuf_set_len_field
 .any.text.uipbuf_get_len_field
                0x0000a3e2        0xe build/z1/contiki-ng-z1.a(uipbuf.o)
                0x0000a3e2                uipbuf_get_len_field
 .any.text.uipbuf_get_next_header
                0x0000a3f0       0x5a build/z1/contiki-ng-z1.a(uipbuf.o)
                0x0000a3f0                uipbuf_get_next_header
 .any.text.uipbuf_get_last_header
                0x0000a44a       0x36 build/z1/contiki-ng-z1.a(uipbuf.o)
                0x0000a44a                uipbuf_get_last_header
 .any.text.uipbuf_get_attr
                0x0000a480       0x14 build/z1/contiki-ng-z1.a(uipbuf.o)
                0x0000a480                uipbuf_get_attr
 .any.text.uipbuf_clear_attr
                0x0000a494       0x12 build/z1/contiki-ng-z1.a(uipbuf.o)
                0x0000a494                uipbuf_clear_attr
 .any.text.uipbuf_clear
                0x0000a4a6       0x12 build/z1/contiki-ng-z1.a(uipbuf.o)
                0x0000a4a6                uipbuf_clear
 .any.text.uipbuf_init
                0x0000a4b8       0x1a build/z1/contiki-ng-z1.a(uipbuf.o)
                0x0000a4b8                uipbuf_init
 .any.text.echo_reply_input
                0x0000a4d2       0x60 build/z1/contiki-ng-z1.a(uip-icmp6.o)
 .any.text.echo_request_input
                0x0000a532       0x86 build/z1/contiki-ng-z1.a(uip-icmp6.o)
 .any.text.uip_icmp6_input
                0x0000a5b8       0x44 build/z1/contiki-ng-z1.a(uip-icmp6.o)
                0x0000a5b8                uip_icmp6_input
 .any.text.uip_icmp6_register_input_handler
                0x0000a5fc        0xc build/z1/contiki-ng-z1.a(uip-icmp6.o)
                0x0000a5fc                uip_icmp6_register_input_handler
 .any.text.uip_icmp6_error_output
                0x0000a608      0x136 build/z1/contiki-ng-z1.a(uip-icmp6.o)
                0x0000a608                uip_icmp6_error_output
 .any.text.uip_icmp6_send
                0x0000a73e       0x80 build/z1/contiki-ng-z1.a(uip-icmp6.o)
                0x0000a73e                uip_icmp6_send
 .any.text.uip_icmp6_init
                0x0000a7be       0x12 build/z1/contiki-ng-z1.a(uip-icmp6.o)
                0x0000a7be                uip_icmp6_init
 .any.text.get32
                0x0000a7d0       0x3e build/z1/contiki-ng-z1.a(rpl-icmp6.o)
 .any.text.set32
                0x0000a80e       0x2a build/z1/contiki-ng-z1.a(rpl-icmp6.o)
 .any.text.get16
                0x0000a838        0xe build/z1/contiki-ng-z1.a(rpl-icmp6.o)
 .any.text.set16
                0x0000a846       0x10 build/z1/contiki-ng-z1.a(rpl-icmp6.o)
 .any.text.dao_ack_input
                0x0000a856        0x6 build/z1/contiki-ng-z1.a(rpl-icmp6.o)
 .any.text.dio_input
                0x0000a85c      0x27a build/z1/contiki-ng-z1.a(rpl-icmp6.o)
 .any.text.rpl_icmp6_update_nbr_table
                0x0000aad6       0x2e build/z1/contiki-ng-z1.a(rpl-icmp6.o)
                0x0000aad6                rpl_icmp6_update_nbr_table
 .any.text.dao_input
                0x0000ab04      0x31e build/z1/contiki-ng-z1.a(rpl-icmp6.o)
 .any.text.dis_output
                0x0000ae22       0x50 build/z1/contiki-ng-z1.a(rpl-icmp6.o)
                0x0000ae22                dis_output
 .any.text.dio_output
                0x0000ae72      0x24c build/z1/contiki-ng-z1.a(rpl-icmp6.o)
                0x0000ae72                dio_output
 .any.text.dis_input
                0x0000b0be       0x3a build/z1/contiki-ng-z1.a(rpl-icmp6.o)
 .any.text.dao_output_target
                0x0000b0f8       0xf8 build/z1/contiki-ng-z1.a(rpl-icmp6.o)
                0x0000b0f8                dao_output_target
 .any.text.dao_output
                0x0000b1f0       0xe0 build/z1/contiki-ng-z1.a(rpl-icmp6.o)
                0x0000b1f0                dao_output
 .any.text.rpl_icmp6_register_handlers
                0x0000b2d0       0x22 build/z1/contiki-ng-z1.a(rpl-icmp6.o)
                0x0000b2d0                rpl_icmp6_register_handlers
 .any.text.lollipop_greater_than
                0x0000b2f2       0x3c build/z1/contiki-ng-z1.a(rpl-dag.o)
 .any.text.find_parent_any_dag_any_instance
                0x0000b32e       0x14 build/z1/contiki-ng-z1.a(rpl-dag.o)
 .any.text.rpl_set_preferred_parent
                0x0000b342       0x2c build/z1/contiki-ng-z1.a(rpl-dag.o)
 .any.text.set_ip_from_prefix
                0x0000b36e       0x30 build/z1/contiki-ng-z1.a(rpl-dag.o)
 .any.text.check_prefix
                0x0000b39e       0x70 build/z1/contiki-ng-z1.a(rpl-dag.o)
 .any.text.rpl_dag_init
                0x0000b40e        0xe build/z1/contiki-ng-z1.a(rpl-dag.o)
                0x0000b40e                rpl_dag_init
 .any.text.rpl_get_parent
                0x0000b41c        0xc build/z1/contiki-ng-z1.a(rpl-dag.o)
                0x0000b41c                rpl_get_parent
 .any.text.rpl_rank_via_parent
                0x0000b428       0x2a build/z1/contiki-ng-z1.a(rpl-dag.o)
                0x0000b428                rpl_rank_via_parent
 .any.text.rpl_get_parent_lladdr
                0x0000b452        0xc build/z1/contiki-ng-z1.a(rpl-dag.o)
                0x0000b452                rpl_get_parent_lladdr
 .any.text.rpl_parent_get_ipaddr
                0x0000b45e       0x12 build/z1/contiki-ng-z1.a(rpl-dag.o)
                0x0000b45e                rpl_parent_get_ipaddr
 .any.text.rpl_get_parent_link_stats
                0x0000b470        0xa build/z1/contiki-ng-z1.a(rpl-dag.o)
                0x0000b470                rpl_get_parent_link_stats
 .any.text.rpl_parent_is_fresh
                0x0000b47a        0xa build/z1/contiki-ng-z1.a(rpl-dag.o)
                0x0000b47a                rpl_parent_is_fresh
 .any.text.best_parent
                0x0000b484       0x72 build/z1/contiki-ng-z1.a(rpl-dag.o)
 .any.text.rpl_parent_is_reachable
                0x0000b4f6       0x4a build/z1/contiki-ng-z1.a(rpl-dag.o)
                0x0000b4f6                rpl_parent_is_reachable
 .any.text.rpl_set_prefix
                0x0000b540       0x82 build/z1/contiki-ng-z1.a(rpl-dag.o)
                0x0000b540                rpl_set_prefix
 .any.text.rpl_set_default_route
                0x0000b5c2       0x3a build/z1/contiki-ng-z1.a(rpl-dag.o)
                0x0000b5c2                rpl_set_default_route
 .any.text.rpl_alloc_instance
                0x0000b5fc       0x34 build/z1/contiki-ng-z1.a(rpl-dag.o)
                0x0000b5fc                rpl_alloc_instance
 .any.text.rpl_get_default_instance
                0x0000b630        0x6 build/z1/contiki-ng-z1.a(rpl-dag.o)
                0x0000b630                rpl_get_default_instance
 .any.text.rpl_add_parent
                0x0000b636       0x3a build/z1/contiki-ng-z1.a(rpl-dag.o)
                0x0000b636                rpl_add_parent
 .any.text.rpl_find_parent
                0x0000b670       0x1a build/z1/contiki-ng-z1.a(rpl-dag.o)
                0x0000b670                rpl_find_parent
 .any.text.rpl_find_parent_any_dag
                0x0000b68a       0x22 build/z1/contiki-ng-z1.a(rpl-dag.o)
                0x0000b68a                rpl_find_parent_any_dag
 .any.text.rpl_select_parent
                0x0000b6ac       0x70 build/z1/contiki-ng-z1.a(rpl-dag.o)
                0x0000b6ac                rpl_select_parent
 .any.text.rpl_select_dag
                0x0000b71c      0x172 build/z1/contiki-ng-z1.a(rpl-dag.o)
                0x0000b71c                rpl_select_dag
 .any.text.rpl_nullify_parent
                0x0000b88e       0x5c build/z1/contiki-ng-z1.a(rpl-dag.o)
                0x0000b88e                rpl_nullify_parent
 .any.text.rpl_remove_parent
                0x0000b8ea       0x16 build/z1/contiki-ng-z1.a(rpl-dag.o)
                0x0000b8ea                rpl_remove_parent
 .any.text.nbr_callback
                0x0000b900        0x6 build/z1/contiki-ng-z1.a(rpl-dag.o)
 .any.text.remove_parents.constprop.3
                0x0000b906       0x2c build/z1/contiki-ng-z1.a(rpl-dag.o)
 .any.text.rpl_free_dag
                0x0000b932       0x42 build/z1/contiki-ng-z1.a(rpl-dag.o)
                0x0000b932                rpl_free_dag
 .any.text.rpl_move_parent
                0x0000b974       0x60 build/z1/contiki-ng-z1.a(rpl-dag.o)
                0x0000b974                rpl_move_parent
 .any.text.rpl_has_downward_route
                0x0000b9d4       0x1c build/z1/contiki-ng-z1.a(rpl-dag.o)
                0x0000b9d4                rpl_has_downward_route
 .any.text.rpl_get_dag
                0x0000b9f0       0x5c build/z1/contiki-ng-z1.a(rpl-dag.o)
                0x0000b9f0                rpl_get_dag
 .any.text.rpl_get_any_dag
                0x0000ba4c       0x16 build/z1/contiki-ng-z1.a(rpl-dag.o)
                0x0000ba4c                rpl_get_any_dag
 .any.text.rpl_has_joined
                0x0000ba62       0x10 build/z1/contiki-ng-z1.a(rpl-dag.o)
                0x0000ba62                rpl_has_joined
 .any.text.rpl_get_instance
                0x0000ba72       0x16 build/z1/contiki-ng-z1.a(rpl-dag.o)
                0x0000ba72                rpl_get_instance
 .any.text.rpl_alloc_dag
                0x0000ba88       0x60 build/z1/contiki-ng-z1.a(rpl-dag.o)
                0x0000ba88                rpl_alloc_dag
 .any.text.rpl_repair_root
                0x0000bae8       0x4c build/z1/contiki-ng-z1.a(rpl-dag.o)
                0x0000bae8                rpl_repair_root
 .any.text.rpl_find_of
                0x0000bb34       0x10 build/z1/contiki-ng-z1.a(rpl-dag.o)
                0x0000bb34                rpl_find_of
 .any.text.rpl_set_root
                0x0000bb44      0x13c build/z1/contiki-ng-z1.a(rpl-dag.o)
                0x0000bb44                rpl_set_root
 .any.text.rpl_join_instance
                0x0000bc80      0x142 build/z1/contiki-ng-z1.a(rpl-dag.o)
                0x0000bc80                rpl_join_instance
 .any.text.rpl_local_repair
                0x0000bdc2       0x82 build/z1/contiki-ng-z1.a(rpl-dag.o)
                0x0000bdc2                rpl_local_repair
 .any.text.rpl_process_parent_event
                0x0000be44       0xaa build/z1/contiki-ng-z1.a(rpl-dag.o)
                0x0000be44                rpl_process_parent_event
 .any.text.rpl_recalculate_ranks
                0x0000beee       0x44 build/z1/contiki-ng-z1.a(rpl-dag.o)
                0x0000beee                rpl_recalculate_ranks
 .any.text.rpl_add_dag
                0x0000bf32      0x104 build/z1/contiki-ng-z1.a(rpl-dag.o)
                0x0000bf32                rpl_add_dag
 .any.text.rpl_process_dio
                0x0000c036      0x32c build/z1/contiki-ng-z1.a(rpl-dag.o)
                0x0000c036                rpl_process_dio
 .any.text.new_dio_interval
                0x0000c362       0x8a build/z1/contiki-ng-z1.a(rpl-timers.o)
 .any.text.handle_unicast_dio_timer
                0x0000c3ec       0x1c build/z1/contiki-ng-z1.a(rpl-timers.o)
 .any.text.set_dao_lifetime_timer
                0x0000c408       0x7e build/z1/contiki-ng-z1.a(rpl-timers.o)
 .any.text.handle_periodic_timer
                0x0000c486       0x50 build/z1/contiki-ng-z1.a(rpl-timers.o)
 .any.text.schedule_dao
                0x0000c4d6       0x72 build/z1/contiki-ng-z1.a(rpl-timers.o)
 .any.text.handle_dio_timer
                0x0000c548       0x88 build/z1/contiki-ng-z1.a(rpl-timers.o)
 .any.text.handle_dao_timer
                0x0000c5d0       0x64 build/z1/contiki-ng-z1.a(rpl-timers.o)
 .any.text.rpl_reset_periodic_timer
                0x0000c634       0x54 build/z1/contiki-ng-z1.a(rpl-timers.o)
                0x0000c634                rpl_reset_periodic_timer
 .any.text.rpl_reset_dio_timer
                0x0000c688       0x18 build/z1/contiki-ng-z1.a(rpl-timers.o)
                0x0000c688                rpl_reset_dio_timer
 .any.text.rpl_schedule_dao
                0x0000c6a0        0xc build/z1/contiki-ng-z1.a(rpl-timers.o)
                0x0000c6a0                rpl_schedule_dao
 .any.text.rpl_schedule_unicast_dio_immediately
                0x0000c6ac       0x16 build/z1/contiki-ng-z1.a(rpl-timers.o)
                0x0000c6ac                rpl_schedule_unicast_dio_immediately
 .any.text.get_probing_target
                0x0000c6c2       0xe0 build/z1/contiki-ng-z1.a(rpl-timers.o)
                0x0000c6c2                get_probing_target
 .any.text.rpl_schedule_probing
                0x0000c7a2       0x34 build/z1/contiki-ng-z1.a(rpl-timers.o)
                0x0000c7a2                rpl_schedule_probing
 .any.text.handle_probing_timer
                0x0000c7d6       0x76 build/z1/contiki-ng-z1.a(rpl-timers.o)
 .any.text.rpl_schedule_probing_now
                0x0000c84c       0x26 build/z1/contiki-ng-z1.a(rpl-timers.o)
                0x0000c84c                rpl_schedule_probing_now
 .any.text.update_hbh_header
                0x0000c872       0xaa build/z1/contiki-ng-z1.a(rpl-ext-header.)
 .any.text.insert_hbh_header
                0x0000c91c       0x80 build/z1/contiki-ng-z1.a(rpl-ext-header.)
 .any.text.rpl_ext_header_hbh_update
                0x0000c99c       0xcc build/z1/contiki-ng-z1.a(rpl-ext-header.)
                0x0000c99c                rpl_ext_header_hbh_update
 .any.text.rpl_ext_header_srh_get_next_hop
                0x0000ca68        0x4 build/z1/contiki-ng-z1.a(rpl-ext-header.)
                0x0000ca68                rpl_ext_header_srh_get_next_hop
 .any.text.rpl_ext_header_srh_update
                0x0000ca6c        0x4 build/z1/contiki-ng-z1.a(rpl-ext-header.)
                0x0000ca6c                rpl_ext_header_srh_update
 .any.text.rpl_ext_header_remove
                0x0000ca70       0xc0 build/z1/contiki-ng-z1.a(rpl-ext-header.)
                0x0000ca70                rpl_ext_header_remove
 .any.text.rpl_ext_header_update
                0x0000cb30       0x60 build/z1/contiki-ng-z1.a(rpl-ext-header.)
                0x0000cb30                rpl_ext_header_update
 .any.text.update_nbr
                0x0000cb90       0xae build/z1/contiki-ng-z1.a(rpl-nbr-policy.)
 .any.text.find_removable_dis
                0x0000cc3e       0x16 build/z1/contiki-ng-z1.a(rpl-nbr-policy.)
                0x0000cc3e                find_removable_dis
 .any.text.find_removable_dio
                0x0000cc54       0x3c build/z1/contiki-ng-z1.a(rpl-nbr-policy.)
                0x0000cc54                find_removable_dio
 .any.text.find_removable_dao
                0x0000cc90       0x34 build/z1/contiki-ng-z1.a(rpl-nbr-policy.)
                0x0000cc90                find_removable_dao
 .any.text.rpl_nbr_policy_find_removable
                0x0000ccc4       0x30 build/z1/contiki-ng-z1.a(rpl-nbr-policy.)
                0x0000ccc4                rpl_nbr_policy_find_removable
 .any.text.reset
                0x0000ccf4        0x2 build/z1/contiki-ng-z1.a(rpl-mrhof.o)
 .any.text.update_metric_container
                0x0000ccf6        0x6 build/z1/contiki-ng-z1.a(rpl-mrhof.o)
 .any.text.parent_link_metric
                0x0000ccfc       0x12 build/z1/contiki-ng-z1.a(rpl-mrhof.o)
 .any.text.parent_has_usable_link
                0x0000cd0e       0x14 build/z1/contiki-ng-z1.a(rpl-mrhof.o)
 .any.text.best_dag
                0x0000cd22       0x2e build/z1/contiki-ng-z1.a(rpl-mrhof.o)
 .any.text.parent_path_cost
                0x0000cd50       0x40 build/z1/contiki-ng-z1.a(rpl-mrhof.o)
 .any.text.parent_is_acceptable
                0x0000cd90       0x2a build/z1/contiki-ng-z1.a(rpl-mrhof.o)
 .any.text.rank_via_parent
                0x0000cdba       0x4e build/z1/contiki-ng-z1.a(rpl-mrhof.o)
 .any.text.best_parent
                0x0000ce08       0x76 build/z1/contiki-ng-z1.a(rpl-mrhof.o)
 .any.text.i2c_receiveinit
                0x0000ce7e       0x36 build/z1/contiki-ng-z1.a(i2cmaster.o)
                0x0000ce7e                i2c_receiveinit
 .any.text.i2c_transmitinit
                0x0000ceb4       0x30 build/z1/contiki-ng-z1.a(i2cmaster.o)
                0x0000ceb4                i2c_transmitinit
 .any.text.i2c_receive_n
                0x0000cee4       0x3e build/z1/contiki-ng-z1.a(i2cmaster.o)
                0x0000cee4                i2c_receive_n
 .any.text.i2c_busy
                0x0000cf22        0xa build/z1/contiki-ng-z1.a(i2cmaster.o)
                0x0000cf22                i2c_busy
 .any.text.i2c_enable
                0x0000cf2c       0x22 build/z1/contiki-ng-z1.a(i2cmaster.o)
                0x0000cf2c                i2c_enable
 .any.text.i2c_transmit_n
                0x0000cf4e       0x14 build/z1/contiki-ng-z1.a(i2cmaster.o)
                0x0000cf4e                i2c_transmit_n
 .any.text.status
                0x0000cf62       0x18 build/z1/contiki-ng-z1.a(button-sensor.o)
 .any.text.value
                0x0000cf7a       0x20 build/z1/contiki-ng-z1.a(button-sensor.o)
 .any.text.configure
                0x0000cf9a       0x4e build/z1/contiki-ng-z1.a(button-sensor.o)
 .any.text.malloc
                0x0000cfe8       0xbe /usr/local/bin/../lib/gcc/msp430/4.7.2/../../../../msp430/lib/mcpu-430x/mmpy-16/msr20/mc20/libc.a(malloc.o)
                0x0000cfe8                malloc
 .any.text.free
                0x0000d0a6        0x6 /usr/local/bin/../lib/gcc/msp430/4.7.2/../../../../msp430/lib/mcpu-430x/mmpy-16/msr20/mc20/libc.a(malloc.o)
                0x0000d0a6                free
 .any.text.printf
                0x0000d0ac       0x10 /usr/local/bin/../lib/gcc/msp430/4.7.2/../../../../msp430/lib/mcpu-430x/mmpy-16/msr20/mc20/libc.a(printf.o)
                0x0000d0ac                printf
 .any.text.append
                0x0000d0bc       0x22 /usr/local/bin/../lib/gcc/msp430/4.7.2/../../../../msp430/lib/mcpu-430x/mmpy-16/msr20/mc20/libc.a(sprintf.o)
 .any.text.call_vuprintf
                0x0000d0de       0x36 /usr/local/bin/../lib/gcc/msp430/4.7.2/../../../../msp430/lib/mcpu-430x/mmpy-16/msr20/mc20/libc.a(sprintf.o)
 .any.text.snprintf
                0x0000d114       0x1c /usr/local/bin/../lib/gcc/msp430/4.7.2/../../../../msp430/lib/mcpu-430x/mmpy-16/msr20/mc20/libc.a(sprintf.o)
                0x0000d114                snprintf
 .any.text.print_field
                0x0000d130      0x176 /usr/local/bin/../lib/gcc/msp430/4.7.2/../../../../msp430/lib/mcpu-430x/mmpy-16/msr20/mc20/libc.a(vuprintf.o)
 .any.text.vuprintf
                0x0000d2a6      0x742 /usr/local/bin/../lib/gcc/msp430/4.7.2/../../../../msp430/lib/mcpu-430x/mmpy-16/msr20/mc20/libc.a(vuprintf.o)
                0x0000d2a6                vuprintf
 .any.text.puts
                0x0000d9e8       0x2c /usr/local/bin/../lib/gcc/msp430/4.7.2/../../../../msp430/lib/mcpu-430x/mmpy-16/msr20/mc20/libc.a(puts.o)
                0x0000d9e8                puts
 .any.text.rand
                0x0000da14       0x26 /usr/local/bin/../lib/gcc/msp430/4.7.2/../../../../msp430/lib/mcpu-430x/mmpy-16/msr20/mc20/libc.a(rand.o)
                0x0000da14                rand
 .any.text.srand
                0x0000da3a        0xa /usr/local/bin/../lib/gcc/msp430/4.7.2/../../../../msp430/lib/mcpu-430x/mmpy-16/msr20/mc20/libc.a(rand.o)
                0x0000da3a                srand
 .any.text.memcmp
                0x0000da44       0x2c /usr/local/bin/../lib/gcc/msp430/4.7.2/../../../../msp430/lib/mcpu-430x/mmpy-16/msr20/mc20/libc.a(memcmp.o)
                0x0000da44                memcmp
 .any.text.memcpy
                0x0000da70       0xe8 /usr/local/bin/../lib/gcc/msp430/4.7.2/../../../../msp430/lib/mcpu-430x/mmpy-16/msr20/mc20/libc.a(memcpy.o)
                0x0000da70                memcpy
 .any.text.memmove
                0x0000db58       0xe8 /usr/local/bin/../lib/gcc/msp430/4.7.2/../../../../msp430/lib/mcpu-430x/mmpy-16/msr20/mc20/libc.a(memmove.o)
                0x0000db58                memmove
 .any.text.memset
                0x0000dc40       0x5c /usr/local/bin/../lib/gcc/msp430/4.7.2/../../../../msp430/lib/mcpu-430x/mmpy-16/msr20/mc20/libc.a(memset.o)
                0x0000dc40                memset

.rodata         0x0000dc9c      0x621
                0x0000dc9c                . = ALIGN (0x2)
 *(.rodata .rodata.* .gnu.linkonce.r.*)
 .rodata.process_thread_udp_server_process
                0x0000dc9c      0x202 cluster_head.o
 .rodata.autostart_processes
                0x0000de9e        0x4 cluster_head.o
                0x0000de9e                autostart_processes
 .rodata        0x0000dea2       0x13 cluster_head.o
 .rodata        0x0000deb5       0xf2 build/z1/obj/contiki-main.o
 *fill*         0x0000dfa7        0x1 00
 .rodata.get_value
                0x0000dfa8       0x64 build/z1/contiki-ng-z1.a(cc2420.o)
 .rodata.set_value
                0x0000e00c       0x20 build/z1/contiki-ng-z1.a(cc2420.o)
 .rodata.cc2420_driver
                0x0000e02c       0x38 build/z1/contiki-ng-z1.a(cc2420.o)
                0x0000e02c                cc2420_driver
 .rodata        0x0000e064        0xe build/z1/contiki-ng-z1.a(cc2420.o)
 .rodata.output_power
                0x0000e072       0x10 build/z1/contiki-ng-z1.a(cc2420.o)
 .rodata.platform_init_stage_three
                0x0000e082       0x30 build/z1/contiki-ng-z1.a(platform.o)
 .rodata.log_6addr
                0x0000e0b2        0x3 build/z1/contiki-ng-z1.a(log.o)
 .rodata.log_lladdr
                0x0000e0b5       0x14 build/z1/contiki-ng-z1.a(log.o)
 .rodata        0x0000e0c9        0xc build/z1/contiki-ng-z1.a(etimer.o)
 .rodata        0x0000e0d5        0xf build/z1/contiki-ng-z1.a(ctimer.o)
 .rodata.process_thread_stack_check_process
                0x0000e0e4       0x5e build/z1/contiki-ng-z1.a(stack-check.o)
 .rodata        0x0000e142        0xc build/z1/contiki-ng-z1.a(stack-check.o)
 .rodata.linkaddr_null
                0x0000e14e        0x8 build/z1/contiki-ng-z1.a(linkaddr.o)
                0x0000e14e                linkaddr_null
 .rodata        0x0000e156        0x5 build/z1/contiki-ng-z1.a(csma.o)
 *fill*         0x0000e15b        0x1 00
 .rodata.csma_driver
                0x0000e15c       0x1a build/z1/contiki-ng-z1.a(csma.o)
                0x0000e15c                csma_driver